┏━━━━━━━━━━━━━━━━━━━━━━┳━━━━━━━━━━┳━━━━━━━━━━┳━━━━━━━━━━┳━━━━━━━━━━┳━━━━━━━━━━━┳━━━━━━━━━━┳━━━━━━━━━━━┳━━━━━━━━━━┳━━━━━━━━━━━┳━━━━━━━━━━┳━━━━━━━━━━━┳━━━━━━━━━━┓
┃                      ┃ Hold     ┃ Reg to   ┃          ┃          ┃ of which  ┃ Setup    ┃           ┃          ┃           ┃ of which ┃           ┃          ┃
┃                      ┃ Worst    ┃ Reg      ┃          ┃ Hold Vio ┃ reg to    ┃ Worst    ┃ Reg to    ┃ Setup    ┃ Setup Vio ┃ reg to   ┃ Max Cap   ┃ Max Slew ┃
┃ Corner/Group         ┃ Slack    ┃ Paths    ┃ Hold TNS ┃ Count    ┃ reg       ┃ Slack    ┃ Reg Paths ┃ TNS      ┃ Count     ┃ reg      ┃ Violatio… ┃ Violati… ┃
┡━━━━━━━━━━━━━━━━━━━━━━╇━━━━━━━━━━╇━━━━━━━━━━╇━━━━━━━━━━╇━━━━━━━━━━╇━━━━━━━━━━━╇━━━━━━━━━━╇━━━━━━━━━━━╇━━━━━━━━━━╇━━━━━━━━━━━╇━━━━━━━━━━╇━━━━━━━━━━━╇━━━━━━━━━━┩
│ Overall              │ 0.0395   │ 0.0395   │ 0.0000   │ 0        │ 0         │ 0.1971   │ 0.1971    │ 0.0000   │ 0         │ 0        │ 646       │ 33927    │
│ nom_tt_025C_1v80     │ 0.1647   │ 0.1647   │ 0.0000   │ 0        │ 0         │ 9.7182   │ 9.7182    │ 0.0000   │ 0         │ 0        │ 235       │ 5681     │
│ nom_ss_100C_1v60     │ 0.6370   │ 0.6370   │ 0.0000   │ 0        │ 0         │ 0.1971   │ 0.1971    │ 0.0000   │ 0         │ 0        │ 646       │ 33927    │
│ nom_ff_n40C_1v95     │ 0.0395   │ 0.0395   │ 0.0000   │ 0        │ 0         │ 12.1854  │ 12.1854   │ 0.0000   │ 0         │ 0        │ 197       │ 2883     │
└──────────────────────┴──────────┴──────────┴──────────┴──────────┴───────────┴──────────┴───────────┴──────────┴───────────┴──────────┴───────────┴──────────┘
