┏━━━━━━━━━━━━━━━━━━━━━━┳━━━━━━━━━━┳━━━━━━━━━━┳━━━━━━━━━━┳━━━━━━━━━━┳━━━━━━━━━━━┳━━━━━━━━━━┳━━━━━━━━━━━┳━━━━━━━━━━┳━━━━━━━━━━━┳━━━━━━━━━━┳━━━━━━━━━━━┳━━━━━━━━━━┓
┃                      ┃ Hold     ┃ Reg to   ┃          ┃          ┃ of which  ┃ Setup    ┃           ┃          ┃           ┃ of which ┃           ┃          ┃
┃                      ┃ Worst    ┃ Reg      ┃          ┃ Hold Vio ┃ reg to    ┃ Worst    ┃ Reg to    ┃ Setup    ┃ Setup Vio ┃ reg to   ┃ Max Cap   ┃ Max Slew ┃
┃ Corner/Group         ┃ Slack    ┃ Paths    ┃ Hold TNS ┃ Count    ┃ reg       ┃ Slack    ┃ Reg Paths ┃ TNS      ┃ Count     ┃ reg      ┃ Violatio… ┃ Violati… ┃
┡━━━━━━━━━━━━━━━━━━━━━━╇━━━━━━━━━━╇━━━━━━━━━━╇━━━━━━━━━━╇━━━━━━━━━━╇━━━━━━━━━━━╇━━━━━━━━━━╇━━━━━━━━━━━╇━━━━━━━━━━╇━━━━━━━━━━━╇━━━━━━━━━━╇━━━━━━━━━━━╇━━━━━━━━━━┩
│ Overall              │ -0.3815  │ -0.3815  │ -14.6795 │ 160      │ 160       │ -9.0828  │ -9.0828   │ -10639.… │ 2521      │ 2493     │ 662       │ 30668    │
│ nom_tt_025C_1v80     │ -0.3233  │ -0.3233  │ -6.9960  │ 48       │ 48        │ 2.2100   │ 2.2100    │ 0.0000   │ 0         │ 0        │ 266       │ 6848     │
│ nom_ss_100C_1v60     │ 0.2266   │ 0.2266   │ 0.0000   │ 0        │ 0         │ -9.0828  │ -9.0828   │ -10639.… │ 2521      │ 2493     │ 662       │ 30668    │
│ nom_ff_n40C_1v95     │ -0.3815  │ -0.3815  │ -14.6795 │ 112      │ 112       │ 4.3748   │ 4.3748    │ 0.0000   │ 0         │ 0        │ 219       │ 3396     │
└──────────────────────┴──────────┴──────────┴──────────┴──────────┴───────────┴──────────┴───────────┴──────────┴───────────┴──────────┴───────────┴──────────┘
