Open On-Chip Debugger 0.12.0+dev-geb01c63 (2026-05-08-21:45)
Licensed under GNU GPL v2
For bug reports, read
	http://openocd.org/doc/doxygen/bugs.html
Info : Initializing remote_bitbang driver
Info : Connecting to localhost:9999
Info : remote_bitbang driver initialized
Info : Note: The adapter "remote_bitbang" doesn't support configurable speed
Info : JTAG tap: blogic.cpu tap/device found: 0x0b1061c1 (mfg: 0x0e0 (Truevision), part: 0xb106, ver: 0x0)
Info : [blogic.cpu] datacount=2 progbufsize=8
Info : [blogic.cpu] Examined RISC-V core
Info : [blogic.cpu]  XLEN=32, misa=0x40001104
[blogic.cpu] Target successfully examined.
Info : [blogic.cpu] Examination succeed
Info : [blogic.cpu] starting gdb server on 3333
Info : Listening on port 3333 for gdb connections
blogic.cpu halted due to debug-request.
== DEMO: halt ==
blogic.cpu halted due to debug-request.
== DEMO: registers ==
pc (/32): 0x0001011a
a0 (/32): 0x00000000
-- a0 yaz 0x12345678 --
a0 (/32): 0x12345678
-- a0 geri oku --
a0 (/32): 0x12345678
== DEMO: step ==
-- step oncesi pc --
pc (/32): 0x0001011a
Info : [blogic.cpu] Found 1 triggers
blogic.cpu halted due to single-step.
-- step sonrasi pc (2 bayt ilerlemis olmali) --
pc (/32): 0x0001011c
== DEMO: CSR ==
mstatus (/32): 0x00001800
misa (/32): 0x40001104
== DEMO: memory (progbuf) ==
0x00021000: cafef00d
0x00021000: cafef00d 11223344
== DEMO: block memory (8 sozcuk) ==
0x00021000: b10c0000 b10c0001 b10c0002 b10c0003 b10c0004 b10c0005 b10c0006 b10c0007
== DEMO: MMIO (UART0 TDR <- 0x41 'A') ==
== DEMO: resume/halt ==
blogic.cpu halted due to debug-request.
pc (/32): 0x0001011a
== DEMO: breakpoint ==
pc (/32): 0x0001011a
-- bp 0x0001011a 4 hw --
breakpoint set at 0x0001011a
-- resume + wait_halt (tetikleyici bekleniyor) --
blogic.cpu halted due to breakpoint.
-- breakpoint: pc (bp adresi 0x0001011a beklenir) --
pc (/32): 0x0001011a
-- rbp 0x0001011a --
== DEMO: watchpoint (negatif, veri tetikleyici YOK) ==
Error: [blogic.cpu] can't add write watchpoint at 0x00021000, resource not available
Error: [blogic.cpu] Failure setting watchpoints
-- wp hata (beklenen):  --
== DEMO: reset halt ==
-- reset halt (ndmreset + haltreq) --
Info : JTAG tap: blogic.cpu tap/device found: 0x0b1061c1 (mfg: 0x0e0 (Truevision), part: 0xb106, ver: 0x0)
-- reset vektoru: pc (0x00010000 beklenir) --
pc (/32): 0x00010000
-- resume, 300 ms kos (firmware bastan), halt --
blogic.cpu halted due to debug-request.
-- firmware yeniden kosuyor: pc (0x0001xxxx beklenir) --
pc (/32): 0x0001011a
== DEMO: reset run ==
Info : JTAG tap: blogic.cpu tap/device found: 0x0b1061c1 (mfg: 0x0e0 (Truevision), part: 0xb106, ver: 0x0)
blogic.cpu halted due to debug-request.
-- reset run sonrasi pc (0x0001xxxx beklenir) --
pc (/32): 0x0001011a
== DEMO: done ==
shutdown command invoked
Info : remote_bitbang interface quit
