Open On-Chip Debugger 0.12.0+dev-geb01c63 (2026-05-08-21:45)
Licensed under GNU GPL v2
For bug reports, read
	http://openocd.org/doc/doxygen/bugs.html
Info : clock speed 5000 kHz
Info : JTAG tap: xc7k325t.tap tap/device found: 0x43651093 (mfg: 0x049 (Xilinx), part: 0x3651, ver: 0x4)
Info : [xc7k325t.cpu] datacount=2 progbufsize=8
Info : [xc7k325t.cpu] Examined RISC-V core
Info : [xc7k325t.cpu]  XLEN=32, misa=0x40001104
[xc7k325t.cpu] Target successfully examined.
Info : [xc7k325t.cpu] Examination succeed
Info : [xc7k325t.cpu] starting gdb server on 3333
Info : Listening on port 3333 for gdb connections
xc7k325t.cpu halted due to debug-request.
== DEMO: halt ==
xc7k325t.cpu halted due to debug-request.
== DEMO: registers ==
pc (/32): 0x000104fe
a0 (/32): 0x00000000
-- a0 yaz 0x12345678 --
a0 (/32): 0x12345678
-- a0 geri oku --
a0 (/32): 0x12345678
== DEMO: step ==
-- step oncesi pc --
pc (/32): 0x000104fe
Info : [xc7k325t.cpu] Found 1 triggers
xc7k325t.cpu halted due to single-step.
-- step sonrasi pc (2 bayt ilerlemis olmali) --
pc (/32): 0x00010500
== DEMO: CSR ==
mstatus (/32): 0x00001888
misa (/32): 0x40001104
== DEMO: memory (progbuf) ==
0x00021000: cafef00d
0x00021000: cafef00d 11223344
== DEMO: block memory (8 sozcuk) ==
0x00021000: b10c0000 b10c0001 b10c0002 b10c0003 b10c0004 b10c0005 b10c0006 b10c0007
== DEMO: MMIO (UART0 TDR <- 0x41 'A') ==
== DEMO: resume/halt ==
xc7k325t.cpu halted due to debug-request.
pc (/32): 0x000104fa
== DEMO: breakpoint ==
pc (/32): 0x000104fa
-- bp 0x000104fa 4 hw --
breakpoint set at 0x000104fa
-- resume + wait_halt (tetikleyici bekleniyor) --
xc7k325t.cpu halted due to breakpoint.
-- breakpoint: pc (bp adresi 0x000104fa beklenir) --
pc (/32): 0x000104fa
-- rbp 0x000104fa --
== DEMO: watchpoint (negatif, veri tetikleyici YOK) ==
Error: [xc7k325t.cpu] can't add write watchpoint at 0x00021000, resource not available
Error: [xc7k325t.cpu] Failure setting watchpoints
-- wp hata (beklenen):  --
== DEMO: reset halt ==
-- reset halt (ndmreset + haltreq) --
Info : JTAG tap: xc7k325t.tap tap/device found: 0x43651093 (mfg: 0x049 (Xilinx), part: 0x3651, ver: 0x4)
-- reset vektoru: pc (0x00010000 beklenir) --
pc (/32): 0x00000000
-- resume, 300 ms kos (firmware bastan), halt --
xc7k325t.cpu halted due to debug-request.
-- firmware yeniden kosuyor: pc (0x0001xxxx beklenir) --
pc (/32): 0x00010500
== DEMO: reset run ==
Info : JTAG tap: xc7k325t.tap tap/device found: 0x43651093 (mfg: 0x049 (Xilinx), part: 0x3651, ver: 0x4)
xc7k325t.cpu halted due to debug-request.
-- reset run sonrasi pc (0x0001xxxx beklenir) --
pc (/32): 0x000104fe
== DEMO: done ==
shutdown command invoked
