
===========================================================================
 report_power
============================================================================
======================= nom_ff_n40C_1v95 Corner ===================================

Group                    Internal    Switching      Leakage        Total
                            Power        Power        Power        Power (Watts)
------------------------------------------------------------------------
Sequential           2.319619e-02 3.127195e-04 2.208276e-07 2.350913e-02  18.9%
Combinational        8.921064e-04 1.263913e-03 1.179262e-06 2.157199e-03   1.7%
Clock                1.116601e-02 1.353544e-02 7.793728e-06 2.470924e-02  19.8%
Macro                7.372157e-02 0.000000e+00 4.703921e-04 7.419196e-02  59.6%
Pad                  0.000000e+00 0.000000e+00 0.000000e+00 0.000000e+00   0.0%
------------------------------------------------------------------------
Total                1.089702e-01 1.511207e-02 4.793093e-04 1.245616e-01 100.0%
                            87.5%        12.1%         0.4%

