Clock: clk
Sources: clk_i 
Generated: no
Virtual: yes
Propagated: no
Period: 20.000000

===========================================================================
report_clock_properties
============================================================================
Clock                   Period          Waveform
----------------------------------------------------
clk                  20.000000    0.000000 10.000000

===========================================================================
report_clock_latency
============================================================================
Clock clk
rise -> rise
    min     max
0.000000 0.000000 source latency
3.310276         network latency i_soc.i_ai_accel._22878_/CLK
        5.191835 network latency i_soc.i_data_sram.u_sram.gen_bank[0].gen_512.u_macro/clk0
---------------
3.310276 5.191835 latency
        1.881559 skew

fall -> fall
    min     max
0.000000 0.000000 source latency
3.298436         network latency i_soc.i_ai_accel._22878_/CLK
        4.760856 network latency i_soc.i_data_sram.u_sram.gen_bank[0].gen_512.u_macro/clk0
---------------
3.298436 4.760856 latency
        1.462420 skew



===========================================================================
report_clock_min_period
============================================================================
clk period_min = 15.96 fmax = 62.66
Clock: jtag_tck
Sources: jtag_tck_i 
Generated: no
Virtual: yes
Propagated: no
Period: 100.000000

===========================================================================
report_clock_properties
============================================================================
Clock                   Period          Waveform
----------------------------------------------------
jtag_tck            100.000000    0.000000 50.000000

===========================================================================
report_clock_latency
============================================================================
Clock jtag_tck
rise -> rise
    min     max
0.000000 0.000000 source latency
0.678650         network latency i_soc.i_dmi_jtag.i_dmi_jtag_tap._256_/CLK
        1.019827 network latency i_soc.i_dmi_jtag.i_dmi_cdc.i_cdc_req.i_cdc_reset_ctrlr.i_cdc_reset_ctrlr_half_a._75_/CLK
---------------
0.678650 1.019827 latency
        0.341176 skew

rise -> fall
    min     max
0.000000 0.000000 source latency
1.016556         network latency i_soc.i_dmi_jtag.i_dmi_jtag_tap._238_/CLK
        1.016556 network latency i_soc.i_dmi_jtag.i_dmi_jtag_tap._238_/CLK
---------------
1.016556 1.016556 latency
        0.000000 skew

fall -> rise
    min     max
0.000000 0.000000 source latency
0.920018         network latency i_soc.i_dmi_jtag.i_dmi_jtag_tap._238_/CLK
        0.920018 network latency i_soc.i_dmi_jtag.i_dmi_jtag_tap._238_/CLK
---------------
0.920018 0.920018 latency
        0.000000 skew

fall -> fall
    min     max
0.000000 0.000000 source latency
0.738503         network latency i_soc.i_dmi_jtag.i_dmi_jtag_tap._256_/CLK
        1.013198 network latency i_soc.i_dmi_jtag.i_dmi_cdc.i_cdc_req.i_cdc_reset_ctrlr.i_cdc_reset_ctrlr_half_a._75_/CLK
---------------
0.738503 1.013198 latency
        0.274696 skew



===========================================================================
report_clock_min_period
============================================================================
jtag_tck period_min = 5.85 fmax = 171.05
