
===========================================================================
 report_power
============================================================================
======================= nom_tt_025C_1v80 Corner ===================================

Group                    Internal    Switching      Leakage        Total
                            Power        Power        Power        Power (Watts)
------------------------------------------------------------------------
Sequential           1.085954e-02 1.768771e-04 1.057621e-07 1.103652e-02  17.2%
Combinational        4.774813e-04 6.653172e-04 3.740281e-07 1.143172e-03   1.8%
Clock                5.317139e-03 6.218155e-03 6.627864e-06 1.154192e-02  18.0%
Macro                3.984949e-02 0.000000e+00 4.703921e-04 4.031989e-02  63.0%
Pad                  0.000000e+00 0.000000e+00 0.000000e+00 0.000000e+00   0.0%
------------------------------------------------------------------------
Total                5.650049e-02 7.060334e-03 4.771567e-04 6.403799e-02 100.0%
                            88.2%        11.0%         0.7%

