
===========================================================================
Violator List
============================================================================
[hold reg-reg] i_soc.i_obi_axi_instr._250_/Q -> i_soc.i_instr_sram.u_sram.gen_bank[1].gen_512.u_macro/addr1[3] : -0.308748
[hold reg-reg] i_soc.i_obi_axi_instr._250_/Q -> i_soc.i_instr_sram.u_sram.gen_bank[3].gen_512.u_macro/addr1[3] : -0.279543
[hold reg-reg] i_soc.i_cpu.core_i.sleep_unit_i._5_/Q -> i_soc.i_cpu.core_i.id_stage_i.controller_i._503_/D : -0.261507
[hold reg-reg] i_soc.i_crossbar._0566_/Q -> i_soc.i_data_sram.u_sram.gen_bank[0].gen_512.u_macro/csb0 : -0.242967
[hold reg-reg] i_soc.i_dm_top.i_dm_mem._1169_/Q -> i_soc.i_cpu.core_i.if_stage_i.prefetch_buffer_i.fifo_i._214_/D : -0.208933
[hold reg-reg] i_soc.i_crossbar._0563_/Q -> i_soc.i_instr_sram.u_sram.gen_bank[1].gen_512.u_macro/csb1 : -0.205718
[hold reg-reg] i_soc.i_dm_top.i_dm_mem._1171_/Q -> i_soc.i_cpu.core_i.if_stage_i.prefetch_buffer_i.fifo_i._216_/D : -0.199186
[hold reg-reg] i_soc.i_dm_top.i_dm_mem._1171_/Q -> i_soc.i_cpu.core_i.if_stage_i.prefetch_buffer_i.fifo_i._247_/D : -0.197621
[hold reg-reg] i_soc.i_dm_top.i_dm_mem._1169_/Q -> i_soc.i_cpu.core_i.if_stage_i.prefetch_buffer_i.fifo_i._245_/D : -0.183713
[hold reg-reg] i_soc.i_dm_top.i_dm_mem._1161_/Q -> i_soc.i_cpu.core_i.if_stage_i.prefetch_buffer_i.fifo_i._269_/D : -0.159865
[hold reg-reg] i_soc.i_dm_top.i_dm_mem._1140_/Q -> i_soc.i_cpu.core_i.if_stage_i.prefetch_buffer_i.fifo_i._248_/D : -0.158551
[hold reg-reg] i_soc.i_dm_top.i_dm_mem._1161_/Q -> i_soc.i_cpu.core_i.if_stage_i.prefetch_buffer_i.fifo_i._238_/D : -0.157880
[hold reg-reg] i_soc.i_dm_top.i_dm_mem._1145_/Q -> i_soc.i_cpu.core_i.if_stage_i.prefetch_buffer_i.fifo_i._253_/D : -0.153442
[hold reg-reg] i_soc.i_dm_top.i_dm_mem._1181_/Q -> i_soc.i_cpu.core_i.if_stage_i.prefetch_buffer_i.fifo_i._226_/D : -0.153140
[hold reg-reg] i_soc.i_dm_top.i_dm_mem._1145_/Q -> i_soc.i_cpu.core_i.if_stage_i.prefetch_buffer_i.fifo_i._222_/D : -0.152128
[hold reg-reg] i_soc.i_ai_accel._23018_/Q -> i_soc.i_ai_accel.u_conv_out.gen_bank[1].gen_512.u_macro/addr1[1] : -0.151974
[hold reg-reg] i_soc.i_dm_top.i_dm_mem._1158_/Q -> i_soc.i_cpu.core_i.if_stage_i.prefetch_buffer_i.fifo_i._266_/D : -0.151943
[hold reg-reg] i_soc.i_dm_top.i_dm_mem._1180_/Q -> i_soc.i_cpu.core_i.if_stage_i.prefetch_buffer_i.fifo_i._225_/D : -0.149655
[hold reg-reg] i_soc.i_dm_top.i_dm_mem._1181_/Q -> i_soc.i_cpu.core_i.if_stage_i.prefetch_buffer_i.fifo_i._257_/D : -0.149413
[hold reg-reg] i_soc.i_dm_top.i_dm_mem._1173_/Q -> i_soc.i_cpu.core_i.if_stage_i.prefetch_buffer_i.fifo_i._249_/D : -0.147218
[hold reg-reg] i_soc.i_instr_sram._30_/Q -> i_soc.i_instr_sram.u_sram.gen_bank[1].gen_512.u_macro/csb0 : -0.145373
[hold reg-reg] i_soc.i_dm_top.i_dm_mem._1158_/Q -> i_soc.i_cpu.core_i.if_stage_i.prefetch_buffer_i.fifo_i._235_/D : -0.143630
[hold reg-reg] i_soc.i_dm_top.i_dm_mem._1166_/Q -> i_soc.i_cpu.core_i.if_stage_i.prefetch_buffer_i.fifo_i._211_/D : -0.143147
[hold reg-reg] i_soc.i_dm_top.i_dm_mem._1166_/Q -> i_soc.i_cpu.core_i.if_stage_i.prefetch_buffer_i.fifo_i._242_/D : -0.142879
[hold reg-reg] i_soc.i_obi_axi_data._316_/Q -> i_soc.i_cpu.core_i.load_store_unit_i._1111_/D : -0.141373
[hold reg-reg] i_soc.i_dm_top.i_dm_mem._1173_/Q -> i_soc.i_cpu.core_i.if_stage_i.prefetch_buffer_i.fifo_i._218_/D : -0.139418
[hold reg-reg] i_soc.i_dm_top.i_dm_mem._1140_/Q -> i_soc.i_cpu.core_i.if_stage_i.prefetch_buffer_i.fifo_i._217_/D : -0.137689
[hold reg-reg] i_soc.i_dm_top.i_dm_mem._1180_/Q -> i_soc.i_cpu.core_i.if_stage_i.prefetch_buffer_i.fifo_i._256_/D : -0.137454
[hold reg-reg] i_soc.i_dm_top.i_dm_mem._1160_/Q -> i_soc.i_cpu.core_i.if_stage_i.prefetch_buffer_i.fifo_i._268_/D : -0.130574
[hold reg-reg] i_soc.i_dm_top.i_dm_mem._1160_/Q -> i_soc.i_cpu.core_i.if_stage_i.prefetch_buffer_i.fifo_i._237_/D : -0.130480
[hold reg-reg] i_soc.i_uart_1._1786_/Q -> i_soc.i_cpu.core_i.id_stage_i.int_controller_i._118_/D : -0.119334
[hold reg-reg] i_soc.i_obi_axi_data._291_/Q -> i_soc.i_instr_sram.u_sram.gen_bank[1].gen_512.u_macro/din0[10] : -0.118047
[hold reg-reg] i_soc.i_dm_top.i_dm_mem._1164_/Q -> i_soc.i_cpu.core_i.if_stage_i.prefetch_buffer_i.fifo_i._209_/D : -0.115252
[hold reg-reg] i_soc.i_dm_top.i_dm_mem._1165_/Q -> i_soc.i_cpu.core_i.if_stage_i.prefetch_buffer_i.fifo_i._210_/D : -0.107186
[hold reg-reg] i_soc.i_cpu.core_i.id_stage_i.controller_i._501_/Q -> i_soc.i_cpu.core_i.id_stage_i.controller_i._512_/D : -0.106823
[hold reg-reg] i_soc.i_dm_top.i_dm_mem._1164_/Q -> i_soc.i_cpu.core_i.if_stage_i.prefetch_buffer_i.fifo_i._208_/D : -0.105111
[hold reg-reg] i_soc.i_dm_top.i_dm_mem._1178_/Q -> i_soc.i_cpu.core_i.if_stage_i.prefetch_buffer_i.fifo_i._254_/D : -0.103110
[hold reg-reg] i_soc.i_dm_top.i_dm_mem._1165_/Q -> i_soc.i_cpu.core_i.if_stage_i.prefetch_buffer_i.fifo_i._241_/D : -0.099727
[hold reg-reg] i_soc.i_dm_top.i_dm_mem._1174_/Q -> i_soc.i_cpu.core_i.if_stage_i.prefetch_buffer_i.fifo_i._219_/D : -0.098468
[hold reg-reg] i_soc.i_cpu.core_i.id_stage_i.controller_i._501_/Q -> i_soc.i_cpu.core_i.id_stage_i._3778_/D : -0.094392
[hold reg-reg] i_soc.i_dm_top.i_dm_mem._1174_/Q -> i_soc.i_cpu.core_i.if_stage_i.prefetch_buffer_i.fifo_i._250_/D : -0.094273
[hold reg-reg] i_soc.i_dm_top.i_dm_mem._1178_/Q -> i_soc.i_cpu.core_i.if_stage_i.prefetch_buffer_i.fifo_i._223_/D : -0.093809
[hold reg-reg] i_soc.i_cpu.core_i.id_stage_i.controller_i._501_/Q -> i_soc.i_cpu.core_i.id_stage_i._3779_/D : -0.091690
[hold reg-reg] i_soc.i_dm_top.i_dm_mem._1195_/Q -> i_soc.i_cpu.core_i.if_stage_i.prefetch_buffer_i.fifo_i._271_/D : -0.089073
[hold reg-reg] i_soc.i_dm_top.i_dm_mem._1195_/Q -> i_soc.i_cpu.core_i.if_stage_i.prefetch_buffer_i.fifo_i._240_/D : -0.088549
[hold reg-reg] i_soc.i_ai_accel._23143_/Q -> i_soc.i_ai_accel.u_input_mem/addr0[3] : -0.085616
[hold reg-reg] i_soc.i_boot_rom._471_/Q -> i_soc.i_cpu.core_i.if_stage_i.prefetch_buffer_i.instruction_obi_i._305_/D : -0.083207
[hold reg-reg] i_soc.i_ai_accel._23023_/Q -> i_soc.i_ai_accel.u_conv_out.gen_bank[1].gen_512.u_macro/addr1[6] : -0.079178
[hold reg-reg] i_soc.i_dm_top.i_dm_mem._1183_/Q -> i_soc.i_cpu.core_i.if_stage_i.prefetch_buffer_i.fifo_i._228_/D : -0.077679
[hold reg-reg] i_soc.i_dm_top.i_dm_mem._1183_/Q -> i_soc.i_cpu.core_i.if_stage_i.prefetch_buffer_i.fifo_i._259_/D : -0.076397
[hold reg-reg] i_soc.i_obi_axi_data._307_/Q -> i_soc.i_data_sram.u_sram.gen_bank[0].gen_512.u_macro/din0[26] : -0.069920
[hold reg-reg] i_soc.i_obi_axi_instr._255_/Q -> i_soc.i_instr_sram.u_sram.gen_bank[3].gen_512.u_macro/addr1[8] : -0.068825
[hold reg-reg] i_soc.i_ai_accel._23019_/Q -> i_soc.i_ai_accel.u_conv_out.gen_bank[1].gen_512.u_macro/addr1[2] : -0.066856
[hold reg-reg] i_soc.i_dm_top.i_dm_mem._1157_/Q -> i_soc.i_cpu.core_i.if_stage_i.prefetch_buffer_i.fifo_i._234_/D : -0.066826
[hold reg-reg] i_soc.i_dm_top.i_dm_mem._1157_/Q -> i_soc.i_cpu.core_i.if_stage_i.prefetch_buffer_i.fifo_i._265_/D : -0.064821
[hold reg-reg] i_soc.i_ai_accel._23146_/Q -> i_soc.i_ai_accel.u_input_mem/addr0[6] : -0.061959
[hold reg-reg] i_soc.i_ai_accel._23017_/Q -> i_soc.i_ai_accel.u_conv_out.gen_bank[1].gen_512.u_macro/addr1[0] : -0.059986
[hold reg-reg] i_soc.i_ai_accel._23024_/Q -> i_soc.i_ai_accel.u_conv_out.gen_bank[1].gen_512.u_macro/addr1[7] : -0.052560
[hold reg-reg] i_soc.i_ai_accel._23025_/Q -> i_soc.i_ai_accel.u_conv_out.gen_bank[1].gen_512.u_macro/addr1[8] : -0.050374
[hold reg-reg] i_soc.i_dm_top.i_dm_mem._1188_/Q -> i_soc.i_cpu.core_i.if_stage_i.prefetch_buffer_i.fifo_i._233_/D : -0.044813
[hold reg-reg] i_soc.i_cpu.core_i.id_stage_i.controller_i._501_/Q -> i_soc.i_cpu.core_i.cs_registers_i._4308_/D : -0.043779
[hold reg-reg] i_soc.i_boot_rom._471_/Q -> i_soc.i_cpu.core_i.if_stage_i.prefetch_buffer_i.instruction_obi_i._243_/D : -0.043232
[hold reg-reg] i_soc.i_ai_accel._23145_/Q -> i_soc.i_ai_accel.u_input_mem/addr0[5] : -0.040655
[hold reg-reg] i_soc.i_boot_rom._471_/Q -> i_soc.i_cpu.core_i.if_stage_i.prefetch_buffer_i.instruction_obi_i._259_/D : -0.039207
[hold reg-reg] i_soc.i_dm_top.i_dm_mem._1159_/Q -> i_soc.i_cpu.core_i.if_stage_i.prefetch_buffer_i.fifo_i._236_/D : -0.037328
[hold reg-reg] i_soc.i_ai_accel._23016_/Q -> i_soc.i_ai_accel.u_input_mem/addr1[5] : -0.036620
[hold reg-reg] i_soc.i_dm_top.i_dm_mem._1159_/Q -> i_soc.i_cpu.core_i.if_stage_i.prefetch_buffer_i.fifo_i._267_/D : -0.035771
[hold reg-reg] i_soc.i_obi_axi_instr._255_/Q -> i_soc.i_instr_sram.u_sram.gen_bank[1].gen_512.u_macro/addr1[8] : -0.033977
[hold reg-reg] i_soc.i_dm_top.i_dm_mem._1162_/Q -> i_soc.i_cpu.core_i.if_stage_i.prefetch_buffer_i.fifo_i._270_/D : -0.030024
[hold reg-reg] i_soc.i_ai_accel._23144_/Q -> i_soc.i_ai_accel.u_input_mem/addr0[4] : -0.029548
[hold reg-reg] i_soc.i_dm_top.i_dm_mem._1161_/Q -> i_soc.i_cpu.core_i.load_store_unit_i._1149_/D : -0.029484
[hold reg-reg] i_soc.i_dm_top.i_dm_mem._1188_/Q -> i_soc.i_cpu.core_i.if_stage_i.prefetch_buffer_i.fifo_i._264_/D : -0.027992
[hold reg-reg] i_soc.i_obi_axi_data._283_/Q -> i_soc.i_instr_sram.u_sram.gen_bank[1].gen_512.u_macro/din0[2] : -0.027406
[hold reg-reg] i_soc.i_crossbar._0566_/Q -> i_soc.i_data_sram.u_sram.gen_bank[2].gen_512.u_macro/csb0 : -0.026991
[hold reg-reg] i_soc.i_cpu.core_i.id_stage_i.controller_i._501_/Q -> i_soc.i_cpu.core_i.id_stage_i.controller_i._504_/D : -0.026631
[hold reg-reg] i_soc.i_dm_top.i_dm_mem._1162_/Q -> i_soc.i_cpu.core_i.if_stage_i.prefetch_buffer_i.fifo_i._239_/D : -0.025336
[hold reg-reg] i_soc.i_dm_top.i_dm_mem._1153_/Q -> i_soc.i_cpu.core_i.if_stage_i.prefetch_buffer_i.fifo_i._230_/D : -0.024101
[hold reg-reg] i_soc.i_dm_top.i_dm_mem._1153_/Q -> i_soc.i_cpu.core_i.if_stage_i.prefetch_buffer_i.fifo_i._261_/D : -0.022536
[hold reg-reg] i_soc.i_obi_axi_instr._247_/Q -> i_soc.i_instr_sram.u_sram.gen_bank[1].gen_512.u_macro/addr1[0] : -0.016980
[hold reg-reg] i_soc.i_dm_top.i_dm_mem._1184_/Q -> i_soc.i_cpu.core_i.if_stage_i.prefetch_buffer_i.fifo_i._260_/D : -0.014670
[hold reg-reg] i_soc.i_dm_top.i_dm_mem._1167_/Q -> i_soc.i_cpu.core_i.if_stage_i.prefetch_buffer_i.fifo_i._212_/D : -0.013928
[hold reg-reg] i_soc.i_dm_top.i_dm_mem._1167_/Q -> i_soc.i_cpu.core_i.if_stage_i.prefetch_buffer_i.fifo_i._243_/D : -0.009628
[hold reg-reg] i_soc.i_ai_accel._23022_/Q -> i_soc.i_ai_accel.u_conv_out.gen_bank[1].gen_512.u_macro/addr1[5] : -0.009077
[hold reg-reg] i_soc.i_dm_top.i_dm_mem._1184_/Q -> i_soc.i_cpu.core_i.if_stage_i.prefetch_buffer_i.fifo_i._229_/D : -0.007208
[hold reg-reg] i_soc.i_cpu.core_i.id_stage_i.controller_i._501_/Q -> i_soc.i_cpu.core_i.id_stage_i.controller_i._514_/D : -0.006965
[hold reg-reg] i_soc.i_ai_accel._23020_/Q -> i_soc.i_ai_accel.u_conv_out.gen_bank[1].gen_512.u_macro/addr1[3] : -0.002165
[hold reg-reg] i_soc.i_dm_top.i_dm_mem._1186_/Q -> i_soc.i_cpu.core_i.if_stage_i.prefetch_buffer_i.fifo_i._231_/D : -0.000230
