
20. Executing CHECK pass (checking for obvious problems).
Checking module asic_top...
Checking module sync$asic_top.i_soc.i_dmi_jtag.i_dmi_cdc.i_cdc_resp.i_cdc_reset_ctrlr.i_cdc_reset_ctrlr_half_b.i_state_transition_cdc_src.i_sync...
Checking module sync$asic_top.i_soc.i_dmi_jtag.i_dmi_cdc.i_cdc_resp.i_cdc_reset_ctrlr.i_cdc_reset_ctrlr_half_a.i_state_transition_cdc_dst.i_sync...
Checking module sync$asic_top.i_soc.i_dmi_jtag.i_dmi_cdc.i_cdc_resp.i_cdc_reset_ctrlr.i_cdc_reset_ctrlr_half_a.i_state_transition_cdc_src.i_sync...
Checking module sync$asic_top.i_soc.i_dmi_jtag.i_dmi_cdc.i_cdc_req.i_cdc_reset_ctrlr.i_cdc_reset_ctrlr_half_b.i_state_transition_cdc_dst.i_sync...
Checking module sync$asic_top.i_soc.i_dmi_jtag.i_dmi_cdc.i_cdc_req.i_cdc_reset_ctrlr.i_cdc_reset_ctrlr_half_b.i_state_transition_cdc_src.i_sync...
Checking module sync$asic_top.i_soc.i_dmi_jtag.i_dmi_cdc.i_cdc_req.i_cdc_reset_ctrlr.i_cdc_reset_ctrlr_half_a.i_state_transition_cdc_dst.i_sync...
Checking module sync$asic_top.i_soc.i_dmi_jtag.i_dmi_cdc.i_cdc_req.i_cdc_reset_ctrlr.i_cdc_reset_ctrlr_half_a.i_state_transition_cdc_src.i_sync...
Checking module cdc_4phase_dst$asic_top.i_soc.i_dmi_jtag.i_dmi_cdc.i_cdc_resp.i_cdc_reset_ctrlr.i_cdc_reset_ctrlr_half_b.i_state_transition_cdc_dst...
Checking module cdc_4phase_src$asic_top.i_soc.i_dmi_jtag.i_dmi_cdc.i_cdc_resp.i_cdc_reset_ctrlr.i_cdc_reset_ctrlr_half_b.i_state_transition_cdc_src...
Checking module cdc_4phase_dst$asic_top.i_soc.i_dmi_jtag.i_dmi_cdc.i_cdc_resp.i_cdc_reset_ctrlr.i_cdc_reset_ctrlr_half_a.i_state_transition_cdc_dst...
Checking module cdc_4phase_src$asic_top.i_soc.i_dmi_jtag.i_dmi_cdc.i_cdc_resp.i_cdc_reset_ctrlr.i_cdc_reset_ctrlr_half_a.i_state_transition_cdc_src...
Checking module cdc_4phase_dst$asic_top.i_soc.i_dmi_jtag.i_dmi_cdc.i_cdc_req.i_cdc_reset_ctrlr.i_cdc_reset_ctrlr_half_b.i_state_transition_cdc_dst...
Checking module cdc_4phase_src$asic_top.i_soc.i_dmi_jtag.i_dmi_cdc.i_cdc_req.i_cdc_reset_ctrlr.i_cdc_reset_ctrlr_half_b.i_state_transition_cdc_src...
Checking module cdc_4phase_dst$asic_top.i_soc.i_dmi_jtag.i_dmi_cdc.i_cdc_req.i_cdc_reset_ctrlr.i_cdc_reset_ctrlr_half_a.i_state_transition_cdc_dst...
Checking module cdc_4phase_src$asic_top.i_soc.i_dmi_jtag.i_dmi_cdc.i_cdc_req.i_cdc_reset_ctrlr.i_cdc_reset_ctrlr_half_a.i_state_transition_cdc_src...
Checking module cdc_reset_ctrlr_half$asic_top.i_soc.i_dmi_jtag.i_dmi_cdc.i_cdc_resp.i_cdc_reset_ctrlr.i_cdc_reset_ctrlr_half_b...
Checking module cdc_reset_ctrlr_half$asic_top.i_soc.i_dmi_jtag.i_dmi_cdc.i_cdc_resp.i_cdc_reset_ctrlr.i_cdc_reset_ctrlr_half_a...
Checking module sync$asic_top.i_soc.i_dmi_jtag.i_dmi_cdc.i_cdc_resp.i_dst.i_sync...
Checking module sync$asic_top.i_soc.i_dmi_jtag.i_dmi_cdc.i_cdc_resp.i_src.i_sync...
Checking module cdc_reset_ctrlr_half$asic_top.i_soc.i_dmi_jtag.i_dmi_cdc.i_cdc_req.i_cdc_reset_ctrlr.i_cdc_reset_ctrlr_half_b...
Checking module cdc_reset_ctrlr_half$asic_top.i_soc.i_dmi_jtag.i_dmi_cdc.i_cdc_req.i_cdc_reset_ctrlr.i_cdc_reset_ctrlr_half_a...
Checking module sync$asic_top.i_soc.i_dmi_jtag.i_dmi_cdc.i_cdc_req.i_dst.i_sync...
Checking module sync$asic_top.i_soc.i_dmi_jtag.i_dmi_cdc.i_cdc_req.i_src.i_sync...
Checking module cv32e40p_alu_div$asic_top.i_soc.i_cpu.core_i.ex_stage_i.alu_i.alu_div_i...
Checking module cv32e40p_ff_one$asic_top.i_soc.i_cpu.core_i.ex_stage_i.alu_i.ff_one_i...
Checking module cv32e40p_popcnt$asic_top.i_soc.i_cpu.core_i.ex_stage_i.alu_i.popcnt_i...
Checking module cv32e40p_obi_interface$asic_top.i_soc.i_cpu.core_i.if_stage_i.prefetch_buffer_i.instruction_obi_i...
Checking module cv32e40p_fifo$asic_top.i_soc.i_cpu.core_i.if_stage_i.prefetch_buffer_i.fifo_i...
Checking module cv32e40p_prefetch_controller$asic_top.i_soc.i_cpu.core_i.if_stage_i.prefetch_buffer_i.prefetch_controller_i...
Checking module cdc_reset_ctrlr$asic_top.i_soc.i_dmi_jtag.i_dmi_cdc.i_cdc_resp.i_cdc_reset_ctrlr...
Checking module cdc_2phase_dst_clearable$asic_top.i_soc.i_dmi_jtag.i_dmi_cdc.i_cdc_resp.i_dst...
Checking module cdc_2phase_src_clearable$asic_top.i_soc.i_dmi_jtag.i_dmi_cdc.i_cdc_resp.i_src...
Checking module cdc_reset_ctrlr$asic_top.i_soc.i_dmi_jtag.i_dmi_cdc.i_cdc_req.i_cdc_reset_ctrlr...
Checking module cdc_2phase_dst_clearable$asic_top.i_soc.i_dmi_jtag.i_dmi_cdc.i_cdc_req.i_dst...
Checking module cdc_2phase_src_clearable$asic_top.i_soc.i_dmi_jtag.i_dmi_cdc.i_cdc_req.i_src...
Checking module cv32e40p_obi_interface$asic_top.i_soc.i_cpu.core_i.load_store_unit_i.data_obi_i...
Checking module cv32e40p_mult$asic_top.i_soc.i_cpu.core_i.ex_stage_i.mult_i...
Checking module cv32e40p_alu$asic_top.i_soc.i_cpu.core_i.ex_stage_i.alu_i...
Checking module cv32e40p_int_controller$asic_top.i_soc.i_cpu.core_i.id_stage_i.int_controller_i...
Checking module cv32e40p_controller$asic_top.i_soc.i_cpu.core_i.id_stage_i.controller_i...
Checking module cv32e40p_decoder$asic_top.i_soc.i_cpu.core_i.id_stage_i.decoder_i...
Checking module cv32e40p_register_file$asic_top.i_soc.i_cpu.core_i.id_stage_i.register_file_i...
Checking module cv32e40p_compressed_decoder$asic_top.i_soc.i_cpu.core_i.if_stage_i.compressed_decoder_i...
Checking module cv32e40p_aligner$asic_top.i_soc.i_cpu.core_i.if_stage_i.aligner_i...
Checking module cv32e40p_prefetch_buffer$asic_top.i_soc.i_cpu.core_i.if_stage_i.prefetch_buffer_i...
Checking module cv32e40p_clock_gate$asic_top.i_soc.i_cpu.core_i.sleep_unit_i.core_clock_gate_i...
Checking module cdc_2phase_clearable$asic_top.i_soc.i_dmi_jtag.i_dmi_cdc.i_cdc_resp...
Checking module cdc_2phase_clearable$asic_top.i_soc.i_dmi_jtag.i_dmi_cdc.i_cdc_req...
Checking module tc_clk_mux2$asic_top.i_soc.i_dmi_jtag.i_dmi_jtag_tap.i_dft_tck_mux...
Checking module tc_clk_inverter$asic_top.i_soc.i_dmi_jtag.i_dmi_jtag_tap.i_tck_inv...
Checking module debug_rom$asic_top.i_soc.i_dm_top.i_dm_mem.gen_rom_snd_scratch.i_debug_rom...
Checking module fifo_v3$asic_top.i_soc.i_dm_top.i_dm_csrs.i_fifo...
Checking module cv32e40p_cs_registers$asic_top.i_soc.i_cpu.core_i.cs_registers_i...
Checking module cv32e40p_load_store_unit$asic_top.i_soc.i_cpu.core_i.load_store_unit_i...
Checking module cv32e40p_ex_stage$asic_top.i_soc.i_cpu.core_i.ex_stage_i...
Checking module cv32e40p_id_stage$asic_top.i_soc.i_cpu.core_i.id_stage_i...
Checking module cv32e40p_if_stage$asic_top.i_soc.i_cpu.core_i.if_stage_i...
Checking module cv32e40p_sleep_unit$asic_top.i_soc.i_cpu.core_i.sleep_unit_i...
Checking module sram_macro_bank$asic_top.i_soc.i_ai_sram.u_sram...
Checking module sram_macro_bank$asic_top.i_soc.i_data_sram.u_sram...
Checking module sram_macro_bank$asic_top.i_soc.i_instr_sram.u_sram...
Checking module uart_rx$asic_top.i_soc.i_uart_1.i_uart_rx...
Checking module uart_tx$asic_top.i_soc.i_uart_1.i_uart_tx...
Checking module sram_macro_bank$asic_top.i_soc.i_ai_accel.u_conv_out...
Checking module uart_rx$asic_top.i_soc.i_uart_0.i_uart_rx...
Checking module uart_tx$asic_top.i_soc.i_uart_0.i_uart_tx...
Checking module dmi_cdc$asic_top.i_soc.i_dmi_jtag.i_dmi_cdc...
Checking module dmi_jtag_tap$asic_top.i_soc.i_dmi_jtag.i_dmi_jtag_tap...
Checking module dm_mem$asic_top.i_soc.i_dm_top.i_dm_mem...
Checking module dm_sba$asic_top.i_soc.i_dm_top.i_dm_sba...
Checking module dm_csrs$asic_top.i_soc.i_dm_top.i_dm_csrs...
Checking module cv32e40p_core$asic_top.i_soc.i_cpu.core_i...
Checking module axi_sram_wrapper$asic_top.i_soc.i_ai_sram...
Checking module axi_sram_wrapper$asic_top.i_soc.i_data_sram...
Checking module axi_sram_wrapper$asic_top.i_soc.i_instr_sram...
Checking module boot_rom$asic_top.i_soc.i_boot_rom...
Checking module ai_sram_arbiter$asic_top.i_soc.i_ai_arb...
Checking module uart_stream_axil$asic_top.i_soc.i_uart_1...
Checking module ai_accelerator$asic_top.i_soc.i_ai_accel...
Checking module i2c_master_axil$asic_top.i_soc.i_i2c...
Checking module qspi_master_axil$asic_top.i_soc.i_qspi...
Checking module timer_axil$asic_top.i_soc.i_timer...
Checking module gpio_axil$asic_top.i_soc.i_gpio...
Checking module uart_axil$asic_top.i_soc.i_uart_0...
Checking module periph_decoder$asic_top.i_soc.i_periph_decoder...
Checking module axi4_to_axilite_bridge$asic_top.i_soc.i_axi_lite_bridge...
Checking module dmi_jtag$asic_top.i_soc.i_dmi_jtag...
Checking module dm_top$asic_top.i_soc.i_dm_top...
Checking module axi_dm_slave$asic_top.i_soc.i_axi_dm_slave...
Checking module soc_axi_interconnect$asic_top.i_soc.i_crossbar...
Checking module obi_to_axi$asic_top.i_soc.i_obi_axi_data...
Checking module obi_to_axi$asic_top.i_soc.i_obi_axi_instr...
Checking module cv32e40p_top$asic_top.i_soc.i_cpu...
Checking module soc_top$asic_top.i_soc...
Checking module sync$asic_top.i_soc.i_dmi_jtag.i_dmi_cdc.i_cdc_resp.i_cdc_reset_ctrlr.i_cdc_reset_ctrlr_half_b.i_state_transition_cdc_dst.i_sync...
Found and reported 0 problems.
