184. Printing statistics.

=== asic_top ===

        +----------Local Count, excluding submodules.
        |        +-Local Area, excluding submodules.
        |        | 
    62630        - wires
    62701        - wire bits
    62630        - public wires
    62701        - public wire bits
       16        - ports
       87        - port bits
    61823 7.28E+05 cells
       38  475.456   sky130_fd_sc_hd__a2111o_2
       11  165.158   sky130_fd_sc_hd__a2111oi_2
      925  9258.88   sky130_fd_sc_hd__a211o_2
      301 3.77E+03   sky130_fd_sc_hd__a211oi_2
      358 3.58E+03   sky130_fd_sc_hd__a21bo_2
       93 1.05E+03   sky130_fd_sc_hd__a21boi_2
     1951 1.71E+04   sky130_fd_sc_hd__a21o_2
     1461 1.28E+04   sky130_fd_sc_hd__a21oi_2
     1494 1.68E+04   sky130_fd_sc_hd__a221o_2
       23  345.331   sky130_fd_sc_hd__a221oi_2
     1738 1.74E+04   sky130_fd_sc_hd__a22o_2
      145  1814.24   sky130_fd_sc_hd__a22oi_2
      246 2.77E+03   sky130_fd_sc_hd__a2bb2o_2
        3   45.043   sky130_fd_sc_hd__a2bb2oi_2
      161 1.81E+03   sky130_fd_sc_hd__a311o_2
       16   240.23   sky130_fd_sc_hd__a311oi_2
      799    7E+03   sky130_fd_sc_hd__a31o_2
       79  988.448   sky130_fd_sc_hd__a31oi_2
      241 2.71E+03   sky130_fd_sc_hd__a32o_2
        2   32.531   sky130_fd_sc_hd__a32oi_2
       31  349.085   sky130_fd_sc_hd__a41o_2
     1767 1.33E+04   sky130_fd_sc_hd__and2_2
      900  7882.56   sky130_fd_sc_hd__and2b_2
     1317 9.89E+03   sky130_fd_sc_hd__and3_2
      169 1.69E+03   sky130_fd_sc_hd__and3b_2
      513 5.13E+03   sky130_fd_sc_hd__and4_2
       73  822.038   sky130_fd_sc_hd__and4b_2
       42  525.504   sky130_fd_sc_hd__and4bb_2
     1053 5.27E+03   sky130_fd_sc_hd__buf_2
      423 1.59E+03   sky130_fd_sc_hd__conb_1
     4031 1.06E+05   sky130_fd_sc_hd__dfrtp_2
       99  2.6E+03   sky130_fd_sc_hd__dfstp_2
     4790 1.02E+05   sky130_fd_sc_hd__dfxtp_2
     1116 4.19E+03   sky130_fd_sc_hd__inv_2
     9806  1.1E+05   sky130_fd_sc_hd__mux2_1
      958 2.16E+04   sky130_fd_sc_hd__mux4_2
     3283 2.05E+04   sky130_fd_sc_hd__nand2_2
      757 6.63E+03   sky130_fd_sc_hd__nand2b_2
      513 5.13E+03   sky130_fd_sc_hd__nand3_2
       79  889.603   sky130_fd_sc_hd__nand3b_2
      117 1.46E+03   sky130_fd_sc_hd__nand4_2
        5   75.072   sky130_fd_sc_hd__nand4b_2
     3113 1.95E+04   sky130_fd_sc_hd__nor2_2
      319 3.19E+03   sky130_fd_sc_hd__nor3_2
       38  475.456   sky130_fd_sc_hd__nor3b_2
       43  538.016   sky130_fd_sc_hd__nor4_2
       12  180.173   sky130_fd_sc_hd__nor4b_2
       36  450.432   sky130_fd_sc_hd__o2111a_2
        4   60.058   sky130_fd_sc_hd__o2111ai_2
     1073 1.07E+04   sky130_fd_sc_hd__o211a_2
      240  3002.88   sky130_fd_sc_hd__o211ai_2
     1284 1.12E+04   sky130_fd_sc_hd__o21a_2
     1130  9.9E+03   sky130_fd_sc_hd__o21ai_2
      267 2.67E+03   sky130_fd_sc_hd__o21ba_2
      135 1.52E+03   sky130_fd_sc_hd__o21bai_2
     1299 1.46E+04   sky130_fd_sc_hd__o221a_2
       11  165.158   sky130_fd_sc_hd__o221ai_2
      671 6.72E+03   sky130_fd_sc_hd__o22a_2
       38  475.456   sky130_fd_sc_hd__o22ai_2
      168 1.89E+03   sky130_fd_sc_hd__o2bb2a_2
       13  195.187   sky130_fd_sc_hd__o2bb2ai_2
      258 2.91E+03   sky130_fd_sc_hd__o311a_2
       10  162.656   sky130_fd_sc_hd__o311ai_2
      395 3.95E+03   sky130_fd_sc_hd__o31a_2
       80  1000.96   sky130_fd_sc_hd__o31ai_2
       98  1.1E+03   sky130_fd_sc_hd__o32a_2
        2   32.531   sky130_fd_sc_hd__o32ai_2
       15   187.68   sky130_fd_sc_hd__o41a_2
        2   32.531   sky130_fd_sc_hd__o41ai_2
     2968 1.86E+04   sky130_fd_sc_hd__or2_2
     1154 8.66E+03   sky130_fd_sc_hd__or3_2
      236 2.07E+03   sky130_fd_sc_hd__or3b_2
      339 2.97E+03   sky130_fd_sc_hd__or4_2
      100  1000.96   sky130_fd_sc_hd__or4b_2
       40   500.48   sky130_fd_sc_hd__or4bb_2
     2894 4.71E+04   sky130_fd_sc_hd__xnor2_2
     1384 2.25E+04   sky130_fd_sc_hd__xor2_2
        1        -   sky130_sram_1kbyte_1rw1r_32x256_8
       26        -   sky130_sram_2kbyte_1rw1r_32x512_8

   Area for cell type \sky130_sram_2kbyte_1rw1r_32x512_8 is unknown!
   Area for cell type \sky130_sram_1kbyte_1rw1r_32x256_8 is unknown!

   Chip area for module '\asic_top': 728153.356800
     of which used for sequential elements: 210401.792000 (28.90%)

