
===========================================================================
 report_power
============================================================================
======================= nom_ff_n40C_1v95 Corner ===================================

Group                    Internal    Switching      Leakage        Total
                            Power        Power        Power        Power (Watts)
------------------------------------------------------------------------
Sequential           1.262632e-02 2.080869e-04 2.208276e-07 1.283463e-02  18.9%
Combinational        5.481851e-04 7.817859e-04 1.179262e-06 1.331150e-03   2.0%
Clock                6.076097e-03 7.352647e-03 7.793728e-06 1.343654e-02  19.8%
Macro                3.984949e-02 0.000000e+00 4.703921e-04 4.031989e-02  59.4%
Pad                  0.000000e+00 0.000000e+00 0.000000e+00 0.000000e+00   0.0%
------------------------------------------------------------------------
Total                5.909916e-02 8.342512e-03 4.793093e-04 6.792098e-02 100.0%
                            87.0%        12.3%         0.7%

