┏━━━━━━━━━━━━━━━━━━━━━━┳━━━━━━━━━━┳━━━━━━━━━━┳━━━━━━━━━━┳━━━━━━━━━━┳━━━━━━━━━━━┳━━━━━━━━━━┳━━━━━━━━━━━┳━━━━━━━━━━┳━━━━━━━━━━━┳━━━━━━━━━━┳━━━━━━━━━━━┳━━━━━━━━━━┓
┃                      ┃ Hold     ┃ Reg to   ┃          ┃          ┃ of which  ┃ Setup    ┃           ┃          ┃           ┃ of which ┃           ┃          ┃
┃                      ┃ Worst    ┃ Reg      ┃          ┃ Hold Vio ┃ reg to    ┃ Worst    ┃ Reg to    ┃ Setup    ┃ Setup Vio ┃ reg to   ┃ Max Cap   ┃ Max Slew ┃
┃ Corner/Group         ┃ Slack    ┃ Paths    ┃ Hold TNS ┃ Count    ┃ reg       ┃ Slack    ┃ Reg Paths ┃ TNS      ┃ Count     ┃ reg      ┃ Violatio… ┃ Violati… ┃
┡━━━━━━━━━━━━━━━━━━━━━━╇━━━━━━━━━━╇━━━━━━━━━━╇━━━━━━━━━━╇━━━━━━━━━━╇━━━━━━━━━━━╇━━━━━━━━━━╇━━━━━━━━━━━╇━━━━━━━━━━╇━━━━━━━━━━━╇━━━━━━━━━━╇━━━━━━━━━━━╇━━━━━━━━━━┩
│ Overall              │ -0.8224  │ -0.8224  │ -27.8951 │ 322      │ 322       │ -10.2623 │ -10.2623  │ -12190.… │ 2118      │ 2089     │ 651       │ 34917    │
│ nom_tt_025C_1v80     │ -0.7492  │ -0.7492  │ -27.8951 │ 118      │ 118       │ 1.0604   │ 1.0604    │ 0.0000   │ 0         │ 0        │ 226       │ 5810     │
│ nom_ss_100C_1v60     │ -0.8224  │ -0.8224  │ -12.0220 │ 57       │ 57        │ -10.2623 │ -10.2623  │ -12190.… │ 2118      │ 2089     │ 651       │ 34917    │
│ nom_ff_n40C_1v95     │ -0.6023  │ -0.6023  │ -25.0083 │ 147      │ 147       │ 3.6281   │ 3.6281    │ 0.0000   │ 0         │ 0        │ 194       │ 2847     │
└──────────────────────┴──────────┴──────────┴──────────┴──────────┴───────────┴──────────┴───────────┴──────────┴───────────┴──────────┴───────────┴──────────┘
