
===========================================================================
Violator List
============================================================================
[hold reg-reg] i_soc.i_ai_accel._23426_/Q -> i_soc.i_ai_accel.u_input_mem/din0[29] : -0.381515
[hold reg-reg] i_soc.i_ai_accel._23427_/Q -> i_soc.i_ai_accel.u_input_mem/din0[30] : -0.346421
[hold reg-reg] i_soc.i_ai_accel._23399_/Q -> i_soc.i_ai_accel.u_input_mem/din0[2] : -0.333758
[hold reg-reg] i_soc.i_ai_accel._23401_/Q -> i_soc.i_ai_accel.u_input_mem/din0[4] : -0.333265
[hold reg-reg] i_soc.i_ai_accel._23407_/Q -> i_soc.i_ai_accel.u_input_mem/din0[10] : -0.329317
[hold reg-reg] i_soc.i_ai_accel._23408_/Q -> i_soc.i_ai_accel.u_input_mem/din0[11] : -0.328935
[hold reg-reg] i_soc.i_ai_accel._23402_/Q -> i_soc.i_ai_accel.u_input_mem/din0[5] : -0.326934
[hold reg-reg] i_soc.i_ai_accel._23403_/Q -> i_soc.i_ai_accel.u_input_mem/din0[6] : -0.326647
[hold reg-reg] i_soc.i_ai_accel._23400_/Q -> i_soc.i_ai_accel.u_input_mem/din0[3] : -0.323781
[hold reg-reg] i_soc.i_ai_accel._23411_/Q -> i_soc.i_ai_accel.u_input_mem/din0[14] : -0.321202
[hold reg-reg] i_soc.i_ai_accel._23398_/Q -> i_soc.i_ai_accel.u_input_mem/din0[1] : -0.317858
[hold reg-reg] i_soc.i_ai_accel._23428_/Q -> i_soc.i_ai_accel.u_input_mem/din0[31] : -0.313409
[hold reg-reg] i_soc.i_ai_accel._23410_/Q -> i_soc.i_ai_accel.u_input_mem/din0[13] : -0.310185
[hold reg-reg] i_soc.i_ai_accel._23404_/Q -> i_soc.i_ai_accel.u_input_mem/din0[7] : -0.308556
[hold reg-reg] i_soc.i_ai_accel._23413_/Q -> i_soc.i_ai_accel.u_input_mem/din0[16] : -0.300373
[hold reg-reg] i_soc.i_ai_accel._23412_/Q -> i_soc.i_ai_accel.u_input_mem/din0[15] : -0.288372
[hold reg-reg] i_soc.i_ai_accel._23397_/Q -> i_soc.i_ai_accel.u_input_mem/din0[0] : -0.286732
[hold reg-reg] i_soc.i_ai_accel._23415_/Q -> i_soc.i_ai_accel.u_input_mem/din0[18] : -0.277784
[hold reg-reg] i_soc.i_ai_accel._23409_/Q -> i_soc.i_ai_accel.u_input_mem/din0[12] : -0.275298
[hold reg-reg] i_soc.i_ai_accel._23414_/Q -> i_soc.i_ai_accel.u_input_mem/din0[17] : -0.275101
[hold reg-reg] i_soc.i_ai_accel._23417_/Q -> i_soc.i_ai_accel.u_input_mem/din0[20] : -0.274609
[hold reg-reg] i_soc.i_ai_accel._23419_/Q -> i_soc.i_ai_accel.u_input_mem/din0[22] : -0.270938
[hold reg-reg] i_soc.i_ai_accel._23418_/Q -> i_soc.i_ai_accel.u_input_mem/din0[21] : -0.267536
[hold reg-reg] i_soc.i_ai_accel._23416_/Q -> i_soc.i_ai_accel.u_input_mem/din0[19] : -0.261382
[hold reg-reg] i_soc.i_ai_accel._23421_/Q -> i_soc.i_ai_accel.u_input_mem/din0[24] : -0.260119
[hold reg-reg] i_soc.i_ai_accel._23423_/Q -> i_soc.i_ai_accel.u_input_mem/din0[26] : -0.230492
[hold reg-reg] i_soc.i_ai_accel._23420_/Q -> i_soc.i_ai_accel.u_input_mem/din0[23] : -0.229574
[hold reg-reg] i_soc.i_ai_accel._23125_/Q -> i_soc.i_ai_sram.u_sram.gen_bank[12].gen_512.u_macro/csb1 : -0.228410
[hold reg-reg] i_soc.i_ai_accel._23565_/Q -> i_soc.i_ai_accel.u_conv_w_mem/csb0 : -0.226553
[hold reg-reg] i_soc.i_ai_accel._23425_/Q -> i_soc.i_ai_accel.u_input_mem/din0[28] : -0.225920
[hold reg-reg] i_soc.i_ai_accel._23424_/Q -> i_soc.i_ai_accel.u_input_mem/din0[27] : -0.212643
[hold reg-reg] i_soc.i_ai_accel._23422_/Q -> i_soc.i_ai_accel.u_input_mem/din0[25] : -0.212214
[hold reg-reg] i_soc.i_ai_accel._23165_/Q -> i_soc.i_ai_accel.u_conv_out.gen_bank[1].gen_512.u_macro/addr0[6] : -0.191992
[hold reg-reg] i_soc.i_ai_accel._23122_/Q -> i_soc.i_ai_sram.u_sram.gen_bank[14].gen_512.u_macro/addr1[8] : -0.186337
[hold reg-reg] i_soc.i_uart_1._1501_/Q -> i_soc.i_ai_sram.u_sram.gen_bank[13].gen_512.u_macro/addr0[6] : -0.185641
[hold reg-reg] i_soc.i_ai_accel._23125_/Q -> i_soc.i_ai_sram.u_sram.gen_bank[8].gen_512.u_macro/csb1 : -0.165574
[hold reg-reg] i_soc.i_uart_1._1503_/Q -> i_soc.i_ai_sram.u_sram.gen_bank[13].gen_512.u_macro/addr0[8] : -0.161943
[hold reg-reg] i_soc.i_ai_accel._23125_/Q -> i_soc.i_ai_sram.u_sram.gen_bank[14].gen_512.u_macro/csb1 : -0.161648
[hold reg-reg] i_soc.i_uart_1._1501_/Q -> i_soc.i_ai_sram.u_sram.gen_bank[14].gen_512.u_macro/addr0[6] : -0.155022
[hold reg-reg] i_soc.i_uart_1._1502_/Q -> i_soc.i_ai_sram.u_sram.gen_bank[13].gen_512.u_macro/addr0[7] : -0.154408
[hold reg-reg] i_soc.i_ai_accel._23165_/Q -> i_soc.i_ai_accel.u_conv_out.gen_bank[0].gen_512.u_macro/addr0[6] : -0.151467
[hold reg-reg] i_soc.i_uart_1._1502_/Q -> i_soc.i_ai_sram.u_sram.gen_bank[14].gen_512.u_macro/addr0[7] : -0.144113
[hold reg-reg] i_soc.i_uart_1._1503_/Q -> i_soc.i_ai_sram.u_sram.gen_bank[14].gen_512.u_macro/addr0[8] : -0.142544
[hold reg-reg] i_soc.i_ai_accel._23163_/Q -> i_soc.i_ai_accel.u_conv_out.gen_bank[1].gen_512.u_macro/addr0[4] : -0.141108
[hold reg-reg] i_soc.i_ai_accel._23160_/Q -> i_soc.i_ai_accel.u_conv_out.gen_bank[0].gen_512.u_macro/addr0[1] : -0.133517
[hold reg-reg] i_soc.i_ai_accel._23125_/Q -> i_soc.i_ai_sram.u_sram.gen_bank[10].gen_512.u_macro/csb1 : -0.131801
[hold reg-reg] i_soc.i_ai_accel._23427_/Q -> i_soc.i_ai_accel.u_conv_w_mem/din0[30] : -0.118200
[hold reg-reg] i_soc.i_ai_accel._23176_/Q -> i_soc.i_ai_accel.u_conv_out.gen_bank[0].gen_512.u_macro/din0[30] : -0.115469
[hold reg-reg] i_soc.i_ai_accel._23176_/Q -> i_soc.i_ai_accel.u_conv_out.gen_bank[0].gen_512.u_macro/din0[22] : -0.115149
[hold reg-reg] i_soc.i_ai_accel._23176_/Q -> i_soc.i_ai_accel.u_conv_out.gen_bank[0].gen_512.u_macro/din0[14] : -0.114934
[hold reg-reg] i_soc.i_ai_accel._23176_/Q -> i_soc.i_ai_accel.u_conv_out.gen_bank[0].gen_512.u_macro/din0[6] : -0.114838
[hold reg-reg] i_soc.i_ai_accel._23125_/Q -> i_soc.i_ai_sram.u_sram.gen_bank[13].gen_512.u_macro/csb1 : -0.104075
[hold reg-reg] i_soc.i_uart_1._1738_/Q -> i_soc.i_ai_sram.u_sram.gen_bank[13].gen_512.u_macro/din0[3] : -0.094802
[hold reg-reg] i_soc.i_ai_accel._23085_/Q -> i_soc.i_ai_sram.u_sram.gen_bank[13].gen_512.u_macro/addr0[1] : -0.094071
[hold reg-reg] i_soc.i_uart_1._1731_/Q -> i_soc.i_ai_sram.u_sram.gen_bank[13].gen_512.u_macro/wmask0[0] : -0.091581
[hold reg-reg] i_soc.i_uart_1._1734_/Q -> i_soc.i_ai_sram.u_sram.gen_bank[13].gen_512.u_macro/wmask0[3] : -0.090410
[hold reg-reg] i_soc.i_ai_accel._23399_/Q -> i_soc.i_ai_accel.u_conv_w_mem/din0[2] : -0.087326
[hold reg-reg] i_soc.i_ai_accel._23426_/Q -> i_soc.i_ai_accel.u_conv_w_mem/din0[29] : -0.087066
[hold reg-reg] i_soc.i_ai_accel._23176_/Q -> i_soc.i_ai_accel.u_conv_out.gen_bank[1].gen_512.u_macro/din0[30] : -0.086817
[hold reg-reg] i_soc.i_ai_accel._23122_/Q -> i_soc.i_ai_sram.u_sram.gen_bank[13].gen_512.u_macro/addr1[8] : -0.083136
[hold reg-reg] i_soc.i_ai_accel._23402_/Q -> i_soc.i_ai_accel.u_conv_w_mem/din0[5] : -0.081993
[hold reg-reg] i_soc.i_ai_accel._23084_/Q -> i_soc.i_ai_sram.u_sram.gen_bank[13].gen_512.u_macro/addr0[0] : -0.076146
[hold reg-reg] i_soc.i_ai_accel._23400_/Q -> i_soc.i_ai_accel.u_conv_w_mem/din0[3] : -0.072366
[hold reg-reg] i_soc.i_uart_1._1499_/Q -> i_soc.i_ai_sram.u_sram.gen_bank[13].gen_512.u_macro/addr0[4] : -0.070250
[hold reg-reg] i_soc.i_ai_accel._23176_/Q -> i_soc.i_ai_accel.u_conv_out.gen_bank[1].gen_512.u_macro/din0[22] : -0.068544
[hold reg-reg] i_soc.i_ai_accel._23176_/Q -> i_soc.i_ai_accel.u_conv_out.gen_bank[1].gen_512.u_macro/din0[14] : -0.066899
[hold reg-reg] i_soc.i_ai_accel._23176_/Q -> i_soc.i_ai_accel.u_conv_out.gen_bank[1].gen_512.u_macro/din0[6] : -0.065346
[hold reg-reg] i_soc.i_uart_1._1743_/Q -> i_soc.i_ai_sram.u_sram.gen_bank[13].gen_512.u_macro/din0[8] : -0.057794
[hold reg-reg] i_soc.i_ai_accel._23408_/Q -> i_soc.i_ai_accel.u_conv_w_mem/din0[11] : -0.055568
[hold reg-reg] i_soc.i_uart_1._1732_/Q -> i_soc.i_ai_sram.u_sram.gen_bank[13].gen_512.u_macro/wmask0[1] : -0.054720
[hold reg-reg] i_soc.i_ai_accel._23413_/Q -> i_soc.i_ai_accel.u_conv_w_mem/din0[16] : -0.052121
[hold reg-reg] i_soc.i_ai_accel._23174_/Q -> i_soc.i_ai_accel.u_conv_out.gen_bank[1].gen_512.u_macro/din0[28] : -0.050784
[hold reg-reg] i_soc.i_ai_accel._23170_/Q -> i_soc.i_ai_accel.u_conv_out.gen_bank[1].gen_512.u_macro/din0[24] : -0.049101
[hold reg-reg] i_soc.i_ai_accel._23280_/Q -> i_soc.i_ai_accel.u_input_mem/addr0[8] : -0.048367
[hold reg-reg] i_soc.i_uart_1._1735_/Q -> i_soc.i_ai_sram.u_sram.gen_bank[13].gen_512.u_macro/din0[0] : -0.048328
[hold reg-reg] i_soc.i_uart_1._1499_/Q -> i_soc.i_ai_sram.u_sram.gen_bank[14].gen_512.u_macro/addr0[4] : -0.047120
[hold reg-reg] i_soc.i_ai_accel._23175_/Q -> i_soc.i_ai_accel.u_conv_out.gen_bank[1].gen_512.u_macro/din0[29] : -0.046371
[hold reg-reg] i_soc.i_ai_accel._23085_/Q -> i_soc.i_ai_sram.u_sram.gen_bank[14].gen_512.u_macro/addr0[1] : -0.042315
[hold reg-reg] i_soc.i_uart_1._1736_/Q -> i_soc.i_ai_sram.u_sram.gen_bank[13].gen_512.u_macro/din0[1] : -0.042163
[hold reg-reg] i_soc.i_uart_1._1738_/Q -> i_soc.i_ai_sram.u_sram.gen_bank[10].gen_512.u_macro/din0[3] : -0.041930
[hold reg-reg] i_soc.i_ai_accel._23407_/Q -> i_soc.i_ai_accel.u_conv_w_mem/din0[10] : -0.041362
[hold reg-reg] i_soc.i_ai_accel._23409_/Q -> i_soc.i_ai_accel.u_conv_w_mem/din0[12] : -0.040396
[hold reg-reg] i_soc.i_ai_accel._23174_/Q -> i_soc.i_ai_accel.u_conv_out.gen_bank[1].gen_512.u_macro/din0[20] : -0.039767
[hold reg-reg] i_soc.i_uart_1._1734_/Q -> i_soc.i_ai_sram.u_sram.gen_bank[14].gen_512.u_macro/wmask0[3] : -0.038441
[hold reg-reg] i_soc.i_ai_accel._23597_/Q -> i_soc.i_ai_accel.u_conv_out.gen_bank[1].gen_512.u_macro/csb1 : -0.038401
[hold reg-reg] i_soc.i_uart_1._1739_/Q -> i_soc.i_ai_sram.u_sram.gen_bank[13].gen_512.u_macro/din0[4] : -0.037012
[hold reg-reg] i_soc.i_ai_accel._23411_/Q -> i_soc.i_ai_accel.u_conv_w_mem/din0[14] : -0.036149
[hold reg-reg] i_soc.i_ai_accel._23170_/Q -> i_soc.i_ai_accel.u_conv_out.gen_bank[1].gen_512.u_macro/din0[16] : -0.033212
[hold reg-reg] i_soc.i_ai_accel._23175_/Q -> i_soc.i_ai_accel.u_conv_out.gen_bank[1].gen_512.u_macro/din0[21] : -0.032381
[hold reg-reg] i_soc.i_ai_accel._23398_/Q -> i_soc.i_ai_accel.u_conv_w_mem/din0[1] : -0.029850
[hold reg-reg] i_soc.i_ai_accel._23174_/Q -> i_soc.i_ai_accel.u_conv_out.gen_bank[1].gen_512.u_macro/din0[12] : -0.029526
[hold reg-reg] i_soc.i_ai_accel._23414_/Q -> i_soc.i_ai_accel.u_conv_w_mem/din0[17] : -0.028367
[hold reg-reg] i_soc.i_ai_accel._23401_/Q -> i_soc.i_ai_accel.u_conv_w_mem/din0[4] : -0.026957
[hold reg-reg] i_soc.i_ai_accel._23428_/Q -> i_soc.i_ai_accel.u_conv_w_mem/din0[31] : -0.026017
[hold reg-reg] i_soc.i_uart_1._1744_/Q -> i_soc.i_ai_sram.u_sram.gen_bank[13].gen_512.u_macro/din0[9] : -0.023922
[hold reg-reg] i_soc.i_ai_accel._23163_/Q -> i_soc.i_ai_accel.u_conv_out.gen_bank[0].gen_512.u_macro/addr0[4] : -0.023214
[hold reg-reg] i_soc.i_ai_accel._23569_/Q -> i_soc.i_ai_accel.u_input_mem/csb0 : -0.022417
[hold reg-reg] i_soc.i_ai_accel._23168_/Q -> i_soc.i_ai_accel.u_conv_out.gen_bank[1].gen_512.u_macro/csb0 : -0.022362
[hold reg-reg] i_soc.i_ai_accel._23170_/Q -> i_soc.i_ai_accel.u_conv_out.gen_bank[1].gen_512.u_macro/din0[8] : -0.021748
[hold reg-reg] i_soc.i_uart_1._1733_/Q -> i_soc.i_ai_sram.u_sram.gen_bank[13].gen_512.u_macro/wmask0[2] : -0.019390
[hold reg-reg] i_soc.i_ai_accel._23175_/Q -> i_soc.i_ai_accel.u_conv_out.gen_bank[1].gen_512.u_macro/din0[13] : -0.019000
[hold reg-reg] i_soc.i_uart_1._1731_/Q -> i_soc.i_ai_sram.u_sram.gen_bank[14].gen_512.u_macro/wmask0[0] : -0.017460
[hold reg-reg] i_soc.i_ai_accel._23404_/Q -> i_soc.i_ai_accel.u_conv_w_mem/din0[7] : -0.016792
[hold reg-reg] i_soc.i_ai_accel._23174_/Q -> i_soc.i_ai_accel.u_conv_out.gen_bank[1].gen_512.u_macro/din0[4] : -0.013472
[hold reg-reg] i_soc.i_ai_accel._23170_/Q -> i_soc.i_ai_accel.u_conv_out.gen_bank[1].gen_512.u_macro/din0[0] : -0.012834
[hold reg-reg] i_soc.i_ai_accel._23403_/Q -> i_soc.i_ai_accel.u_conv_w_mem/din0[6] : -0.011617
[hold reg-reg] i_soc.i_uart_1._1741_/Q -> i_soc.i_ai_sram.u_sram.gen_bank[13].gen_512.u_macro/din0[6] : -0.010628
[hold reg-reg] i_soc.i_uart_1._1742_/Q -> i_soc.i_ai_sram.u_sram.gen_bank[13].gen_512.u_macro/din0[7] : -0.006353
[hold reg-reg] i_soc.i_cpu.core_i.sleep_unit_i._5_/Q -> i_soc.i_cpu.core_i.id_stage_i.controller_i._546_/D : -0.004718
[hold reg-reg] i_soc.i_ai_accel._23175_/Q -> i_soc.i_ai_accel.u_conv_out.gen_bank[1].gen_512.u_macro/din0[5] : -0.002992
[hold reg-reg] i_soc.i_ai_accel._23410_/Q -> i_soc.i_ai_accel.u_conv_w_mem/din0[13] : -0.002768
[hold reg-reg] i_soc.i_uart_1._1737_/Q -> i_soc.i_ai_sram.u_sram.gen_bank[13].gen_512.u_macro/din0[2] : -0.000954
