
===========================================================================
Violator List
============================================================================
[hold reg-reg] i_soc.i_obi_axi_instr._250_/Q -> i_soc.i_instr_sram.u_sram.gen_bank[1].gen_512.u_macro/addr1[3] : -0.289693
[hold reg-reg] i_soc.i_obi_axi_instr._250_/Q -> i_soc.i_instr_sram.u_sram.gen_bank[3].gen_512.u_macro/addr1[3] : -0.264098
[hold reg-reg] i_soc.i_crossbar._0566_/Q -> i_soc.i_data_sram.u_sram.gen_bank[0].gen_512.u_macro/csb0 : -0.228577
[hold reg-reg] i_soc.i_dm_top.i_dm_mem._1169_/Q -> i_soc.i_cpu.core_i.if_stage_i.prefetch_buffer_i.fifo_i._214_/D : -0.216203
[hold reg-reg] i_soc.i_cpu.core_i.sleep_unit_i._5_/Q -> i_soc.i_cpu.core_i.id_stage_i.controller_i._503_/D : -0.211270
[hold reg-reg] i_soc.i_dm_top.i_dm_mem._1171_/Q -> i_soc.i_cpu.core_i.if_stage_i.prefetch_buffer_i.fifo_i._216_/D : -0.210246
[hold reg-reg] i_soc.i_dm_top.i_dm_mem._1171_/Q -> i_soc.i_cpu.core_i.if_stage_i.prefetch_buffer_i.fifo_i._247_/D : -0.209347
[hold reg-reg] i_soc.i_dm_top.i_dm_mem._1169_/Q -> i_soc.i_cpu.core_i.if_stage_i.prefetch_buffer_i.fifo_i._245_/D : -0.199966
[hold reg-reg] i_soc.i_obi_axi_instr._317_/Q -> i_soc.i_instr_sram.u_sram.gen_bank[1].gen_512.u_macro/csb1 : -0.193805
[hold reg-reg] i_soc.i_dm_top.i_dm_mem._1140_/Q -> i_soc.i_cpu.core_i.if_stage_i.prefetch_buffer_i.fifo_i._248_/D : -0.183064
[hold reg-reg] i_soc.i_dm_top.i_dm_mem._1161_/Q -> i_soc.i_cpu.core_i.if_stage_i.prefetch_buffer_i.fifo_i._269_/D : -0.181881
[hold reg-reg] i_soc.i_dm_top.i_dm_mem._1161_/Q -> i_soc.i_cpu.core_i.if_stage_i.prefetch_buffer_i.fifo_i._238_/D : -0.180683
[hold reg-reg] i_soc.i_dm_top.i_dm_mem._1145_/Q -> i_soc.i_cpu.core_i.if_stage_i.prefetch_buffer_i.fifo_i._253_/D : -0.180647
[hold reg-reg] i_soc.i_dm_top.i_dm_mem._1181_/Q -> i_soc.i_cpu.core_i.if_stage_i.prefetch_buffer_i.fifo_i._226_/D : -0.180121
[hold reg-reg] i_soc.i_dm_top.i_dm_mem._1145_/Q -> i_soc.i_cpu.core_i.if_stage_i.prefetch_buffer_i.fifo_i._222_/D : -0.179849
[hold reg-reg] i_soc.i_dm_top.i_dm_mem._1158_/Q -> i_soc.i_cpu.core_i.if_stage_i.prefetch_buffer_i.fifo_i._266_/D : -0.178048
[hold reg-reg] i_soc.i_dm_top.i_dm_mem._1181_/Q -> i_soc.i_cpu.core_i.if_stage_i.prefetch_buffer_i.fifo_i._257_/D : -0.177936
[hold reg-reg] i_soc.i_dm_top.i_dm_mem._1173_/Q -> i_soc.i_cpu.core_i.if_stage_i.prefetch_buffer_i.fifo_i._249_/D : -0.177726
[hold reg-reg] i_soc.i_dm_top.i_dm_mem._1180_/Q -> i_soc.i_cpu.core_i.if_stage_i.prefetch_buffer_i.fifo_i._225_/D : -0.176688
[hold reg-reg] i_soc.i_obi_axi_data._316_/Q -> i_soc.i_cpu.core_i.load_store_unit_i._1111_/D : -0.174779
[hold reg-reg] i_soc.i_dm_top.i_dm_mem._1166_/Q -> i_soc.i_cpu.core_i.if_stage_i.prefetch_buffer_i.fifo_i._211_/D : -0.173257
[hold reg-reg] i_soc.i_dm_top.i_dm_mem._1166_/Q -> i_soc.i_cpu.core_i.if_stage_i.prefetch_buffer_i.fifo_i._242_/D : -0.173148
[hold reg-reg] i_soc.i_dm_top.i_dm_mem._1158_/Q -> i_soc.i_cpu.core_i.if_stage_i.prefetch_buffer_i.fifo_i._235_/D : -0.173145
[hold reg-reg] i_soc.i_dm_top.i_dm_mem._1173_/Q -> i_soc.i_cpu.core_i.if_stage_i.prefetch_buffer_i.fifo_i._218_/D : -0.172381
[hold reg-reg] i_soc.i_dm_top.i_dm_mem._1140_/Q -> i_soc.i_cpu.core_i.if_stage_i.prefetch_buffer_i.fifo_i._217_/D : -0.169670
[hold reg-reg] i_soc.i_dm_top.i_dm_mem._1180_/Q -> i_soc.i_cpu.core_i.if_stage_i.prefetch_buffer_i.fifo_i._256_/D : -0.169209
[hold reg-reg] i_soc.i_dm_top.i_dm_mem._1160_/Q -> i_soc.i_cpu.core_i.if_stage_i.prefetch_buffer_i.fifo_i._268_/D : -0.160594
[hold reg-reg] i_soc.i_dm_top.i_dm_mem._1160_/Q -> i_soc.i_cpu.core_i.if_stage_i.prefetch_buffer_i.fifo_i._237_/D : -0.160553
[hold reg-reg] i_soc.i_dm_top.i_dm_mem._1164_/Q -> i_soc.i_cpu.core_i.if_stage_i.prefetch_buffer_i.fifo_i._209_/D : -0.156075
[hold reg-reg] i_soc.i_obi_axi_data._291_/Q -> i_soc.i_instr_sram.u_sram.gen_bank[1].gen_512.u_macro/din0[10] : -0.153019
[hold reg-reg] i_soc.i_dm_top.i_dm_mem._1164_/Q -> i_soc.i_cpu.core_i.if_stage_i.prefetch_buffer_i.fifo_i._208_/D : -0.150064
[hold reg-reg] i_soc.i_dm_top.i_dm_mem._1165_/Q -> i_soc.i_cpu.core_i.if_stage_i.prefetch_buffer_i.fifo_i._210_/D : -0.148053
[hold reg-reg] i_soc.i_dm_top.i_dm_mem._1178_/Q -> i_soc.i_cpu.core_i.if_stage_i.prefetch_buffer_i.fifo_i._254_/D : -0.146866
[hold reg-reg] i_soc.i_dm_top.i_dm_mem._1174_/Q -> i_soc.i_cpu.core_i.if_stage_i.prefetch_buffer_i.fifo_i._219_/D : -0.143875
[hold reg-reg] i_soc.i_dm_top.i_dm_mem._1165_/Q -> i_soc.i_cpu.core_i.if_stage_i.prefetch_buffer_i.fifo_i._241_/D : -0.143484
[hold reg-reg] i_soc.i_cpu.core_i.id_stage_i.controller_i._501_/Q -> i_soc.i_cpu.core_i.id_stage_i.controller_i._504_/D : -0.141620
[hold reg-reg] i_soc.i_dm_top.i_dm_mem._1174_/Q -> i_soc.i_cpu.core_i.if_stage_i.prefetch_buffer_i.fifo_i._250_/D : -0.141442
[hold reg-reg] i_soc.i_dm_top.i_dm_mem._1178_/Q -> i_soc.i_cpu.core_i.if_stage_i.prefetch_buffer_i.fifo_i._223_/D : -0.141255
[hold reg-reg] i_soc.i_cpu.core_i.id_stage_i.controller_i._501_/Q -> i_soc.i_cpu.core_i.id_stage_i.controller_i._512_/D : -0.140788
[hold reg-reg] i_soc.i_obi_axi_instr._255_/Q -> i_soc.i_instr_sram.u_sram.gen_bank[3].gen_512.u_macro/addr1[8] : -0.139423
[hold reg-reg] i_soc.i_cpu.core_i.id_stage_i.controller_i._501_/Q -> i_soc.i_cpu.core_i.cs_registers_i._4308_/D : -0.137035
[hold reg-reg] i_soc.i_dm_top.i_dm_mem._1195_/Q -> i_soc.i_cpu.core_i.if_stage_i.prefetch_buffer_i.fifo_i._271_/D : -0.135417
[hold reg-reg] i_soc.i_dm_top.i_dm_mem._1195_/Q -> i_soc.i_cpu.core_i.if_stage_i.prefetch_buffer_i.fifo_i._240_/D : -0.135113
[hold reg-reg] i_soc.i_ai_accel._23018_/Q -> i_soc.i_ai_accel.u_conv_out.gen_bank[1].gen_512.u_macro/addr1[1] : -0.132604
[hold reg-reg] i_soc.i_cpu.core_i.id_stage_i.controller_i._501_/Q -> i_soc.i_cpu.core_i.id_stage_i._3778_/D : -0.132138
[hold reg-reg] i_soc.i_dm_top.i_dm_mem._1183_/Q -> i_soc.i_cpu.core_i.if_stage_i.prefetch_buffer_i.fifo_i._228_/D : -0.129182
[hold reg-reg] i_soc.i_dm_top.i_dm_mem._1183_/Q -> i_soc.i_cpu.core_i.if_stage_i.prefetch_buffer_i.fifo_i._259_/D : -0.128351
[hold reg-reg] i_soc.i_uart_1._1786_/Q -> i_soc.i_cpu.core_i.id_stage_i.int_controller_i._118_/D : -0.127286
[hold reg-reg] i_soc.i_cpu.core_i.id_stage_i.controller_i._501_/Q -> i_soc.i_cpu.core_i.id_stage_i._3779_/D : -0.125502
[hold reg-reg] i_soc.i_boot_rom._471_/Q -> i_soc.i_cpu.core_i.if_stage_i.prefetch_buffer_i.instruction_obi_i._305_/D : -0.122379
[hold reg-reg] i_soc.i_dm_top.i_dm_mem._1157_/Q -> i_soc.i_cpu.core_i.if_stage_i.prefetch_buffer_i.fifo_i._234_/D : -0.120585
[hold reg-reg] i_soc.i_dm_top.i_dm_mem._1157_/Q -> i_soc.i_cpu.core_i.if_stage_i.prefetch_buffer_i.fifo_i._265_/D : -0.119381
[hold reg-reg] i_soc.i_obi_axi_data._307_/Q -> i_soc.i_data_sram.u_sram.gen_bank[0].gen_512.u_macro/din0[26] : -0.118684
[hold reg-reg] i_soc.i_instr_sram._30_/Q -> i_soc.i_instr_sram.u_sram.gen_bank[1].gen_512.u_macro/csb0 : -0.116628
[hold reg-reg] i_soc.i_dm_top.i_dm_mem._1188_/Q -> i_soc.i_cpu.core_i.if_stage_i.prefetch_buffer_i.fifo_i._233_/D : -0.107464
[hold reg-reg] i_soc.i_obi_axi_instr._255_/Q -> i_soc.i_instr_sram.u_sram.gen_bank[1].gen_512.u_macro/addr1[8] : -0.103229
[hold reg-reg] i_soc.i_dm_top.i_dm_mem._1159_/Q -> i_soc.i_cpu.core_i.if_stage_i.prefetch_buffer_i.fifo_i._236_/D : -0.102442
[hold reg-reg] i_soc.i_dm_top.i_dm_mem._1159_/Q -> i_soc.i_cpu.core_i.if_stage_i.prefetch_buffer_i.fifo_i._267_/D : -0.101590
[hold reg-reg] i_soc.i_dm_top.i_dm_mem._1161_/Q -> i_soc.i_cpu.core_i.load_store_unit_i._1149_/D : -0.099256
[hold reg-reg] i_soc.i_dm_top.i_dm_mem._1153_/Q -> i_soc.i_cpu.core_i.if_stage_i.prefetch_buffer_i.fifo_i._230_/D : -0.098321
[hold reg-reg] i_soc.i_dm_top.i_dm_mem._1153_/Q -> i_soc.i_cpu.core_i.if_stage_i.prefetch_buffer_i.fifo_i._261_/D : -0.097387
[hold reg-reg] i_soc.i_dm_top.i_dm_mem._1188_/Q -> i_soc.i_cpu.core_i.if_stage_i.prefetch_buffer_i.fifo_i._264_/D : -0.096781
[hold reg-reg] i_soc.i_ai_accel._23143_/Q -> i_soc.i_ai_accel.u_input_mem/addr0[3] : -0.096727
[hold reg-reg] i_soc.i_dm_top.i_dm_mem._1162_/Q -> i_soc.i_cpu.core_i.if_stage_i.prefetch_buffer_i.fifo_i._270_/D : -0.095914
[hold reg-reg] i_soc.i_obi_axi_instr._247_/Q -> i_soc.i_instr_sram.u_sram.gen_bank[1].gen_512.u_macro/addr1[0] : -0.094469
[hold reg-reg] i_soc.i_dm_top.i_dm_mem._1162_/Q -> i_soc.i_cpu.core_i.if_stage_i.prefetch_buffer_i.fifo_i._239_/D : -0.092984
[hold reg-reg] i_soc.i_obi_axi_data._283_/Q -> i_soc.i_instr_sram.u_sram.gen_bank[1].gen_512.u_macro/din0[2] : -0.091479
[hold reg-reg] i_soc.i_boot_rom._471_/Q -> i_soc.i_cpu.core_i.if_stage_i.prefetch_buffer_i.instruction_obi_i._243_/D : -0.091250
[hold reg-reg] i_soc.i_obi_axi_data._318_/Q -> i_soc.i_data_sram.u_sram.gen_bank[2].gen_512.u_macro/csb0 : -0.090927
[hold reg-reg] i_soc.i_boot_rom._471_/Q -> i_soc.i_cpu.core_i.if_stage_i.prefetch_buffer_i.instruction_obi_i._259_/D : -0.088699
[hold reg-reg] i_soc.i_dm_top.i_dm_mem._1184_/Q -> i_soc.i_cpu.core_i.if_stage_i.prefetch_buffer_i.fifo_i._260_/D : -0.086972
[hold reg-reg] i_soc.i_dm_top.i_dm_mem._1167_/Q -> i_soc.i_cpu.core_i.if_stage_i.prefetch_buffer_i.fifo_i._212_/D : -0.086715
[hold reg-reg] i_soc.i_dm_top.i_dm_mem._1167_/Q -> i_soc.i_cpu.core_i.if_stage_i.prefetch_buffer_i.fifo_i._243_/D : -0.084248
[hold reg-reg] i_soc.i_obi_axi_data._314_/Q -> i_soc.i_cpu.core_i.load_store_unit_i._1112_/D : -0.083074
[hold reg-reg] i_soc.i_dm_top.i_dm_mem._1184_/Q -> i_soc.i_cpu.core_i.if_stage_i.prefetch_buffer_i.fifo_i._229_/D : -0.082666
[hold reg-reg] i_soc.i_ai_accel._23024_/Q -> i_soc.i_ai_accel.u_conv_out.gen_bank[1].gen_512.u_macro/addr1[7] : -0.082117
[hold reg-reg] i_soc.i_ai_accel._23146_/Q -> i_soc.i_ai_accel.u_input_mem/addr0[6] : -0.074647
[hold reg-reg] i_soc.i_ai_accel._23025_/Q -> i_soc.i_ai_accel.u_conv_out.gen_bank[1].gen_512.u_macro/addr1[8] : -0.073908
[hold reg-reg] i_soc.i_dm_top.i_dm_mem._1186_/Q -> i_soc.i_cpu.core_i.if_stage_i.prefetch_buffer_i.fifo_i._231_/D : -0.072574
[hold reg-reg] i_soc.i_ai_accel._23023_/Q -> i_soc.i_ai_accel.u_conv_out.gen_bank[1].gen_512.u_macro/addr1[6] : -0.072199
[hold reg-reg] i_soc.i_obi_axi_instr._248_/Q -> i_soc.i_instr_sram.u_sram.gen_bank[1].gen_512.u_macro/addr1[1] : -0.071924
[hold reg-reg] i_soc.i_dm_top.i_dm_mem._1186_/Q -> i_soc.i_cpu.core_i.if_stage_i.prefetch_buffer_i.fifo_i._262_/D : -0.071606
[hold reg-reg] i_soc.i_dm_top.i_dm_mem._1158_/Q -> i_soc.i_cpu.core_i.load_store_unit_i._1146_/D : -0.069846
[hold reg-reg] i_soc.i_ai_accel._23145_/Q -> i_soc.i_ai_accel.u_input_mem/addr0[5] : -0.067599
[hold reg-reg] i_soc.i_ai_accel._23017_/Q -> i_soc.i_ai_accel.u_conv_out.gen_bank[1].gen_512.u_macro/addr1[0] : -0.066918
[hold reg-reg] i_soc.i_dm_top.i_dm_mem._1187_/Q -> i_soc.i_cpu.core_i.if_stage_i.prefetch_buffer_i.fifo_i._263_/D : -0.064946
[hold reg-reg] i_soc.i_ai_accel._23016_/Q -> i_soc.i_ai_accel.u_input_mem/addr1[5] : -0.064893
[hold reg-reg] i_soc.i_obi_axi_instr._247_/Q -> i_soc.i_instr_sram.u_sram.gen_bank[3].gen_512.u_macro/addr1[0] : -0.064092
[hold reg-reg] i_soc.i_dm_top.i_dm_mem._1195_/Q -> i_soc.i_cpu.core_i.load_store_unit_i._1151_/D : -0.062888
[hold reg-reg] i_soc.i_ai_accel._23019_/Q -> i_soc.i_ai_accel.u_conv_out.gen_bank[1].gen_512.u_macro/addr1[2] : -0.062620
[hold reg-reg] i_soc.i_dm_top.i_dm_mem._1187_/Q -> i_soc.i_cpu.core_i.if_stage_i.prefetch_buffer_i.fifo_i._232_/D : -0.060753
[hold reg-reg] i_soc.i_dm_top.i_dm_mem._1136_/Q -> i_soc.i_cpu.core_i.load_store_unit_i._1124_/D : -0.060399
[hold reg-reg] i_soc.i_obi_axi_instr._249_/Q -> i_soc.i_instr_sram.u_sram.gen_bank[1].gen_512.u_macro/addr1[2] : -0.060165
[hold reg-reg] i_soc.i_dm_top.i_dm_mem._1175_/Q -> i_soc.i_cpu.core_i.load_store_unit_i._1131_/D : -0.059601
[hold reg-reg] i_soc.i_dm_top.i_dm_mem._1160_/Q -> i_soc.i_cpu.core_i.if_stage_i.aligner_i._905_/D : -0.054937
[hold reg-reg] i_soc.i_dm_top.i_dm_mem._1165_/Q -> i_soc.i_cpu.core_i.load_store_unit_i._1121_/D : -0.052728
[hold reg-reg] i_soc.i_dm_top.i_dm_mem._1183_/Q -> i_soc.i_cpu.core_i.load_store_unit_i._1139_/D : -0.052225
[hold reg-reg] i_soc.i_ai_accel._23144_/Q -> i_soc.i_ai_accel.u_input_mem/addr0[4] : -0.051356
[hold reg-reg] i_soc.i_ai_accel._23016_/Q -> i_soc.i_ai_accel.u_input_mem/addr1[4] : -0.047505
[hold reg-reg] i_soc.i_dm_top.i_dm_mem._1147_/Q -> i_soc.i_cpu.core_i.load_store_unit_i._1135_/D : -0.041378
[hold reg-reg] i_soc.i_dm_top.i_dm_mem._1164_/Q -> i_soc.i_cpu.core_i.if_stage_i.aligner_i._909_/D : -0.037956
[hold reg-reg] i_soc.i_ai_accel._23147_/Q -> i_soc.i_ai_accel.u_input_mem/addr0[7] : -0.036337
[hold reg-reg] i_soc.i_dm_top.i_dm_csrs._3329_/Q -> i_soc.i_cpu.core_i.id_stage_i.controller_i._514_/D : -0.035836
[hold reg-reg] i_soc.i_dm_top.i_dm_mem._1182_/Q -> i_soc.i_cpu.core_i.load_store_unit_i._1138_/D : -0.032908
[hold reg-reg] i_soc.i_dm_top.i_dm_mem._1161_/Q -> i_soc.i_cpu.core_i.if_stage_i.aligner_i._906_/D : -0.031562
[hold reg-reg] i_soc.i_dm_top.i_dm_mem._1166_/Q -> i_soc.i_cpu.core_i.load_store_unit_i._1122_/D : -0.031092
[hold reg-reg] i_soc.i_ai_accel._23141_/Q -> i_soc.i_ai_accel.u_input_mem/addr0[1] : -0.029533
[hold reg-reg] i_soc.i_ai_accel._23016_/Q -> i_soc.i_ai_accel.u_input_mem/addr1[6] : -0.029110
[hold reg-reg] i_soc.i_ai_accel._23269_/Q -> i_soc.i_ai_accel.u_input_mem/din0[4] : -0.026025
[hold reg-reg] i_soc.i_dm_top.i_dm_csrs._3329_/Q -> i_soc.i_cpu.core_i.id_stage_i.controller_i._506_/D : -0.024147
[hold reg-reg] i_soc.i_obi_axi_instr._249_/Q -> i_soc.i_instr_sram.u_sram.gen_bank[3].gen_512.u_macro/addr1[2] : -0.023976
[hold reg-reg] i_soc.i_dm_top.i_dm_mem._1180_/Q -> i_soc.i_cpu.core_i.load_store_unit_i._1136_/D : -0.023671
[hold reg-reg] i_soc.i_ai_accel._23022_/Q -> i_soc.i_ai_accel.u_conv_out.gen_bank[1].gen_512.u_macro/addr1[5] : -0.022505
[hold reg-reg] i_soc.i_crossbar._0564_/Q -> i_soc.i_cpu.core_i.load_store_unit_i._1140_/D : -0.022200
[hold reg-reg] i_soc.i_crossbar._0563_/Q -> i_soc.i_instr_sram.u_sram.gen_bank[3].gen_512.u_macro/csb1 : -0.021700
[hold reg-reg] i_soc.i_ai_accel._23266_/Q -> i_soc.i_ai_accel.u_input_mem/din0[1] : -0.021506
[hold reg-reg] i_soc.i_dm_top.i_dm_mem._1171_/Q -> i_soc.i_cpu.core_i.load_store_unit_i._1127_/D : -0.019573
[hold reg-reg] i_soc.i_dm_top.i_dm_mem._1188_/Q -> i_soc.i_cpu.core_i.load_store_unit_i._1144_/D : -0.018491
[hold reg-reg] i_soc.i_dm_top.i_dm_mem._1157_/Q -> i_soc.i_cpu.core_i.load_store_unit_i._1145_/D : -0.018057
[hold reg-reg] i_soc.i_dm_top.i_dm_mem._1183_/Q -> i_soc.i_cpu.core_i.if_stage_i.aligner_i._896_/D : -0.017742
[hold reg-reg] i_soc.i_obi_axi_data._295_/Q -> i_soc.i_instr_sram.u_sram.gen_bank[1].gen_512.u_macro/din0[14] : -0.017626
[hold reg-reg] i_soc.i_ai_accel._23020_/Q -> i_soc.i_ai_accel.u_conv_out.gen_bank[1].gen_512.u_macro/addr1[3] : -0.016375
[hold reg-reg] i_soc.i_obi_axi_data._297_/Q -> i_soc.i_instr_sram.u_sram.gen_bank[1].gen_512.u_macro/din0[16] : -0.016104
[hold reg-reg] i_soc.i_obi_axi_data._292_/Q -> i_soc.i_instr_sram.u_sram.gen_bank[1].gen_512.u_macro/din0[11] : -0.013837
[hold reg-reg] i_soc.i_dm_top.i_dm_mem._1158_/Q -> i_soc.i_cpu.core_i.if_stage_i.aligner_i._903_/D : -0.013010
[hold reg-reg] i_soc.i_ai_accel._23021_/Q -> i_soc.i_ai_accel.u_conv_out.gen_bank[1].gen_512.u_macro/addr1[4] : -0.012676
[hold reg-reg] i_soc.i_cpu.core_i.id_stage_i.controller_i._501_/Q -> i_soc.i_cpu.core_i.cs_registers_i._4307_/D : -0.012083
[hold reg-reg] i_soc.i_dm_top.i_dm_mem._1144_/Q -> i_soc.i_cpu.core_i.load_store_unit_i._1132_/D : -0.011981
[hold reg-reg] i_soc.i_dm_top.i_dm_mem._1140_/Q -> i_soc.i_cpu.core_i.load_store_unit_i._1128_/D : -0.011722
[hold reg-reg] i_soc.i_obi_axi_instr._248_/Q -> i_soc.i_instr_sram.u_sram.gen_bank[3].gen_512.u_macro/addr1[1] : -0.011287
[hold reg-reg] i_soc.i_dm_top.i_dm_mem._1160_/Q -> i_soc.i_cpu.core_i.load_store_unit_i._1148_/D : -0.011023
[hold reg-reg] i_soc.i_ai_accel._23271_/Q -> i_soc.i_ai_accel.u_input_mem/din0[6] : -0.010955
[hold reg-reg] i_soc.i_ai_accel._23268_/Q -> i_soc.i_ai_accel.u_input_mem/din0[3] : -0.009295
[hold reg-reg] i_soc.i_obi_axi_data._293_/Q -> i_soc.i_instr_sram.u_sram.gen_bank[1].gen_512.u_macro/din0[12] : -0.006858
[hold reg-reg] i_soc.i_ai_accel._23270_/Q -> i_soc.i_ai_accel.u_input_mem/din0[5] : -0.006834
[hold reg-reg] i_soc.i_ai_accel._23120_/Q -> i_soc.i_ai_accel.u_conv_w_mem/addr1[6] : -0.006572
[hold reg-reg] i_soc.i_ai_accel._23015_/Q -> i_soc.i_ai_accel.u_input_mem/addr1[3] : -0.006045
[hold reg-reg] i_soc.i_ai_accel._23276_/Q -> i_soc.i_ai_accel.u_input_mem/din0[11] : -0.004830
[hold reg-reg] i_soc.i_dm_top.i_dm_mem._1178_/Q -> i_soc.i_cpu.core_i.load_store_unit_i._1134_/D : -0.003172
[hold reg-reg] i_soc.i_dm_top.i_dm_mem._1174_/Q -> i_soc.i_cpu.core_i.load_store_unit_i._1130_/D : -0.001238
[hold reg-reg] i_soc.i_ai_accel._23142_/Q -> i_soc.i_ai_accel.u_conv_w_mem/addr0[2] : -0.000598
[hold reg-reg] i_soc.i_obi_axi_data._303_/Q -> i_soc.i_instr_sram.u_sram.gen_bank[1].gen_512.u_macro/din0[22] : -0.000229
