Copyright 1986-2021 Xilinx, Inc. All Rights Reserved.
------------------------------------------------------------------------------------------------
| Tool Version : Vivado v.2021.2 (win64) Build 3367213 Tue Oct 19 02:48:09 MDT 2021
| Date         : Thu Sep  3 02:35:19 2026
| Host         : Berk66 running 64-bit major release  (build 9200)
| Command      : report_timing_summary -file Y:/build/fpga_jtag_reports/impl_timing_summary.rpt
| Design       : fpga_top
| Device       : 7k325t-ffg900
| Speed File   : -2  PRODUCTION 1.12 2017-02-17
------------------------------------------------------------------------------------------------

Timing Summary Report

------------------------------------------------------------------------------------------------
| Timer Settings
| --------------
------------------------------------------------------------------------------------------------

  Enable Multi Corner Analysis               :  Yes
  Enable Pessimism Removal                   :  Yes
  Pessimism Removal Resolution               :  Nearest Common Node
  Enable Input Delay Default Clock           :  No
  Enable Preset / Clear Arcs                 :  No
  Disable Flight Delays                      :  No
  Ignore I/O Paths                           :  No
  Timing Early Launch at Borrowing Latches   :  No
  Borrow Time for Max Delay Exceptions       :  Yes
  Merge Timing Exceptions                    :  Yes

  Corner  Analyze    Analyze    
  Name    Max Paths  Min Paths  
  ------  ---------  ---------  
  Slow    Yes        Yes        
  Fast    Yes        Yes        


------------------------------------------------------------------------------------------------
| Report Methodology
| ------------------
------------------------------------------------------------------------------------------------

No report available as report_methodology has not been run prior. Run report_methodology on the current design for the summary of methodology violations.



check_timing report

Table of Contents
-----------------
1. checking no_clock (0)
2. checking constant_clock (0)
3. checking pulse_width_clock (0)
4. checking unconstrained_internal_endpoints (0)
5. checking no_input_delay (21)
6. checking no_output_delay (24)
7. checking multiple_clock (0)
8. checking generated_clocks (0)
9. checking loops (0)
10. checking partial_input_delay (0)
11. checking partial_output_delay (0)
12. checking latch_loops (1)

1. checking no_clock (0)
------------------------
 There are 0 register/latch pins with no clock.


2. checking constant_clock (0)
------------------------------
 There are 0 register/latch pins with constant_clock.


3. checking pulse_width_clock (0)
---------------------------------
 There are 0 register/latch pins which need pulse_width check


4. checking unconstrained_internal_endpoints (0)
------------------------------------------------
 There are 0 pins that are not constrained for maximum delay.

 There are 0 pins that are not constrained for maximum delay due to constant clock.


5. checking no_input_delay (21)
-------------------------------
 There are 0 input ports with no input delay specified.

 There are 21 input ports with no input delay but user has a false path constraint. (MEDIUM)


6. checking no_output_delay (24)
--------------------------------
 There are 0 ports with no output delay specified.

 There are 24 ports with no output delay but user has a false path constraint (MEDIUM)

 There are 0 ports with no output delay but with a timing clock defined on it or propagating through it


7. checking multiple_clock (0)
------------------------------
 There are 0 register/latch pins with multiple clocks.


8. checking generated_clocks (0)
--------------------------------
 There are 0 generated clocks that are not connected to a clock source.


9. checking loops (0)
---------------------
 There are 0 combinational loops in the design.


10. checking partial_input_delay (0)
------------------------------------
 There are 0 input ports with partial input delay specified.


11. checking partial_output_delay (0)
-------------------------------------
 There are 0 ports with partial output delay specified.


12. checking latch_loops (1)
----------------------------
 There is 1 combinational latch loop in the design through latch input (HIGH)



------------------------------------------------------------------------------------------------
| Design Timing Summary
| ---------------------
------------------------------------------------------------------------------------------------

    WNS(ns)      TNS(ns)  TNS Failing Endpoints  TNS Total Endpoints      WHS(ns)      THS(ns)  THS Failing Endpoints  THS Total Endpoints     WPWS(ns)     TPWS(ns)  TPWS Failing Endpoints  TPWS Total Endpoints  
    -------      -------  ---------------------  -------------------      -------      -------  ---------------------  -------------------     --------     --------  ----------------------  --------------------  
      2.256        0.000                      0                24132        0.031        0.000                      0                24129        1.100        0.000                       0                  9753  


All user specified timing constraints are met.


------------------------------------------------------------------------------------------------
| Clock Summary
| -------------
------------------------------------------------------------------------------------------------

Clock          Waveform(ns)         Period(ns)      Frequency(MHz)
-----          ------------         ----------      --------------
jtag_tck       {0.000 50.000}       100.000         10.000          
sysclk         {0.000 2.500}        5.000           200.000         
  clk_50_mmcm  {0.000 10.000}       20.000          50.000          
  clk_fb       {0.000 2.500}        5.000           200.000         


------------------------------------------------------------------------------------------------
| Intra Clock Table
| -----------------
------------------------------------------------------------------------------------------------

Clock              WNS(ns)      TNS(ns)  TNS Failing Endpoints  TNS Total Endpoints      WHS(ns)      THS(ns)  THS Failing Endpoints  THS Total Endpoints     WPWS(ns)     TPWS(ns)  TPWS Failing Endpoints  TPWS Total Endpoints  
-----              -------      -------  ---------------------  -------------------      -------      -------  ---------------------  -------------------     --------     --------  ----------------------  --------------------  
jtag_tck            94.794        0.000                      0                  320        0.093        0.000                      0                  320       49.358        0.000                       0                   240  
sysclk                                                                                                                                                           1.100        0.000                       0                     1  
  clk_50_mmcm        2.256        0.000                      0                19187        0.031        0.000                      0                19187        9.600        0.000                       0                  9510  
  clk_fb                                                                                                                                                         3.929        0.000                       0                     2  


------------------------------------------------------------------------------------------------
| Inter Clock Table
| -----------------
------------------------------------------------------------------------------------------------

From Clock    To Clock          WNS(ns)      TNS(ns)  TNS Failing Endpoints  TNS Total Endpoints      WHS(ns)      THS(ns)  THS Failing Endpoints  THS Total Endpoints  
----------    --------          -------      -------  ---------------------  -------------------      -------      -------  ---------------------  -------------------  
              jtag_tck           20.895        0.000                      0                    2                                                                        


------------------------------------------------------------------------------------------------
| Other Path Groups Table
| -----------------------
------------------------------------------------------------------------------------------------

Path Group         From Clock         To Clock               WNS(ns)      TNS(ns)  TNS Failing Endpoints  TNS Total Endpoints      WHS(ns)      THS(ns)  THS Failing Endpoints  THS Total Endpoints  
----------         ----------         --------               -------      -------  ---------------------  -------------------      -------      -------  ---------------------  -------------------  
**async_default**  clk_50_mmcm        clk_50_mmcm             11.425        0.000                      0                 4622        0.491        0.000                      0                 4622  
**default**        jtag_tck                                   15.186        0.000                      0                    2                                                                        


------------------------------------------------------------------------------------------------
| Timing Details
| --------------
------------------------------------------------------------------------------------------------


---------------------------------------------------------------------------------------------------
From Clock:  jtag_tck
  To Clock:  jtag_tck

Setup :            0  Failing Endpoints,  Worst Slack       94.794ns,  Total Violation        0.000ns
Hold  :            0  Failing Endpoints,  Worst Slack        0.093ns,  Total Violation        0.000ns
PW    :            0  Failing Endpoints,  Worst Slack       49.358ns,  Total Violation        0.000ns
---------------------------------------------------------------------------------------------------


Max Delay Paths
--------------------------------------------------------------------------------------
Slack (MET) :             94.794ns  (required time - arrival time)
  Source:                 i_soc/i_dmi_jtag/i_dmi_cdc/i_cdc_resp/i_cdc_reset_ctrlr/i_cdc_reset_ctrlr_half_b/i_state_transition_cdc_dst/i_sync/reg_q_reg[1]/C
                            (rising edge-triggered cell FDRE clocked by jtag_tck  {rise@0.000ns fall@50.000ns period=100.000ns})
  Destination:            i_soc/i_dmi_jtag/dr_q_reg[10]/CE
                            (rising edge-triggered cell FDRE clocked by jtag_tck  {rise@0.000ns fall@50.000ns period=100.000ns})
  Path Group:             jtag_tck
  Path Type:              Setup (Max at Slow Process Corner)
  Requirement:            100.000ns  (jtag_tck rise@100.000ns - jtag_tck rise@0.000ns)
  Data Path Delay:        4.450ns  (logic 0.585ns (13.147%)  route 3.865ns (86.853%))
  Logic Levels:           7  (LUT3=2 LUT5=1 LUT6=4)
  Clock Path Skew:        -0.054ns (DCD - SCD + CPR)
    Destination Clock Delay (DCD):    3.538ns = ( 103.538 - 100.000 ) 
    Source Clock Delay      (SCD):    4.078ns
    Clock Pessimism Removal (CPR):    0.486ns
  Clock Uncertainty:      0.501ns  ((TSJ^2 + TIJ^2)^1/2 + DJ) / 2 + PE
    Total System Jitter     (TSJ):    0.071ns
    Total Input Jitter      (TIJ):    1.000ns
    Discrete Jitter          (DJ):    0.000ns
    Phase Error              (PE):    0.000ns

    Location             Delay type                Incr(ns)  Path(ns)    Netlist Resource(s)
  -------------------------------------------------------------------    -------------------
                         (clock jtag_tck rise edge)
                                                      0.000     0.000 r  
    BSCAN_X0Y2           BSCANE2                      0.000     0.000 r  i_soc/i_dmi_jtag/i_dmi_jtag_tap/i_tap_dtmcs/TCK
                         net (fo=1, routed)           2.529     2.529    i_soc_n_13
    BUFGCTRL_X0Y2        BUFG (Prop_bufg_I_O)         0.093     2.622 r  FSM_sequential_state_q_reg[1]_i_2/O
                         net (fo=239, routed)         1.456     4.078    i_soc/i_dmi_jtag/i_dmi_cdc/i_cdc_resp/i_cdc_reset_ctrlr/i_cdc_reset_ctrlr_half_b/i_state_transition_cdc_dst/i_sync/tck
    SLICE_X39Y141        FDRE                                         r  i_soc/i_dmi_jtag/i_dmi_cdc/i_cdc_resp/i_cdc_reset_ctrlr/i_cdc_reset_ctrlr_half_b/i_state_transition_cdc_dst/i_sync/reg_q_reg[1]/C
  -------------------------------------------------------------------    -------------------
    SLICE_X39Y141        FDRE (Prop_fdre_C_Q)         0.204     4.282 r  i_soc/i_dmi_jtag/i_dmi_cdc/i_cdc_resp/i_cdc_reset_ctrlr/i_cdc_reset_ctrlr_half_b/i_state_transition_cdc_dst/i_sync/reg_q_reg[1]/Q
                         net (fo=4, routed)           0.648     4.930    i_soc/i_dmi_jtag/i_dmi_cdc/i_cdc_resp/i_cdc_reset_ctrlr/i_cdc_reset_ctrlr_half_b/i_state_transition_cdc_dst/req_synced
    SLICE_X42Y138        LUT3 (Prop_lut3_I2_O)        0.123     5.053 r  i_soc/i_dmi_jtag/i_dmi_cdc/i_cdc_resp/i_cdc_reset_ctrlr/i_cdc_reset_ctrlr_half_b/i_state_transition_cdc_dst/receiver_phase_q[1]_i_2__2/O
                         net (fo=5, routed)           0.480     5.533    i_soc/i_dmi_jtag/i_dmi_cdc/i_cdc_resp/i_cdc_reset_ctrlr/i_cdc_reset_ctrlr_half_b/i_state_transition_cdc_dst/FSM_sequential_state_q_reg[1]_0
    SLICE_X36Y141        LUT6 (Prop_lut6_I0_O)        0.043     5.576 f  i_soc/i_dmi_jtag/i_dmi_cdc/i_cdc_resp/i_cdc_reset_ctrlr/i_cdc_reset_ctrlr_half_b/i_state_transition_cdc_dst/s_dst_isolate_ack_q_i_1__0/O
                         net (fo=2, routed)           0.507     6.083    i_soc/i_dmi_jtag/i_dmi_cdc/i_cdc_resp/i_dst/ack_dst_q_reg_1
    SLICE_X37Y137        LUT3 (Prop_lut3_I0_O)        0.043     6.126 r  i_soc/i_dmi_jtag/i_dmi_cdc/i_cdc_resp/i_dst/ack_dst_d_reg_inferred_i_3/O
                         net (fo=5, routed)           0.475     6.601    i_soc/i_dmi_jtag/i_dmi_cdc/i_cdc_resp/i_dst/ack_dst_d_reg_inferred_i_3_n_0
    SLICE_X38Y136        LUT6 (Prop_lut6_I0_O)        0.043     6.644 f  i_soc/i_dmi_jtag/i_dmi_cdc/i_cdc_resp/i_dst/error_q[0]_i_5/O
                         net (fo=1, routed)           0.109     6.754    i_soc/i_dmi_jtag/i_dmi_jtag_tap/error_q_reg[0]_1
    SLICE_X38Y136        LUT6 (Prop_lut6_I0_O)        0.043     6.797 f  i_soc/i_dmi_jtag/i_dmi_jtag_tap/error_q[0]_i_2/O
                         net (fo=3, routed)           0.309     7.106    i_soc/i_dmi_jtag/i_dmi_jtag_tap/error_q[0]_i_2_n_0
    SLICE_X36Y136        LUT5 (Prop_lut5_I4_O)        0.043     7.149 r  i_soc/i_dmi_jtag/i_dmi_jtag_tap/dr_q[40]_i_3/O
                         net (fo=2, routed)           0.370     7.518    i_soc/i_dmi_jtag/i_dmi_jtag_tap/dr_q[40]_i_3_n_0
    SLICE_X37Y136        LUT6 (Prop_lut6_I2_O)        0.043     7.561 r  i_soc/i_dmi_jtag/i_dmi_jtag_tap/dr_q[40]_i_1/O
                         net (fo=41, routed)          0.966     8.528    i_soc/i_dmi_jtag/i_dmi_jtag_tap_n_55
    SLICE_X37Y128        FDRE                                         r  i_soc/i_dmi_jtag/dr_q_reg[10]/CE
  -------------------------------------------------------------------    -------------------

                         (clock jtag_tck rise edge)
                                                    100.000   100.000 r  
    BSCAN_X0Y2           BSCANE2                      0.000   100.000 r  i_soc/i_dmi_jtag/i_dmi_jtag_tap/i_tap_dtmcs/TCK
                         net (fo=1, routed)           2.141   102.141    i_soc_n_13
    BUFGCTRL_X0Y2        BUFG (Prop_bufg_I_O)         0.083   102.224 r  FSM_sequential_state_q_reg[1]_i_2/O
                         net (fo=239, routed)         1.314   103.538    i_soc/i_dmi_jtag/tck
    SLICE_X37Y128        FDRE                                         r  i_soc/i_dmi_jtag/dr_q_reg[10]/C
                         clock pessimism              0.486   104.024    
                         clock uncertainty           -0.501   103.523    
    SLICE_X37Y128        FDRE (Setup_fdre_C_CE)      -0.201   103.322    i_soc/i_dmi_jtag/dr_q_reg[10]
  -------------------------------------------------------------------
                         required time                        103.322    
                         arrival time                          -8.528    
  -------------------------------------------------------------------
                         slack                                 94.794    





Min Delay Paths
--------------------------------------------------------------------------------------
Slack (MET) :             0.093ns  (arrival time - required time)
  Source:                 i_soc/i_dmi_jtag/dr_q_reg[19]/C
                            (rising edge-triggered cell FDRE clocked by jtag_tck  {rise@0.000ns fall@50.000ns period=100.000ns})
  Destination:            i_soc/i_dmi_jtag/data_q_reg[17]/D
                            (rising edge-triggered cell FDRE clocked by jtag_tck  {rise@0.000ns fall@50.000ns period=100.000ns})
  Path Group:             jtag_tck
  Path Type:              Hold (Min at Fast Process Corner)
  Requirement:            0.000ns  (jtag_tck rise@0.000ns - jtag_tck rise@0.000ns)
  Data Path Delay:        0.191ns  (logic 0.128ns (66.995%)  route 0.063ns (33.005%))
  Logic Levels:           1  (LUT6=1)
  Clock Path Skew:        0.011ns (DCD - SCD - CPR)
    Destination Clock Delay (DCD):    2.456ns
    Source Clock Delay      (SCD):    1.993ns
    Clock Pessimism Removal (CPR):    0.452ns

    Location             Delay type                Incr(ns)  Path(ns)    Netlist Resource(s)
  -------------------------------------------------------------------    -------------------
                         (clock jtag_tck rise edge)
                                                      0.000     0.000 r  
    BSCAN_X0Y2           BSCANE2                      0.000     0.000 r  i_soc/i_dmi_jtag/i_dmi_jtag_tap/i_tap_dtmcs/TCK
                         net (fo=1, routed)           1.342     1.342    i_soc_n_13
    BUFGCTRL_X0Y2        BUFG (Prop_bufg_I_O)         0.026     1.368 r  FSM_sequential_state_q_reg[1]_i_2/O
                         net (fo=239, routed)         0.625     1.993    i_soc/i_dmi_jtag/tck
    SLICE_X39Y132        FDRE                                         r  i_soc/i_dmi_jtag/dr_q_reg[19]/C
  -------------------------------------------------------------------    -------------------
    SLICE_X39Y132        FDRE (Prop_fdre_C_Q)         0.100     2.093 r  i_soc/i_dmi_jtag/dr_q_reg[19]/Q
                         net (fo=2, routed)           0.063     2.156    i_soc/i_dmi_jtag/i_dmi_cdc/i_cdc_resp/i_dst/data_q_reg[17]
    SLICE_X38Y132        LUT6 (Prop_lut6_I2_O)        0.028     2.184 r  i_soc/i_dmi_jtag/i_dmi_cdc/i_cdc_resp/i_dst/data_q[17]_i_1/O
                         net (fo=1, routed)           0.000     2.184    i_soc/i_dmi_jtag/data_d[17]
    SLICE_X38Y132        FDRE                                         r  i_soc/i_dmi_jtag/data_q_reg[17]/D
  -------------------------------------------------------------------    -------------------

                         (clock jtag_tck rise edge)
                                                      0.000     0.000 r  
    BSCAN_X0Y2           BSCANE2                      0.000     0.000 r  i_soc/i_dmi_jtag/i_dmi_jtag_tap/i_tap_dtmcs/TCK
                         net (fo=1, routed)           1.583     1.583    i_soc_n_13
    BUFGCTRL_X0Y2        BUFG (Prop_bufg_I_O)         0.030     1.613 r  FSM_sequential_state_q_reg[1]_i_2/O
                         net (fo=239, routed)         0.843     2.456    i_soc/i_dmi_jtag/tck
    SLICE_X38Y132        FDRE                                         r  i_soc/i_dmi_jtag/data_q_reg[17]/C
                         clock pessimism             -0.452     2.004    
    SLICE_X38Y132        FDRE (Hold_fdre_C_D)         0.087     2.091    i_soc/i_dmi_jtag/data_q_reg[17]
  -------------------------------------------------------------------
                         required time                         -2.091    
                         arrival time                           2.184    
  -------------------------------------------------------------------
                         slack                                  0.093    





Pulse Width Checks
--------------------------------------------------------------------------------------
Clock Name:         jtag_tck
Waveform(ns):       { 0.000 50.000 }
Period(ns):         100.000
Sources:            { i_soc/i_dmi_jtag/i_dmi_jtag_tap/i_tap_dtmcs/TCK }

Check Type        Corner  Lib Pin     Reference Pin  Required(ns)  Actual(ns)  Slack(ns)  Location       Pin
Min Period        n/a     BUFG/I      n/a            1.408         100.000     98.591     BUFGCTRL_X0Y2  FSM_sequential_state_q_reg[1]_i_2/I
Low Pulse Width   Slow    SRL16E/CLK  n/a            0.642         50.000      49.358     SLICE_X42Y138  i_soc/i_dmi_jtag/i_dmi_cdc/i_cdc_req/i_src/i_sync/reg_q_reg[1]_srl2/CLK
High Pulse Width  Slow    SRL16E/CLK  n/a            0.642         50.000      49.358     SLICE_X42Y138  i_soc/i_dmi_jtag/i_dmi_cdc/i_cdc_req/i_src/i_sync/reg_q_reg[1]_srl2/CLK



---------------------------------------------------------------------------------------------------
From Clock:  sysclk
  To Clock:  sysclk

Setup :           NA  Failing Endpoints,  Worst Slack           NA  ,  Total Violation           NA
Hold  :           NA  Failing Endpoints,  Worst Slack           NA  ,  Total Violation           NA
PW    :            0  Failing Endpoints,  Worst Slack        1.100ns,  Total Violation        0.000ns
---------------------------------------------------------------------------------------------------


Pulse Width Checks
--------------------------------------------------------------------------------------
Clock Name:         sysclk
Waveform(ns):       { 0.000 2.500 }
Period(ns):         5.000
Sources:            { sysclk_p }

Check Type        Corner  Lib Pin            Reference Pin  Required(ns)  Actual(ns)  Slack(ns)  Location         Pin
Min Period        n/a     MMCME2_ADV/CLKIN1  n/a            1.071         5.000       3.929      MMCME2_ADV_X1Y1  i_mmcm/CLKIN1
Max Period        n/a     MMCME2_ADV/CLKIN1  n/a            100.000       5.000       95.000     MMCME2_ADV_X1Y1  i_mmcm/CLKIN1
Low Pulse Width   Slow    MMCME2_ADV/CLKIN1  n/a            1.400         2.500       1.100      MMCME2_ADV_X1Y1  i_mmcm/CLKIN1
High Pulse Width  Slow    MMCME2_ADV/CLKIN1  n/a            1.400         2.500       1.100      MMCME2_ADV_X1Y1  i_mmcm/CLKIN1



---------------------------------------------------------------------------------------------------
From Clock:  clk_50_mmcm
  To Clock:  clk_50_mmcm

Setup :            0  Failing Endpoints,  Worst Slack        2.256ns,  Total Violation        0.000ns
Hold  :            0  Failing Endpoints,  Worst Slack        0.031ns,  Total Violation        0.000ns
PW    :            0  Failing Endpoints,  Worst Slack        9.600ns,  Total Violation        0.000ns
---------------------------------------------------------------------------------------------------


Max Delay Paths
--------------------------------------------------------------------------------------
Slack (MET) :             2.256ns  (required time - arrival time)
  Source:                 i_soc/i_cpu/core_i/id_stage_i/csr_access_ex_o_reg/C
                            (rising edge-triggered cell FDCE clocked by clk_50_mmcm  {rise@0.000ns fall@10.000ns period=20.000ns})
  Destination:            i_soc/i_cpu/core_i/sleep_unit_i/core_clock_gate_i/clk_en_reg/D
                            (negative level-sensitive latch clocked by clk_50_mmcm  {rise@0.000ns fall@10.000ns period=20.000ns})
  Path Group:             clk_50_mmcm
  Path Type:              Setup (Max at Slow Process Corner)
  Requirement:            10.000ns  (clk_50_mmcm fall@10.000ns - clk_50_mmcm rise@0.000ns)
  Data Path Delay:        5.159ns  (logic 0.584ns (11.320%)  route 4.575ns (88.680%))
  Logic Levels:           6  (LUT3=1 LUT5=1 LUT6=4)
  Clock Path Skew:        -2.512ns (DCD - SCD + CPR)
    Destination Clock Delay (DCD):    5.037ns = ( 15.037 - 10.000 ) 
    Source Clock Delay      (SCD):    7.886ns
    Clock Pessimism Removal (CPR):    0.336ns
  Clock Uncertainty:      0.073ns  ((TSJ^2 + DJ^2)^1/2) / 2 + PE
    Total System Jitter     (TSJ):    0.071ns
    Discrete Jitter          (DJ):    0.128ns
    Phase Error              (PE):    0.000ns

    Location             Delay type                Incr(ns)  Path(ns)    Netlist Resource(s)
  -------------------------------------------------------------------    -------------------
                         (clock clk_50_mmcm rise edge)
                                                      0.000     0.000 r  
    AD12                                              0.000     0.000 r  sysclk_p (IN)
                         net (fo=0)                   0.000     0.000    sysclk_p
    AD12                 IBUFDS (Prop_ibufds_I_O)     0.906     0.906 r  i_ibufds_sysclk/O
                         net (fo=1, routed)           1.081     1.987    clk_200_ibuf
    MMCME2_ADV_X1Y1      MMCME2_ADV (Prop_mmcme2_adv_CLKIN1_CLKOUT0)
                                                      0.077     2.064 r  i_mmcm/CLKOUT0
                         net (fo=1, routed)           2.130     4.194    clk_50_mmcm
    BUFGCTRL_X0Y0        BUFG (Prop_bufg_I_O)         0.093     4.287 r  i_bufg_50/O
                         net (fo=7402, routed)        1.467     5.753    i_soc/i_cpu/core_i/sleep_unit_i/core_clock_gate_i/clk_50
    SLICE_X80Y196        LUT2 (Prop_lut2_I0_O)        0.043     5.796 r  i_soc/i_cpu/core_i/sleep_unit_i/core_clock_gate_i/cnt_q[1]_i_6/O
                         net (fo=1, routed)           0.431     6.228    i_soc_n_31
    BUFGCTRL_X0Y1        BUFG (Prop_bufg_I_O)         0.093     6.321 r  cnt_q_reg[1]_i_2/O
                         net (fo=2106, routed)        1.565     7.886    i_soc/i_cpu/core_i/id_stage_i/clk
    SLICE_X67Y96         FDCE                                         r  i_soc/i_cpu/core_i/id_stage_i/csr_access_ex_o_reg/C
  -------------------------------------------------------------------    -------------------
    SLICE_X67Y96         FDCE (Prop_fdce_C_Q)         0.223     8.109 f  i_soc/i_cpu/core_i/id_stage_i/csr_access_ex_o_reg/Q
                         net (fo=170, routed)         1.089     9.197    i_soc/i_cpu/core_i/id_stage_i/csr_access_ex
    SLICE_X90Y105        LUT3 (Prop_lut3_I2_O)        0.051     9.248 r  i_soc/i_cpu/core_i/id_stage_i/mscratch_q[31]_i_3/O
                         net (fo=10, routed)          0.367     9.615    i_soc/i_cpu/core_i/id_stage_i/mscratch_q[31]_i_3_n_0
    SLICE_X92Y103        LUT6 (Prop_lut6_I4_O)        0.138     9.753 r  i_soc/i_cpu/core_i/id_stage_i/gen_mhpmevent[3].gen_implemented.mhpmevent_q[3][15]_i_5/O
                         net (fo=2, routed)           0.249    10.003    i_soc/i_cpu/core_i/id_stage_i/gen_mhpmevent[3].gen_implemented.mhpmevent_q[3][15]_i_5_n_0
    SLICE_X89Y103        LUT6 (Prop_lut6_I0_O)        0.043    10.046 r  i_soc/i_cpu/core_i/id_stage_i/clk_en_reg_i_7/O
                         net (fo=6, routed)           0.353    10.398    i_soc/i_cpu/core_i/id_stage_i/clk_en_reg_i_7_n_0
    SLICE_X81Y103        LUT5 (Prop_lut5_I1_O)        0.043    10.441 r  i_soc/i_cpu/core_i/id_stage_i/clk_en_reg_i_6/O
                         net (fo=1, routed)           0.265    10.707    i_soc/i_cpu/core_i/id_stage_i/mie_bypass[18]
    SLICE_X80Y103        LUT6 (Prop_lut6_I4_O)        0.043    10.750 r  i_soc/i_cpu/core_i/id_stage_i/clk_en_reg_i_3/O
                         net (fo=2, routed)           0.591    11.341    i_soc/i_cpu/core_i/id_stage_i/controller_i/clk_en_reg
    SLICE_X63Y103        LUT6 (Prop_lut6_I3_O)        0.043    11.384 r  i_soc/i_cpu/core_i/id_stage_i/controller_i/clk_en_reg_i_1/O
                         net (fo=1, routed)           1.661    13.045    i_soc/i_cpu/core_i/sleep_unit_i/core_clock_gate_i/clock_en
    SLICE_X70Y159        LDCE                                         r  i_soc/i_cpu/core_i/sleep_unit_i/core_clock_gate_i/clk_en_reg/D
  -------------------------------------------------------------------    -------------------

                         (clock clk_50_mmcm fall edge)
                                                     10.000    10.000 f  
    AD12                                              0.000    10.000 f  sysclk_p (IN)
                         net (fo=0)                   0.000    10.000    sysclk_p
    AD12                 IBUFDS (Prop_ibufds_I_O)     0.803    10.803 f  i_ibufds_sysclk/O
                         net (fo=1, routed)           0.986    11.789    clk_200_ibuf
    MMCME2_ADV_X1Y1      MMCME2_ADV (Prop_mmcme2_adv_CLKIN1_CLKOUT0)
                                                      0.073    11.862 f  i_mmcm/CLKOUT0
                         net (fo=1, routed)           2.005    13.867    clk_50_mmcm
    BUFGCTRL_X0Y0        BUFG (Prop_bufg_I_O)         0.083    13.950 f  i_bufg_50/O
                         net (fo=7402, routed)        1.087    15.037    i_soc/i_cpu/core_i/sleep_unit_i/core_clock_gate_i/clk_50
    SLICE_X70Y159        LDCE                                         r  i_soc/i_cpu/core_i/sleep_unit_i/core_clock_gate_i/clk_en_reg/G  (IS_INVERTED)
                         clock pessimism              0.336    15.374    
                         clock uncertainty           -0.073    15.300    
  -------------------------------------------------------------------
                         required time                         15.300    
                         arrival time                         -13.045    
  -------------------------------------------------------------------
                         slack                                  2.256    





Min Delay Paths
--------------------------------------------------------------------------------------
Slack (MET) :             0.031ns  (arrival time - required time)
  Source:                 i_soc/i_cpu/core_i/if_stage_i/aligner_i/pc_q_reg[7]/C
                            (rising edge-triggered cell FDCE clocked by clk_50_mmcm  {rise@0.000ns fall@10.000ns period=20.000ns})
  Destination:            i_soc/i_cpu/core_i/if_stage_i/pc_id_o_reg[7]/D
                            (rising edge-triggered cell FDCE clocked by clk_50_mmcm  {rise@0.000ns fall@10.000ns period=20.000ns})
  Path Group:             clk_50_mmcm
  Path Type:              Hold (Min at Fast Process Corner)
  Requirement:            0.000ns  (clk_50_mmcm rise@0.000ns - clk_50_mmcm rise@0.000ns)
  Data Path Delay:        0.213ns  (logic 0.100ns (46.908%)  route 0.113ns (53.092%))
  Logic Levels:           0  
  Clock Path Skew:        0.139ns (DCD - SCD - CPR)
    Destination Clock Delay (DCD):    4.101ns
    Source Clock Delay      (SCD):    3.463ns
    Clock Pessimism Removal (CPR):    0.498ns

    Location             Delay type                Incr(ns)  Path(ns)    Netlist Resource(s)
  -------------------------------------------------------------------    -------------------
                         (clock clk_50_mmcm rise edge)
                                                      0.000     0.000 r  
    AD12                                              0.000     0.000 r  sysclk_p (IN)
                         net (fo=0)                   0.000     0.000    sysclk_p
    AD12                 IBUFDS (Prop_ibufds_I_O)     0.388     0.388 r  i_ibufds_sysclk/O
                         net (fo=1, routed)           0.503     0.891    clk_200_ibuf
    MMCME2_ADV_X1Y1      MMCME2_ADV (Prop_mmcme2_adv_CLKIN1_CLKOUT0)
                                                      0.050     0.941 r  i_mmcm/CLKOUT0
                         net (fo=1, routed)           0.940     1.881    clk_50_mmcm
    BUFGCTRL_X0Y0        BUFG (Prop_bufg_I_O)         0.026     1.907 r  i_bufg_50/O
                         net (fo=7402, routed)        0.662     2.569    i_soc/i_cpu/core_i/sleep_unit_i/core_clock_gate_i/clk_50
    SLICE_X80Y196        LUT2 (Prop_lut2_I0_O)        0.028     2.597 r  i_soc/i_cpu/core_i/sleep_unit_i/core_clock_gate_i/cnt_q[1]_i_6/O
                         net (fo=1, routed)           0.192     2.789    i_soc_n_31
    BUFGCTRL_X0Y1        BUFG (Prop_bufg_I_O)         0.026     2.815 r  cnt_q_reg[1]_i_2/O
                         net (fo=2106, routed)        0.648     3.463    i_soc/i_cpu/core_i/if_stage_i/aligner_i/clk
    SLICE_X80Y99         FDCE                                         r  i_soc/i_cpu/core_i/if_stage_i/aligner_i/pc_q_reg[7]/C
  -------------------------------------------------------------------    -------------------
    SLICE_X80Y99         FDCE (Prop_fdce_C_Q)         0.100     3.563 r  i_soc/i_cpu/core_i/if_stage_i/aligner_i/pc_q_reg[7]/Q
                         net (fo=4, routed)           0.113     3.677    i_soc/i_cpu/core_i/if_stage_i/pc_if[7]
    SLICE_X81Y100        FDCE                                         r  i_soc/i_cpu/core_i/if_stage_i/pc_id_o_reg[7]/D
  -------------------------------------------------------------------    -------------------

                         (clock clk_50_mmcm rise edge)
                                                      0.000     0.000 r  
    AD12                                              0.000     0.000 r  sysclk_p (IN)
                         net (fo=0)                   0.000     0.000    sysclk_p
    AD12                 IBUFDS (Prop_ibufds_I_O)     0.470     0.470 r  i_ibufds_sysclk/O
                         net (fo=1, routed)           0.553     1.023    clk_200_ibuf
    MMCME2_ADV_X1Y1      MMCME2_ADV (Prop_mmcme2_adv_CLKIN1_CLKOUT0)
                                                      0.053     1.076 r  i_mmcm/CLKOUT0
                         net (fo=1, routed)           1.007     2.083    clk_50_mmcm
    BUFGCTRL_X0Y0        BUFG (Prop_bufg_I_O)         0.030     2.113 r  i_bufg_50/O
                         net (fo=7402, routed)        0.885     2.997    i_soc/i_cpu/core_i/sleep_unit_i/core_clock_gate_i/clk_50
    SLICE_X80Y196        LUT2 (Prop_lut2_I0_O)        0.035     3.032 r  i_soc/i_cpu/core_i/sleep_unit_i/core_clock_gate_i/cnt_q[1]_i_6/O
                         net (fo=1, routed)           0.223     3.256    i_soc_n_31
    BUFGCTRL_X0Y1        BUFG (Prop_bufg_I_O)         0.030     3.286 r  cnt_q_reg[1]_i_2/O
                         net (fo=2106, routed)        0.815     4.101    i_soc/i_cpu/core_i/if_stage_i/clk
    SLICE_X81Y100        FDCE                                         r  i_soc/i_cpu/core_i/if_stage_i/pc_id_o_reg[7]/C
                         clock pessimism             -0.498     3.602    
    SLICE_X81Y100        FDCE (Hold_fdce_C_D)         0.043     3.645    i_soc/i_cpu/core_i/if_stage_i/pc_id_o_reg[7]
  -------------------------------------------------------------------
                         required time                         -3.645    
                         arrival time                           3.677    
  -------------------------------------------------------------------
                         slack                                  0.031    





Pulse Width Checks
--------------------------------------------------------------------------------------
Clock Name:         clk_50_mmcm
Waveform(ns):       { 0.000 10.000 }
Period(ns):         20.000
Sources:            { i_mmcm/CLKOUT0 }

Check Type        Corner  Lib Pin             Reference Pin  Required(ns)  Actual(ns)  Slack(ns)  Location         Pin
Min Period        n/a     RAMB36E1/CLKARDCLK  n/a            2.095         20.000      17.905     RAMB36_X1Y18     i_soc/i_ai_accel/conv_out_mem_reg/CLKARDCLK
Max Period        n/a     MMCME2_ADV/CLKOUT0  n/a            213.360       20.000      193.360    MMCME2_ADV_X1Y1  i_mmcm/CLKOUT0
Low Pulse Width   Slow    FDCE/C              n/a            0.400         10.000      9.600      SLICE_X51Y91     i_soc/i_ai_accel/FSM_onehot_mem_state_reg[1]/C
High Pulse Width  Slow    FDCE/C              n/a            0.350         10.000      9.650      SLICE_X48Y100    g_reg_rdata.rdata_reg_reg[31]_i_2/C



---------------------------------------------------------------------------------------------------
From Clock:  clk_fb
  To Clock:  clk_fb

Setup :           NA  Failing Endpoints,  Worst Slack           NA  ,  Total Violation           NA
Hold  :           NA  Failing Endpoints,  Worst Slack           NA  ,  Total Violation           NA
PW    :            0  Failing Endpoints,  Worst Slack        3.929ns,  Total Violation        0.000ns
---------------------------------------------------------------------------------------------------


Pulse Width Checks
--------------------------------------------------------------------------------------
Clock Name:         clk_fb
Waveform(ns):       { 0.000 2.500 }
Period(ns):         5.000
Sources:            { i_mmcm/CLKFBOUT }

Check Type  Corner  Lib Pin              Reference Pin  Required(ns)  Actual(ns)  Slack(ns)  Location         Pin
Min Period  n/a     MMCME2_ADV/CLKFBOUT  n/a            1.071         5.000       3.929      MMCME2_ADV_X1Y1  i_mmcm/CLKFBOUT
Max Period  n/a     MMCME2_ADV/CLKFBIN   n/a            100.000       5.000       95.000     MMCME2_ADV_X1Y1  i_mmcm/CLKFBIN



---------------------------------------------------------------------------------------------------
From Clock:  
  To Clock:  jtag_tck

Setup :            0  Failing Endpoints,  Worst Slack       20.895ns,  Total Violation        0.000ns
Hold  :           NA  Failing Endpoints,  Worst Slack           NA  ,  Total Violation           NA
---------------------------------------------------------------------------------------------------


Max Delay Paths
--------------------------------------------------------------------------------------
Slack (MET) :             20.895ns  (required time - arrival time)
  Source:                 i_soc/i_dmi_jtag/i_dmi_jtag_tap/i_tap_dtmcs/TDI
                            (internal pin)
  Destination:            i_soc/i_dmi_jtag/dtmcs_q_reg[zero1][31]/D
                            (rising edge-triggered cell FDRE clocked by jtag_tck  {rise@0.000ns fall@50.000ns period=100.000ns})
  Path Group:             jtag_tck
  Path Type:              Setup (Max at Fast Process Corner)
  Requirement:            20.000ns  (MaxDelay Path 20.000ns)
  Data Path Delay:        0.543ns  (logic 0.037ns (6.810%)  route 0.506ns (93.190%))
  Logic Levels:           1  (LUT2=1)
  Clock Path Skew:        1.994ns (DCD - SCD + CPR)
    Destination Clock Delay (DCD):    1.994ns
    Source Clock Delay      (SCD):    0.000ns
    Clock Pessimism Removal (CPR):    0.000ns
  Clock Uncertainty:      0.501ns  ((TSJ^2 + TIJ^2)^1/2 + DJ) / 2 + PE
    Total System Jitter     (TSJ):    0.050ns
    Total Input Jitter      (TIJ):    1.000ns
    Discrete Jitter          (DJ):    0.000ns
    Phase Error              (PE):    0.000ns
  Timing Exception:       MaxDelay Path 20.000ns

    Location             Delay type                Incr(ns)  Path(ns)    Netlist Resource(s)
  -------------------------------------------------------------------    -------------------
    BSCAN_X0Y2           BSCANE2                      0.000     0.000 r  i_soc/i_dmi_jtag/i_dmi_jtag_tap/i_tap_dtmcs/TDI
                         net (fo=2, routed)           0.326     0.326    i_soc/i_dmi_jtag/i_dmi_jtag_tap/tdi
    SLICE_X39Y132        LUT2 (Prop_lut2_I0_O)        0.037     0.363 r  i_soc/i_dmi_jtag/i_dmi_jtag_tap/dtmcs_q[zero1][31]_i_1/O
                         net (fo=1, routed)           0.180     0.543    i_soc/i_dmi_jtag/dtmcs_d[zero1][31]
    SLICE_X38Y133        FDRE                                         r  i_soc/i_dmi_jtag/dtmcs_q_reg[zero1][31]/D
  -------------------------------------------------------------------    -------------------

                         max delay                   20.000    20.000    
    BSCAN_X0Y2           BSCANE2                      0.000    20.000 r  i_soc/i_dmi_jtag/i_dmi_jtag_tap/i_tap_dtmcs/TCK
                         net (fo=1, routed)           1.342    21.342    i_soc_n_13
    BUFGCTRL_X0Y2        BUFG (Prop_bufg_I_O)         0.026    21.368 r  FSM_sequential_state_q_reg[1]_i_2/O
                         net (fo=239, routed)         0.626    21.994    i_soc/i_dmi_jtag/tck
    SLICE_X38Y133        FDRE                                         r  i_soc/i_dmi_jtag/dtmcs_q_reg[zero1][31]/C
                         clock pessimism              0.000    21.994    
                         clock uncertainty           -0.501    21.493    
    SLICE_X38Y133        FDRE (Setup_fdre_C_D)       -0.055    21.438    i_soc/i_dmi_jtag/dtmcs_q_reg[zero1][31]
  -------------------------------------------------------------------
                         required time                         21.438    
                         arrival time                          -0.543    
  -------------------------------------------------------------------
                         slack                                 20.895    





---------------------------------------------------------------------------------------------------
Path Group:  **async_default**
From Clock:  clk_50_mmcm
  To Clock:  clk_50_mmcm

Setup :            0  Failing Endpoints,  Worst Slack       11.425ns,  Total Violation        0.000ns
Hold  :            0  Failing Endpoints,  Worst Slack        0.491ns,  Total Violation        0.000ns
---------------------------------------------------------------------------------------------------


Max Delay Paths
--------------------------------------------------------------------------------------
Slack (MET) :             11.425ns  (required time - arrival time)
  Source:                 rst_sync_n_reg/C
                            (rising edge-triggered cell FDCE clocked by clk_50_mmcm  {rise@0.000ns fall@10.000ns period=20.000ns})
  Destination:            i_soc/i_ai_accel/mac_b_reg[6]/CLR
                            (recovery check against rising-edge clock clk_50_mmcm  {rise@0.000ns fall@10.000ns period=20.000ns})
  Path Group:             **async_default**
  Path Type:              Recovery (Max at Slow Process Corner)
  Requirement:            20.000ns  (clk_50_mmcm rise@20.000ns - clk_50_mmcm rise@0.000ns)
  Data Path Delay:        8.341ns  (logic 0.306ns (3.669%)  route 8.035ns (96.331%))
  Logic Levels:           1  (LUT2=1)
  Clock Path Skew:        0.142ns (DCD - SCD + CPR)
    Destination Clock Delay (DCD):    5.455ns = ( 25.455 - 20.000 ) 
    Source Clock Delay      (SCD):    5.665ns
    Clock Pessimism Removal (CPR):    0.351ns
  Clock Uncertainty:      0.073ns  ((TSJ^2 + DJ^2)^1/2) / 2 + PE
    Total System Jitter     (TSJ):    0.071ns
    Discrete Jitter          (DJ):    0.128ns
    Phase Error              (PE):    0.000ns

    Location             Delay type                Incr(ns)  Path(ns)    Netlist Resource(s)
  -------------------------------------------------------------------    -------------------
                         (clock clk_50_mmcm rise edge)
                                                      0.000     0.000 r  
    AD12                                              0.000     0.000 r  sysclk_p (IN)
                         net (fo=0)                   0.000     0.000    sysclk_p
    AD12                 IBUFDS (Prop_ibufds_I_O)     0.906     0.906 r  i_ibufds_sysclk/O
                         net (fo=1, routed)           1.081     1.987    clk_200_ibuf
    MMCME2_ADV_X1Y1      MMCME2_ADV (Prop_mmcme2_adv_CLKIN1_CLKOUT0)
                                                      0.077     2.064 r  i_mmcm/CLKOUT0
                         net (fo=1, routed)           2.130     4.194    clk_50_mmcm
    BUFGCTRL_X0Y0        BUFG (Prop_bufg_I_O)         0.093     4.287 r  i_bufg_50/O
                         net (fo=7402, routed)        1.378     5.665    clk_50
    SLICE_X54Y122        FDCE                                         r  rst_sync_n_reg/C
  -------------------------------------------------------------------    -------------------
    SLICE_X54Y122        FDCE (Prop_fdce_C_Q)         0.259     5.924 r  rst_sync_n_reg/Q
                         net (fo=3, routed)           2.066     7.990    i_soc/i_dm_top/i_dm_csrs/led[0]
    SLICE_X54Y122        LUT2 (Prop_lut2_I0_O)        0.047     8.037 f  i_soc/i_dm_top/i_dm_csrs/rx_fifo[62][31]_i_3/O
                         net (fo=1649, routed)        5.969    14.005    i_soc/i_ai_accel/state_reg[4]_rep__0_0
    SLICE_X9Y91          FDCE                                         f  i_soc/i_ai_accel/mac_b_reg[6]/CLR
  -------------------------------------------------------------------    -------------------

                         (clock clk_50_mmcm rise edge)
                                                     20.000    20.000 r  
    AD12                                              0.000    20.000 r  sysclk_p (IN)
                         net (fo=0)                   0.000    20.000    sysclk_p
    AD12                 IBUFDS (Prop_ibufds_I_O)     0.803    20.803 r  i_ibufds_sysclk/O
                         net (fo=1, routed)           0.986    21.789    clk_200_ibuf
    MMCME2_ADV_X1Y1      MMCME2_ADV (Prop_mmcme2_adv_CLKIN1_CLKOUT0)
                                                      0.073    21.862 r  i_mmcm/CLKOUT0
                         net (fo=1, routed)           2.005    23.867    clk_50_mmcm
    BUFGCTRL_X0Y0        BUFG (Prop_bufg_I_O)         0.083    23.950 r  i_bufg_50/O
                         net (fo=7402, routed)        1.505    25.455    i_soc/i_ai_accel/clk_50
    SLICE_X9Y91          FDCE                                         r  i_soc/i_ai_accel/mac_b_reg[6]/C
                         clock pessimism              0.351    25.807    
                         clock uncertainty           -0.073    25.733    
    SLICE_X9Y91          FDCE (Recov_fdce_C_CLR)     -0.303    25.430    i_soc/i_ai_accel/mac_b_reg[6]
  -------------------------------------------------------------------
                         required time                         25.430    
                         arrival time                         -14.005    
  -------------------------------------------------------------------
                         slack                                 11.425    





Min Delay Paths
--------------------------------------------------------------------------------------
Slack (MET) :             0.491ns  (arrival time - required time)
  Source:                 i_soc/i_dm_top/i_dm_csrs/dmcontrol_q_reg[ndmreset]/C
                            (rising edge-triggered cell FDCE clocked by clk_50_mmcm  {rise@0.000ns fall@10.000ns period=20.000ns})
  Destination:            i_soc/i_cpu/core_i/if_stage_i/prefetch_buffer_i/instruction_obi_i/gen_no_trans_stable.obi_addr_q_reg[28]/CLR
                            (removal check against rising-edge clock clk_50_mmcm  {rise@0.000ns fall@10.000ns period=20.000ns})
  Path Group:             **async_default**
  Path Type:              Removal (Min at Fast Process Corner)
  Requirement:            0.000ns  (clk_50_mmcm rise@0.000ns - clk_50_mmcm rise@0.000ns)
  Data Path Delay:        1.836ns  (logic 0.146ns (7.953%)  route 1.690ns (92.047%))
  Logic Levels:           1  (LUT2=1)
  Clock Path Skew:        1.395ns (DCD - SCD - CPR)
    Destination Clock Delay (DCD):    4.093ns
    Source Clock Delay      (SCD):    2.492ns
    Clock Pessimism Removal (CPR):    0.205ns

    Location             Delay type                Incr(ns)  Path(ns)    Netlist Resource(s)
  -------------------------------------------------------------------    -------------------
                         (clock clk_50_mmcm rise edge)
                                                      0.000     0.000 r  
    AD12                                              0.000     0.000 r  sysclk_p (IN)
                         net (fo=0)                   0.000     0.000    sysclk_p
    AD12                 IBUFDS (Prop_ibufds_I_O)     0.388     0.388 r  i_ibufds_sysclk/O
                         net (fo=1, routed)           0.503     0.891    clk_200_ibuf
    MMCME2_ADV_X1Y1      MMCME2_ADV (Prop_mmcme2_adv_CLKIN1_CLKOUT0)
                                                      0.050     0.941 r  i_mmcm/CLKOUT0
                         net (fo=1, routed)           0.940     1.881    clk_50_mmcm
    BUFGCTRL_X0Y0        BUFG (Prop_bufg_I_O)         0.026     1.907 r  i_bufg_50/O
                         net (fo=7402, routed)        0.585     2.492    i_soc/i_dm_top/i_dm_csrs/clk_50
    SLICE_X52Y127        FDCE                                         r  i_soc/i_dm_top/i_dm_csrs/dmcontrol_q_reg[ndmreset]/C
  -------------------------------------------------------------------    -------------------
    SLICE_X52Y127        FDCE (Prop_fdce_C_Q)         0.118     2.610 f  i_soc/i_dm_top/i_dm_csrs/dmcontrol_q_reg[ndmreset]/Q
                         net (fo=11, routed)          0.699     3.310    i_soc/i_dm_top/i_dm_csrs/dmcontrol_q_reg[ndmreset]_0
    SLICE_X54Y122        LUT2 (Prop_lut2_I0_O)        0.028     3.338 f  i_soc/i_dm_top/i_dm_csrs/cnt_q[1]_i_3/O
                         net (fo=2361, routed)        0.990     4.328    i_soc/i_cpu/core_i/if_stage_i/prefetch_buffer_i/instruction_obi_i/gen_no_trans_stable.obi_addr_q_reg[2]_0
    SLICE_X62Y115        FDCE                                         f  i_soc/i_cpu/core_i/if_stage_i/prefetch_buffer_i/instruction_obi_i/gen_no_trans_stable.obi_addr_q_reg[28]/CLR
  -------------------------------------------------------------------    -------------------

                         (clock clk_50_mmcm rise edge)
                                                      0.000     0.000 r  
    AD12                                              0.000     0.000 r  sysclk_p (IN)
                         net (fo=0)                   0.000     0.000    sysclk_p
    AD12                 IBUFDS (Prop_ibufds_I_O)     0.470     0.470 r  i_ibufds_sysclk/O
                         net (fo=1, routed)           0.553     1.023    clk_200_ibuf
    MMCME2_ADV_X1Y1      MMCME2_ADV (Prop_mmcme2_adv_CLKIN1_CLKOUT0)
                                                      0.053     1.076 r  i_mmcm/CLKOUT0
                         net (fo=1, routed)           1.007     2.083    clk_50_mmcm
    BUFGCTRL_X0Y0        BUFG (Prop_bufg_I_O)         0.030     2.113 r  i_bufg_50/O
                         net (fo=7402, routed)        0.885     2.997    i_soc/i_cpu/core_i/sleep_unit_i/core_clock_gate_i/clk_50
    SLICE_X80Y196        LUT2 (Prop_lut2_I0_O)        0.035     3.032 r  i_soc/i_cpu/core_i/sleep_unit_i/core_clock_gate_i/cnt_q[1]_i_6/O
                         net (fo=1, routed)           0.223     3.256    i_soc_n_31
    BUFGCTRL_X0Y1        BUFG (Prop_bufg_I_O)         0.030     3.286 r  cnt_q_reg[1]_i_2/O
                         net (fo=2106, routed)        0.807     4.093    i_soc/i_cpu/core_i/if_stage_i/prefetch_buffer_i/instruction_obi_i/clk
    SLICE_X62Y115        FDCE                                         r  i_soc/i_cpu/core_i/if_stage_i/prefetch_buffer_i/instruction_obi_i/gen_no_trans_stable.obi_addr_q_reg[28]/C
                         clock pessimism             -0.205     3.887    
    SLICE_X62Y115        FDCE (Remov_fdce_C_CLR)     -0.050     3.837    i_soc/i_cpu/core_i/if_stage_i/prefetch_buffer_i/instruction_obi_i/gen_no_trans_stable.obi_addr_q_reg[28]
  -------------------------------------------------------------------
                         required time                         -3.837    
                         arrival time                           4.328    
  -------------------------------------------------------------------
                         slack                                  0.491    





---------------------------------------------------------------------------------------------------
Path Group:  **default**
From Clock:  jtag_tck
  To Clock:  

Setup :            0  Failing Endpoints,  Worst Slack       15.186ns,  Total Violation        0.000ns
Hold  :           NA  Failing Endpoints,  Worst Slack           NA  ,  Total Violation           NA
---------------------------------------------------------------------------------------------------


Max Delay Paths
--------------------------------------------------------------------------------------
Slack (MET) :             15.186ns  (required time - arrival time)
  Source:                 i_soc/i_dmi_jtag/dr_q_reg[0]/C
                            (rising edge-triggered cell FDRE clocked by jtag_tck  {rise@0.000ns fall@50.000ns period=100.000ns})
  Destination:            i_soc/i_dmi_jtag/i_dmi_jtag_tap/i_tap_dmi/TDO
  Path Group:             **default**
  Path Type:              Max at Slow Process Corner
  Requirement:            20.000ns  (MaxDelay Path 20.000ns)
  Data Path Delay:        0.739ns  (logic 0.259ns (35.062%)  route 0.480ns (64.938%))
  Logic Levels:           0  
  Output Delay:           0.000ns
  Clock Path Skew:        -4.075ns (DCD - SCD + CPR)
    Destination Clock Delay (DCD):    0.000ns
    Source Clock Delay      (SCD):    4.075ns
    Clock Pessimism Removal (CPR):    0.000ns
  Timing Exception:       MaxDelay Path 20.000ns

    Location             Delay type                Incr(ns)  Path(ns)    Netlist Resource(s)
  -------------------------------------------------------------------    -------------------
                         (clock jtag_tck rise edge)
                                                      0.000     0.000 r  
    BSCAN_X0Y2           BSCANE2                      0.000     0.000 r  i_soc/i_dmi_jtag/i_dmi_jtag_tap/i_tap_dtmcs/TCK
                         net (fo=1, routed)           2.529     2.529    i_soc_n_13
    BUFGCTRL_X0Y2        BUFG (Prop_bufg_I_O)         0.093     2.622 r  FSM_sequential_state_q_reg[1]_i_2/O
                         net (fo=239, routed)         1.453     4.075    i_soc/i_dmi_jtag/tck
    SLICE_X38Y136        FDRE                                         r  i_soc/i_dmi_jtag/dr_q_reg[0]/C
  -------------------------------------------------------------------    -------------------
    SLICE_X38Y136        FDRE (Prop_fdre_C_Q)         0.259     4.334 r  i_soc/i_dmi_jtag/dr_q_reg[0]/Q
                         net (fo=3, routed)           0.480     4.814    i_soc/i_dmi_jtag/i_dmi_jtag_tap/dmi_tdo_i
    BSCAN_X0Y3           BSCANE2                                      r  i_soc/i_dmi_jtag/i_dmi_jtag_tap/i_tap_dmi/TDO
  -------------------------------------------------------------------    -------------------

                         max delay                   20.000    20.000    
                         clock pessimism              0.000    20.000    
    BSCAN_X0Y3           BSCANE2                      0.000    20.000    i_soc/i_dmi_jtag/i_dmi_jtag_tap/i_tap_dmi
                         output delay                -0.000    20.000    
  -------------------------------------------------------------------
                         required time                         20.000    
                         arrival time                          -4.814    
  -------------------------------------------------------------------
                         slack                                 15.186    





