Copyright 1986-2021 Xilinx, Inc. All Rights Reserved.
-------------------------------------------------------------------------------------------
| Tool Version : Vivado v.2021.2 (win64) Build 3367213 Tue Oct 19 02:48:09 MDT 2021
| Date         : Thu Sep  3 10:33:21 2026
| Host         : Berk66 running 64-bit major release  (build 9200)
| Command      : report_utilization -file Y:/build/fpga_jtag_reports/synth_utilization.rpt
| Design       : fpga_top
| Device       : xc7k325tffg900-2
| Speed File   : -2
| Design State : Synthesized
-------------------------------------------------------------------------------------------

Utilization Design Information

Table of Contents
-----------------
1. Slice Logic
1.1 Summary of Registers by Type
2. Memory
3. DSP
4. IO and GT Specific
5. Clocking
6. Specific Feature
7. Primitives
8. Black Boxes
9. Instantiated Netlists

1. Slice Logic
--------------

+----------------------------+-------+-------+------------+-----------+-------+
|          Site Type         |  Used | Fixed | Prohibited | Available | Util% |
+----------------------------+-------+-------+------------+-----------+-------+
| Slice LUTs*                | 14032 |     0 |          0 |    203800 |  6.89 |
|   LUT as Logic             | 14030 |     0 |          0 |    203800 |  6.88 |
|   LUT as Memory            |     2 |     0 |          0 |     64000 | <0.01 |
|     LUT as Distributed RAM |     0 |     0 |            |           |       |
|     LUT as Shift Register  |     2 |     0 |            |           |       |
| Slice Registers            |  9738 |     0 |          0 |    407600 |  2.39 |
|   Register as Flip Flop    |  9737 |     0 |          0 |    407600 |  2.39 |
|   Register as Latch        |     1 |     0 |          0 |    407600 | <0.01 |
| F7 Muxes                   |  1048 |     0 |          0 |    101900 |  1.03 |
| F8 Muxes                   |   342 |     0 |          0 |     50950 |  0.67 |
+----------------------------+-------+-------+------------+-----------+-------+
* Warning! The Final LUT count, after physical optimizations and full implementation, is typically lower. Run opt_design after synthesis, if not already completed, for a more realistic count.


1.1 Summary of Registers by Type
--------------------------------

+-------+--------------+-------------+--------------+
| Total | Clock Enable | Synchronous | Asynchronous |
+-------+--------------+-------------+--------------+
| 0     |            _ |           - |            - |
| 0     |            _ |           - |          Set |
| 0     |            _ |           - |        Reset |
| 0     |            _ |         Set |            - |
| 0     |            _ |       Reset |            - |
| 0     |          Yes |           - |            - |
| 103   |          Yes |           - |          Set |
| 4548  |          Yes |           - |        Reset |
| 32    |          Yes |         Set |            - |
| 5055  |          Yes |       Reset |            - |
+-------+--------------+-------------+--------------+


2. Memory
---------

+-------------------+------+-------+------------+-----------+-------+
|     Site Type     | Used | Fixed | Prohibited | Available | Util% |
+-------------------+------+-------+------------+-----------+-------+
| Block RAM Tile    |   14 |     0 |          0 |       445 |  3.15 |
|   RAMB36/FIFO*    |   13 |     0 |          0 |       445 |  2.92 |
|     RAMB36E1 only |   13 |       |            |           |       |
|   RAMB18          |    2 |     0 |          0 |       890 |  0.22 |
|     RAMB18E1 only |    2 |       |            |           |       |
+-------------------+------+-------+------------+-----------+-------+
* Note: Each Block RAM Tile only has one FIFO logic available and therefore can accommodate only one FIFO36E1 or one FIFO18E1. However, if a FIFO18E1 occupies a Block RAM Tile, that tile can still accommodate a RAMB18E1


3. DSP
------

+----------------+------+-------+------------+-----------+-------+
|    Site Type   | Used | Fixed | Prohibited | Available | Util% |
+----------------+------+-------+------------+-----------+-------+
| DSPs           |   10 |     0 |          0 |       840 |  1.19 |
|   DSP48E1 only |   10 |       |            |           |       |
+----------------+------+-------+------------+-----------+-------+


4. IO and GT Specific
---------------------

+-----------------------------+------+-------+------------+-----------+-------+
|          Site Type          | Used | Fixed | Prohibited | Available | Util% |
+-----------------------------+------+-------+------------+-----------+-------+
| Bonded IOB                  |   43 |    43 |          0 |       500 |  8.60 |
|   IOB Master Pads           |   22 |       |            |           |       |
|   IOB Slave Pads            |   14 |       |            |           |       |
| Bonded IPADs                |    0 |     0 |          0 |        50 |  0.00 |
| Bonded OPADs                |    0 |     0 |          0 |        32 |  0.00 |
| PHY_CONTROL                 |    0 |     0 |          0 |        10 |  0.00 |
| PHASER_REF                  |    0 |     0 |          0 |        10 |  0.00 |
| OUT_FIFO                    |    0 |     0 |          0 |        40 |  0.00 |
| IN_FIFO                     |    0 |     0 |          0 |        40 |  0.00 |
| IDELAYCTRL                  |    0 |     0 |          0 |        10 |  0.00 |
| IBUFDS                      |    1 |     1 |          0 |       480 |  0.21 |
| GTXE2_COMMON                |    0 |     0 |          0 |         4 |  0.00 |
| GTXE2_CHANNEL               |    0 |     0 |          0 |        16 |  0.00 |
| PHASER_OUT/PHASER_OUT_PHY   |    0 |     0 |          0 |        40 |  0.00 |
| PHASER_IN/PHASER_IN_PHY     |    0 |     0 |          0 |        40 |  0.00 |
| IDELAYE2/IDELAYE2_FINEDELAY |    0 |     0 |          0 |       500 |  0.00 |
| ODELAYE2/ODELAYE2_FINEDELAY |    0 |     0 |          0 |       150 |  0.00 |
| IBUFDS_GTE2                 |    0 |     0 |          0 |         8 |  0.00 |
| ILOGIC                      |    0 |     0 |          0 |       500 |  0.00 |
| OLOGIC                      |    0 |     0 |          0 |       500 |  0.00 |
+-----------------------------+------+-------+------------+-----------+-------+


5. Clocking
-----------

+------------+------+-------+------------+-----------+-------+
|  Site Type | Used | Fixed | Prohibited | Available | Util% |
+------------+------+-------+------------+-----------+-------+
| BUFGCTRL   |    3 |     0 |          0 |        32 |  9.38 |
| BUFIO      |    0 |     0 |          0 |        40 |  0.00 |
| MMCME2_ADV |    1 |     0 |          0 |        10 | 10.00 |
| PLLE2_ADV  |    0 |     0 |          0 |        10 |  0.00 |
| BUFMRCE    |    0 |     0 |          0 |        20 |  0.00 |
| BUFHCE     |    0 |     0 |          0 |       168 |  0.00 |
| BUFR       |    0 |     0 |          0 |        40 |  0.00 |
+------------+------+-------+------------+-----------+-------+


6. Specific Feature
-------------------

+-------------+------+-------+------------+-----------+--------+
|  Site Type  | Used | Fixed | Prohibited | Available |  Util% |
+-------------+------+-------+------------+-----------+--------+
| BSCANE2     |    2 |     0 |          0 |         4 |  50.00 |
| CAPTUREE2   |    0 |     0 |          0 |         1 |   0.00 |
| DNA_PORT    |    0 |     0 |          0 |         1 |   0.00 |
| EFUSE_USR   |    0 |     0 |          0 |         1 |   0.00 |
| FRAME_ECCE2 |    0 |     0 |          0 |         1 |   0.00 |
| ICAPE2      |    0 |     0 |          0 |         2 |   0.00 |
| PCIE_2_1    |    0 |     0 |          0 |         1 |   0.00 |
| STARTUPE2   |    1 |     0 |          0 |         1 | 100.00 |
| XADC        |    0 |     0 |          0 |         1 |   0.00 |
+-------------+------+-------+------------+-----------+--------+


7. Primitives
-------------

+------------+------+---------------------+
|  Ref Name  | Used | Functional Category |
+------------+------+---------------------+
| LUT6       | 8298 |                 LUT |
| FDRE       | 5055 |        Flop & Latch |
| FDCE       | 4547 |        Flop & Latch |
| LUT5       | 2443 |                 LUT |
| LUT3       | 2345 |                 LUT |
| LUT2       | 1353 |                 LUT |
| LUT4       | 1331 |                 LUT |
| MUXF7      | 1048 |               MuxFx |
| CARRY4     |  495 |          CarryLogic |
| MUXF8      |  342 |               MuxFx |
| LUT1       |  244 |                 LUT |
| FDPE       |  103 |        Flop & Latch |
| FDSE       |   32 |        Flop & Latch |
| IBUF       |   21 |                  IO |
| OBUF       |   20 |                  IO |
| RAMB36E1   |   13 |        Block Memory |
| DSP48E1    |   10 |    Block Arithmetic |
| OBUFT      |    5 |                  IO |
| BUFG       |    3 |               Clock |
| SRL16E     |    2 |  Distributed Memory |
| RAMB18E1   |    2 |        Block Memory |
| BSCANE2    |    2 |              Others |
| STARTUPE2  |    1 |              Others |
| MMCME2_ADV |    1 |               Clock |
| LDCE       |    1 |        Flop & Latch |
| IBUFDS     |    1 |                  IO |
+------------+------+---------------------+


8. Black Boxes
--------------

+----------+------+
| Ref Name | Used |
+----------+------+


9. Instantiated Netlists
------------------------

+----------+------+
| Ref Name | Used |
+----------+------+


