
===========================================================================
 report_power
============================================================================
======================= nom_ss_100C_1v60 Corner ===================================

Group                    Internal    Switching      Leakage        Total
                            Power        Power        Power        Power (Watts)
------------------------------------------------------------------------
Sequential           8.348538e-03 1.397613e-04 1.722068e-04 8.660506e-03  14.5%
Combinational        3.834750e-04 5.212851e-04 4.625387e-04 1.367299e-03   2.3%
Clock                4.356385e-03 4.848582e-03 3.159188e-05 9.236559e-03  15.5%
Macro                3.984949e-02 0.000000e+00 4.703921e-04 4.031989e-02  67.7%
Pad                  0.000000e+00 0.000000e+00 0.000000e+00 0.000000e+00   0.0%
------------------------------------------------------------------------
Total                5.292957e-02 5.509628e-03 1.136882e-03 5.957608e-02 100.0%
                            88.8%         9.2%         1.9%

