┏━━━━━━━━━━━━━━━━━━━━━━┳━━━━━━━━━━┳━━━━━━━━━━┳━━━━━━━━━━┳━━━━━━━━━━┳━━━━━━━━━━━┳━━━━━━━━━━┳━━━━━━━━━━━┳━━━━━━━━━━┳━━━━━━━━━━━┳━━━━━━━━━━┳━━━━━━━━━━━┳━━━━━━━━━━┓
┃                      ┃ Hold     ┃ Reg to   ┃          ┃          ┃ of which  ┃ Setup    ┃           ┃          ┃           ┃ of which ┃           ┃          ┃
┃                      ┃ Worst    ┃ Reg      ┃          ┃ Hold Vio ┃ reg to    ┃ Worst    ┃ Reg to    ┃ Setup    ┃ Setup Vio ┃ reg to   ┃ Max Cap   ┃ Max Slew ┃
┃ Corner/Group         ┃ Slack    ┃ Paths    ┃ Hold TNS ┃ Count    ┃ reg       ┃ Slack    ┃ Reg Paths ┃ TNS      ┃ Count     ┃ reg      ┃ Violatio… ┃ Violati… ┃
┡━━━━━━━━━━━━━━━━━━━━━━╇━━━━━━━━━━╇━━━━━━━━━━╇━━━━━━━━━━╇━━━━━━━━━━╇━━━━━━━━━━━╇━━━━━━━━━━╇━━━━━━━━━━━╇━━━━━━━━━━╇━━━━━━━━━━━╇━━━━━━━━━━╇━━━━━━━━━━━╇━━━━━━━━━━┩
│ Overall              │ -0.3087  │ -0.3087  │ -13.1575 │ 234      │ 234       │ -10.5369 │ -10.5369  │ -12533.… │ 2219      │ 2190     │ 647       │ 34716    │
│ nom_tt_025C_1v80     │ -0.3087  │ -0.3087  │ -8.3605  │ 87       │ 87        │ 1.6836   │ 1.6836    │ 0.0000   │ 0         │ 0        │ 224       │ 5506     │
│ nom_ss_100C_1v60     │ -0.1225  │ -0.1225  │ -0.3988  │ 5        │ 5         │ -10.5369 │ -10.5369  │ -12533.… │ 2219      │ 2190     │ 647       │ 34716    │
│ nom_ff_n40C_1v95     │ -0.2897  │ -0.2897  │ -13.1575 │ 142      │ 142       │ 4.0097   │ 4.0097    │ 0.0000   │ 0         │ 0        │ 194       │ 2852     │
└──────────────────────┴──────────┴──────────┴──────────┴──────────┴───────────┴──────────┴───────────┴──────────┴───────────┴──────────┴───────────┴──────────┘
