184. Printing statistics.

=== soc_top ===

        +----------Local Count, excluding submodules.
        |        +-Local Area, excluding submodules.
        |        | 
    67663        - wires
    67734        - wire bits
    67663        - public wires
    67734        - public wire bits
       21        - ports
       92        - port bits
    66852 7.94E+05 cells
       51  638.112   sky130_fd_sc_hd__a2111o_2
       14  210.202   sky130_fd_sc_hd__a2111oi_2
      955 9.56E+03   sky130_fd_sc_hd__a211o_2
      300   3753.6   sky130_fd_sc_hd__a211oi_2
      316 3.16E+03   sky130_fd_sc_hd__a21bo_2
       84  945.907   sky130_fd_sc_hd__a21boi_2
     2012 1.76E+04   sky130_fd_sc_hd__a21o_2
     1601  1.4E+04   sky130_fd_sc_hd__a21oi_2
     1597  1.8E+04   sky130_fd_sc_hd__a221o_2
       11  165.158   sky130_fd_sc_hd__a221oi_2
     2034 2.04E+04   sky130_fd_sc_hd__a22o_2
      182 2.28E+03   sky130_fd_sc_hd__a22oi_2
      252 2.84E+03   sky130_fd_sc_hd__a2bb2o_2
        5   75.072   sky130_fd_sc_hd__a2bb2oi_2
      193 2.17E+03   sky130_fd_sc_hd__a311o_2
       16   240.23   sky130_fd_sc_hd__a311oi_2
     1175 1.03E+04   sky130_fd_sc_hd__a31o_2
       87 1.09E+03   sky130_fd_sc_hd__a31oi_2
      329  3.7E+03   sky130_fd_sc_hd__a32o_2
        4   65.062   sky130_fd_sc_hd__a32oi_2
       37   416.65   sky130_fd_sc_hd__a41o_2
        1   16.266   sky130_fd_sc_hd__a41oi_2
     1823 1.37E+04   sky130_fd_sc_hd__and2_2
      959  8.4E+03   sky130_fd_sc_hd__and2b_2
     1309 9.83E+03   sky130_fd_sc_hd__and3_2
      187 1.87E+03   sky130_fd_sc_hd__and3b_2
      520  5.2E+03   sky130_fd_sc_hd__and4_2
       83  934.646   sky130_fd_sc_hd__and4b_2
       46  575.552   sky130_fd_sc_hd__and4bb_2
        1    3.754   sky130_fd_sc_hd__buf_1
     1267 6.34E+03   sky130_fd_sc_hd__buf_2
      532    2E+03   sky130_fd_sc_hd__conb_1
     5017 1.32E+05   sky130_fd_sc_hd__dfrtp_2
      137  3.6E+03   sky130_fd_sc_hd__dfstp_2
     4940 1.05E+05   sky130_fd_sc_hd__dfxtp_2
     1247 4.68E+03   sky130_fd_sc_hd__inv_2
    10421 1.17E+05   sky130_fd_sc_hd__mux2_1
     1061 2.39E+04   sky130_fd_sc_hd__mux4_2
     3372 2.11E+04   sky130_fd_sc_hd__nand2_2
      745 6.53E+03   sky130_fd_sc_hd__nand2b_2
      514 5.14E+03   sky130_fd_sc_hd__nand3_2
       71  799.517   sky130_fd_sc_hd__nand3b_2
      125     1564   sky130_fd_sc_hd__nand4_2
        5   75.072   sky130_fd_sc_hd__nand4b_2
     3618 2.26E+04   sky130_fd_sc_hd__nor2_2
      357 3.57E+03   sky130_fd_sc_hd__nor3_2
       40   500.48   sky130_fd_sc_hd__nor3b_2
       41  512.992   sky130_fd_sc_hd__nor4_2
       15  225.216   sky130_fd_sc_hd__nor4b_2
       37  462.944   sky130_fd_sc_hd__o2111a_2
        5   75.072   sky130_fd_sc_hd__o2111ai_2
     1127 1.13E+04   sky130_fd_sc_hd__o211a_2
      263 3.29E+03   sky130_fd_sc_hd__o211ai_2
     1366  1.2E+04   sky130_fd_sc_hd__o21a_2
     1168 1.02E+04   sky130_fd_sc_hd__o21ai_2
      288 2.88E+03   sky130_fd_sc_hd__o21ba_2
      148 1.67E+03   sky130_fd_sc_hd__o21bai_2
     1426 1.61E+04   sky130_fd_sc_hd__o221a_2
       23  345.331   sky130_fd_sc_hd__o221ai_2
      853 8.54E+03   sky130_fd_sc_hd__o22a_2
       54  675.648   sky130_fd_sc_hd__o22ai_2
      169  1.9E+03   sky130_fd_sc_hd__o2bb2a_2
       13  195.187   sky130_fd_sc_hd__o2bb2ai_2
      224 2.52E+03   sky130_fd_sc_hd__o311a_2
       11  178.922   sky130_fd_sc_hd__o311ai_2
      400  4003.84   sky130_fd_sc_hd__o31a_2
       78  975.936   sky130_fd_sc_hd__o31ai_2
      108 1.22E+03   sky130_fd_sc_hd__o32a_2
        5   81.328   sky130_fd_sc_hd__o32ai_2
       19  237.728   sky130_fd_sc_hd__o41a_2
        3   48.797   sky130_fd_sc_hd__o41ai_2
     3057 1.91E+04   sky130_fd_sc_hd__or2_2
     1126 8.45E+03   sky130_fd_sc_hd__or3_2
      285  2.5E+03   sky130_fd_sc_hd__or3b_2
      384 3.36E+03   sky130_fd_sc_hd__or4_2
      111 1.11E+03   sky130_fd_sc_hd__or4b_2
       44  550.528   sky130_fd_sc_hd__or4bb_2
     2934 4.77E+04   sky130_fd_sc_hd__xnor2_2
     1387 2.26E+04   sky130_fd_sc_hd__xor2_2
        1        -   sky130_sram_1kbyte_1rw1r_32x256_8
       26        -   sky130_sram_2kbyte_1rw1r_32x512_8

   Area for cell type \sky130_sram_2kbyte_1rw1r_32x512_8 is unknown!
   Area for cell type \sky130_sram_1kbyte_1rw1r_32x256_8 is unknown!

   Chip area for module '\soc_top': 793737.507200
     of which used for sequential elements: 240498.156800 (30.30%)

