Copyright 1986-2021 Xilinx, Inc. All Rights Reserved.
--------------------------------------------------------------------------------------
| Tool Version : Vivado v.2021.2 (win64) Build 3367213 Tue Oct 19 02:48:09 MDT 2021
| Date         : Tue Jul 21 01:01:11 2026
| Host         : Berk66 running 64-bit major release  (build 9200)
| Command      : report_drc -file C:/bl_fpga_build/final2026/rtl/fpga/reports/drc.rpt
| Design       : fpga_top
| Device       : xc7k325tffg900-2
| Speed File   : -2
| Design State : Fully Routed
--------------------------------------------------------------------------------------

Report DRC

Table of Contents
-----------------
1. REPORT SUMMARY
2. REPORT DETAILS

1. REPORT SUMMARY
-----------------
            Netlist: fpga_top
          Floorplan: design_1
      Design limits: <entire design considered>
           Ruledeck: default
             Max violations: <unlimited>
             Violations found: 95
+-----------+----------+---------------------------------+------------+
| Rule      | Severity | Description                     | Violations |
+-----------+----------+---------------------------------+------------+
| CHECK-3   | Warning  | Report rule limit reached       | 2          |
| DPIP-1    | Warning  | Input pipelining                | 24         |
| DPOP-1    | Warning  | PREG Output pipelining          | 14         |
| DPOP-2    | Warning  | MREG Output pipelining          | 12         |
| REQP-1839 | Warning  | RAMB36 async control check      | 20         |
| REQP-1840 | Warning  | RAMB18 async control check      | 20         |
| RPBF-3    | Warning  | IO port buffering is incomplete | 3          |
+-----------+----------+---------------------------------+------------+

2. REPORT DETAILS
-----------------
CHECK-3#1 Warning
Report rule limit reached  
REQP-1839 rule limit reached: 20 violations have been found.
Related violations: <none>

CHECK-3#2 Warning
Report rule limit reached  
REQP-1840 rule limit reached: 20 violations have been found.
Related violations: <none>

DPIP-1#1 Warning
Input pipelining  
DSP i_soc/i_ai_accel/byte_off0 input i_soc/i_ai_accel/byte_off0/B[17:0] is not pipelined. Pipelining DSP48 input will improve performance.
Related violations: <none>

DPIP-1#2 Warning
Input pipelining  
DSP i_soc/i_ai_accel/byte_off0__0 input i_soc/i_ai_accel/byte_off0__0/B[17:0] is not pipelined. Pipelining DSP48 input will improve performance.
Related violations: <none>

DPIP-1#3 Warning
Input pipelining  
DSP i_soc/i_ai_accel/byte_off1 input i_soc/i_ai_accel/byte_off1/A[29:0] is not pipelined. Pipelining DSP48 input will improve performance.
Related violations: <none>

DPIP-1#4 Warning
Input pipelining  
DSP i_soc/i_ai_accel/mac_acc0 input i_soc/i_ai_accel/mac_acc0/A[29:0] is not pipelined. Pipelining DSP48 input will improve performance.
Related violations: <none>

DPIP-1#5 Warning
Input pipelining  
DSP i_soc/i_ai_accel/mac_acc0 input i_soc/i_ai_accel/mac_acc0/B[17:0] is not pipelined. Pipelining DSP48 input will improve performance.
Related violations: <none>

DPIP-1#6 Warning
Input pipelining  
DSP i_soc/i_ai_accel/mac_acc0 input i_soc/i_ai_accel/mac_acc0/C[47:0] is not pipelined. Pipelining DSP48 input will improve performance.
Related violations: <none>

DPIP-1#7 Warning
Input pipelining  
DSP i_soc/i_ai_accel/p_0_out input i_soc/i_ai_accel/p_0_out/A[29:0] is not pipelined. Pipelining DSP48 input will improve performance.
Related violations: <none>

DPIP-1#8 Warning
Input pipelining  
DSP i_soc/i_ai_accel/p_0_out input i_soc/i_ai_accel/p_0_out/B[17:0] is not pipelined. Pipelining DSP48 input will improve performance.
Related violations: <none>

DPIP-1#9 Warning
Input pipelining  
DSP i_soc/i_ai_accel/p_0_out__0 input i_soc/i_ai_accel/p_0_out__0/A[29:0] is not pipelined. Pipelining DSP48 input will improve performance.
Related violations: <none>

DPIP-1#10 Warning
Input pipelining  
DSP i_soc/i_ai_accel/p_0_out__0 input i_soc/i_ai_accel/p_0_out__0/B[17:0] is not pipelined. Pipelining DSP48 input will improve performance.
Related violations: <none>

DPIP-1#11 Warning
Input pipelining  
DSP i_soc/i_ai_accel/p_0_out__1 input i_soc/i_ai_accel/p_0_out__1/A[29:0] is not pipelined. Pipelining DSP48 input will improve performance.
Related violations: <none>

DPIP-1#12 Warning
Input pipelining  
DSP i_soc/i_ai_accel/p_0_out__1 input i_soc/i_ai_accel/p_0_out__1/B[17:0] is not pipelined. Pipelining DSP48 input will improve performance.
Related violations: <none>

DPIP-1#13 Warning
Input pipelining  
DSP i_soc/i_ai_accel/p_0_out__2 input i_soc/i_ai_accel/p_0_out__2/B[17:0] is not pipelined. Pipelining DSP48 input will improve performance.
Related violations: <none>

DPIP-1#14 Warning
Input pipelining  
DSP i_soc/i_ai_accel/p_0_out__3 input i_soc/i_ai_accel/p_0_out__3/B[17:0] is not pipelined. Pipelining DSP48 input will improve performance.
Related violations: <none>

DPIP-1#15 Warning
Input pipelining  
DSP i_soc/i_ai_accel/p_0_out__4 input i_soc/i_ai_accel/p_0_out__4/A[29:0] is not pipelined. Pipelining DSP48 input will improve performance.
Related violations: <none>

DPIP-1#16 Warning
Input pipelining  
DSP i_soc/i_ai_accel/p_0_out__5 input i_soc/i_ai_accel/p_0_out__5/A[29:0] is not pipelined. Pipelining DSP48 input will improve performance.
Related violations: <none>

DPIP-1#17 Warning
Input pipelining  
DSP i_soc/i_cpu/core_i/ex_stage_i/mult_i/ input i_soc/i_cpu/core_i/ex_stage_i/mult_i//A[29:0] is not pipelined. Pipelining DSP48 input will improve performance.
Related violations: <none>

DPIP-1#18 Warning
Input pipelining  
DSP i_soc/i_cpu/core_i/ex_stage_i/mult_i/ input i_soc/i_cpu/core_i/ex_stage_i/mult_i//B[17:0] is not pipelined. Pipelining DSP48 input will improve performance.
Related violations: <none>

DPIP-1#19 Warning
Input pipelining  
DSP i_soc/i_cpu/core_i/ex_stage_i/mult_i/__0 input i_soc/i_cpu/core_i/ex_stage_i/mult_i/__0/A[29:0] is not pipelined. Pipelining DSP48 input will improve performance.
Related violations: <none>

DPIP-1#20 Warning
Input pipelining  
DSP i_soc/i_cpu/core_i/ex_stage_i/mult_i/__0 input i_soc/i_cpu/core_i/ex_stage_i/mult_i/__0/B[17:0] is not pipelined. Pipelining DSP48 input will improve performance.
Related violations: <none>

DPIP-1#21 Warning
Input pipelining  
DSP i_soc/i_cpu/core_i/ex_stage_i/mult_i/__1 input i_soc/i_cpu/core_i/ex_stage_i/mult_i/__1/B[17:0] is not pipelined. Pipelining DSP48 input will improve performance.
Related violations: <none>

DPIP-1#22 Warning
Input pipelining  
DSP i_soc/i_cpu/core_i/ex_stage_i/mult_i/short_mac input i_soc/i_cpu/core_i/ex_stage_i/mult_i/short_mac/C[47:0] is not pipelined. Pipelining DSP48 input will improve performance.
Related violations: <none>

DPIP-1#23 Warning
Input pipelining  
DSP i_soc/i_cpu/core_i/ex_stage_i/mult_i/short_mul input i_soc/i_cpu/core_i/ex_stage_i/mult_i/short_mul/A[29:0] is not pipelined. Pipelining DSP48 input will improve performance.
Related violations: <none>

DPIP-1#24 Warning
Input pipelining  
DSP i_soc/i_cpu/core_i/ex_stage_i/mult_i/short_mul input i_soc/i_cpu/core_i/ex_stage_i/mult_i/short_mul/B[17:0] is not pipelined. Pipelining DSP48 input will improve performance.
Related violations: <none>

DPOP-1#1 Warning
PREG Output pipelining  
DSP i_soc/i_ai_accel/byte_off0__0 output i_soc/i_ai_accel/byte_off0__0/P[47:0] is not pipelined (PREG=0). Pipelining the DSP48 output will improve performance and often saves power so it is suggested whenever possible to fully pipeline this function.  If this DSP48 function was inferred, it is suggested to describe an additional register stage after this function.  If the DSP48 was instantiated in the design, it is suggested to set the PREG attribute to 1.
Related violations: <none>

DPOP-1#2 Warning
PREG Output pipelining  
DSP i_soc/i_ai_accel/mac_acc0 output i_soc/i_ai_accel/mac_acc0/P[47:0] is not pipelined (PREG=0). Pipelining the DSP48 output will improve performance and often saves power so it is suggested whenever possible to fully pipeline this function.  If this DSP48 function was inferred, it is suggested to describe an additional register stage after this function.  If the DSP48 was instantiated in the design, it is suggested to set the PREG attribute to 1.
Related violations: <none>

DPOP-1#3 Warning
PREG Output pipelining  
DSP i_soc/i_ai_accel/p_0_out output i_soc/i_ai_accel/p_0_out/P[47:0] is not pipelined (PREG=0). Pipelining the DSP48 output will improve performance and often saves power so it is suggested whenever possible to fully pipeline this function.  If this DSP48 function was inferred, it is suggested to describe an additional register stage after this function.  If the DSP48 was instantiated in the design, it is suggested to set the PREG attribute to 1.
Related violations: <none>

DPOP-1#4 Warning
PREG Output pipelining  
DSP i_soc/i_ai_accel/p_0_out__0 output i_soc/i_ai_accel/p_0_out__0/P[47:0] is not pipelined (PREG=0). Pipelining the DSP48 output will improve performance and often saves power so it is suggested whenever possible to fully pipeline this function.  If this DSP48 function was inferred, it is suggested to describe an additional register stage after this function.  If the DSP48 was instantiated in the design, it is suggested to set the PREG attribute to 1.
Related violations: <none>

DPOP-1#5 Warning
PREG Output pipelining  
DSP i_soc/i_ai_accel/p_0_out__1 output i_soc/i_ai_accel/p_0_out__1/P[47:0] is not pipelined (PREG=0). Pipelining the DSP48 output will improve performance and often saves power so it is suggested whenever possible to fully pipeline this function.  If this DSP48 function was inferred, it is suggested to describe an additional register stage after this function.  If the DSP48 was instantiated in the design, it is suggested to set the PREG attribute to 1.
Related violations: <none>

DPOP-1#6 Warning
PREG Output pipelining  
DSP i_soc/i_ai_accel/p_0_out__2 output i_soc/i_ai_accel/p_0_out__2/P[47:0] is not pipelined (PREG=0). Pipelining the DSP48 output will improve performance and often saves power so it is suggested whenever possible to fully pipeline this function.  If this DSP48 function was inferred, it is suggested to describe an additional register stage after this function.  If the DSP48 was instantiated in the design, it is suggested to set the PREG attribute to 1.
Related violations: <none>

DPOP-1#7 Warning
PREG Output pipelining  
DSP i_soc/i_ai_accel/p_0_out__3 output i_soc/i_ai_accel/p_0_out__3/P[47:0] is not pipelined (PREG=0). Pipelining the DSP48 output will improve performance and often saves power so it is suggested whenever possible to fully pipeline this function.  If this DSP48 function was inferred, it is suggested to describe an additional register stage after this function.  If the DSP48 was instantiated in the design, it is suggested to set the PREG attribute to 1.
Related violations: <none>

DPOP-1#8 Warning
PREG Output pipelining  
DSP i_soc/i_ai_accel/p_0_out__4 output i_soc/i_ai_accel/p_0_out__4/P[47:0] is not pipelined (PREG=0). Pipelining the DSP48 output will improve performance and often saves power so it is suggested whenever possible to fully pipeline this function.  If this DSP48 function was inferred, it is suggested to describe an additional register stage after this function.  If the DSP48 was instantiated in the design, it is suggested to set the PREG attribute to 1.
Related violations: <none>

DPOP-1#9 Warning
PREG Output pipelining  
DSP i_soc/i_ai_accel/p_0_out__5 output i_soc/i_ai_accel/p_0_out__5/P[47:0] is not pipelined (PREG=0). Pipelining the DSP48 output will improve performance and often saves power so it is suggested whenever possible to fully pipeline this function.  If this DSP48 function was inferred, it is suggested to describe an additional register stage after this function.  If the DSP48 was instantiated in the design, it is suggested to set the PREG attribute to 1.
Related violations: <none>

DPOP-1#10 Warning
PREG Output pipelining  
DSP i_soc/i_ai_accel/p_0_out__6 output i_soc/i_ai_accel/p_0_out__6/P[47:0] is not pipelined (PREG=0). Pipelining the DSP48 output will improve performance and often saves power so it is suggested whenever possible to fully pipeline this function.  If this DSP48 function was inferred, it is suggested to describe an additional register stage after this function.  If the DSP48 was instantiated in the design, it is suggested to set the PREG attribute to 1.
Related violations: <none>

DPOP-1#11 Warning
PREG Output pipelining  
DSP i_soc/i_cpu/core_i/ex_stage_i/mult_i/ output i_soc/i_cpu/core_i/ex_stage_i/mult_i//P[47:0] is not pipelined (PREG=0). Pipelining the DSP48 output will improve performance and often saves power so it is suggested whenever possible to fully pipeline this function.  If this DSP48 function was inferred, it is suggested to describe an additional register stage after this function.  If the DSP48 was instantiated in the design, it is suggested to set the PREG attribute to 1.
Related violations: <none>

DPOP-1#12 Warning
PREG Output pipelining  
DSP i_soc/i_cpu/core_i/ex_stage_i/mult_i/__0 output i_soc/i_cpu/core_i/ex_stage_i/mult_i/__0/P[47:0] is not pipelined (PREG=0). Pipelining the DSP48 output will improve performance and often saves power so it is suggested whenever possible to fully pipeline this function.  If this DSP48 function was inferred, it is suggested to describe an additional register stage after this function.  If the DSP48 was instantiated in the design, it is suggested to set the PREG attribute to 1.
Related violations: <none>

DPOP-1#13 Warning
PREG Output pipelining  
DSP i_soc/i_cpu/core_i/ex_stage_i/mult_i/__1 output i_soc/i_cpu/core_i/ex_stage_i/mult_i/__1/P[47:0] is not pipelined (PREG=0). Pipelining the DSP48 output will improve performance and often saves power so it is suggested whenever possible to fully pipeline this function.  If this DSP48 function was inferred, it is suggested to describe an additional register stage after this function.  If the DSP48 was instantiated in the design, it is suggested to set the PREG attribute to 1.
Related violations: <none>

DPOP-1#14 Warning
PREG Output pipelining  
DSP i_soc/i_cpu/core_i/ex_stage_i/mult_i/short_mac output i_soc/i_cpu/core_i/ex_stage_i/mult_i/short_mac/P[47:0] is not pipelined (PREG=0). Pipelining the DSP48 output will improve performance and often saves power so it is suggested whenever possible to fully pipeline this function.  If this DSP48 function was inferred, it is suggested to describe an additional register stage after this function.  If the DSP48 was instantiated in the design, it is suggested to set the PREG attribute to 1.
Related violations: <none>

DPOP-2#1 Warning
MREG Output pipelining  
DSP i_soc/i_ai_accel/mac_acc0 multiplier stage i_soc/i_ai_accel/mac_acc0/P[47:0] is not pipelined (MREG=0). Pipelining the multiplier function will improve performance and will save significant power so it is suggested whenever possible to fully pipeline this function.  If this multiplier was inferred, it is suggested to describe an additional register stage after this function.  If there is no registered adder/accumulator following the multiply function, two pipeline stages are suggested to allow both the MREG and PREG registers to be used.  If the DSP48 was instantiated in the design, it is suggested to set both the MREG and PREG attributes to 1 when performing multiply functions.
Related violations: <none>

DPOP-2#2 Warning
MREG Output pipelining  
DSP i_soc/i_ai_accel/p_0_out multiplier stage i_soc/i_ai_accel/p_0_out/P[47:0] is not pipelined (MREG=0). Pipelining the multiplier function will improve performance and will save significant power so it is suggested whenever possible to fully pipeline this function.  If this multiplier was inferred, it is suggested to describe an additional register stage after this function.  If there is no registered adder/accumulator following the multiply function, two pipeline stages are suggested to allow both the MREG and PREG registers to be used.  If the DSP48 was instantiated in the design, it is suggested to set both the MREG and PREG attributes to 1 when performing multiply functions.
Related violations: <none>

DPOP-2#3 Warning
MREG Output pipelining  
DSP i_soc/i_ai_accel/p_0_out__0 multiplier stage i_soc/i_ai_accel/p_0_out__0/P[47:0] is not pipelined (MREG=0). Pipelining the multiplier function will improve performance and will save significant power so it is suggested whenever possible to fully pipeline this function.  If this multiplier was inferred, it is suggested to describe an additional register stage after this function.  If there is no registered adder/accumulator following the multiply function, two pipeline stages are suggested to allow both the MREG and PREG registers to be used.  If the DSP48 was instantiated in the design, it is suggested to set both the MREG and PREG attributes to 1 when performing multiply functions.
Related violations: <none>

DPOP-2#4 Warning
MREG Output pipelining  
DSP i_soc/i_ai_accel/p_0_out__1 multiplier stage i_soc/i_ai_accel/p_0_out__1/P[47:0] is not pipelined (MREG=0). Pipelining the multiplier function will improve performance and will save significant power so it is suggested whenever possible to fully pipeline this function.  If this multiplier was inferred, it is suggested to describe an additional register stage after this function.  If there is no registered adder/accumulator following the multiply function, two pipeline stages are suggested to allow both the MREG and PREG registers to be used.  If the DSP48 was instantiated in the design, it is suggested to set both the MREG and PREG attributes to 1 when performing multiply functions.
Related violations: <none>

DPOP-2#5 Warning
MREG Output pipelining  
DSP i_soc/i_ai_accel/p_0_out__2 multiplier stage i_soc/i_ai_accel/p_0_out__2/P[47:0] is not pipelined (MREG=0). Pipelining the multiplier function will improve performance and will save significant power so it is suggested whenever possible to fully pipeline this function.  If this multiplier was inferred, it is suggested to describe an additional register stage after this function.  If there is no registered adder/accumulator following the multiply function, two pipeline stages are suggested to allow both the MREG and PREG registers to be used.  If the DSP48 was instantiated in the design, it is suggested to set both the MREG and PREG attributes to 1 when performing multiply functions.
Related violations: <none>

DPOP-2#6 Warning
MREG Output pipelining  
DSP i_soc/i_ai_accel/p_0_out__3 multiplier stage i_soc/i_ai_accel/p_0_out__3/P[47:0] is not pipelined (MREG=0). Pipelining the multiplier function will improve performance and will save significant power so it is suggested whenever possible to fully pipeline this function.  If this multiplier was inferred, it is suggested to describe an additional register stage after this function.  If there is no registered adder/accumulator following the multiply function, two pipeline stages are suggested to allow both the MREG and PREG registers to be used.  If the DSP48 was instantiated in the design, it is suggested to set both the MREG and PREG attributes to 1 when performing multiply functions.
Related violations: <none>

DPOP-2#7 Warning
MREG Output pipelining  
DSP i_soc/i_ai_accel/p_0_out__4 multiplier stage i_soc/i_ai_accel/p_0_out__4/P[47:0] is not pipelined (MREG=0). Pipelining the multiplier function will improve performance and will save significant power so it is suggested whenever possible to fully pipeline this function.  If this multiplier was inferred, it is suggested to describe an additional register stage after this function.  If there is no registered adder/accumulator following the multiply function, two pipeline stages are suggested to allow both the MREG and PREG registers to be used.  If the DSP48 was instantiated in the design, it is suggested to set both the MREG and PREG attributes to 1 when performing multiply functions.
Related violations: <none>

DPOP-2#8 Warning
MREG Output pipelining  
DSP i_soc/i_ai_accel/p_0_out__5 multiplier stage i_soc/i_ai_accel/p_0_out__5/P[47:0] is not pipelined (MREG=0). Pipelining the multiplier function will improve performance and will save significant power so it is suggested whenever possible to fully pipeline this function.  If this multiplier was inferred, it is suggested to describe an additional register stage after this function.  If there is no registered adder/accumulator following the multiply function, two pipeline stages are suggested to allow both the MREG and PREG registers to be used.  If the DSP48 was instantiated in the design, it is suggested to set both the MREG and PREG attributes to 1 when performing multiply functions.
Related violations: <none>

DPOP-2#9 Warning
MREG Output pipelining  
DSP i_soc/i_ai_accel/p_0_out__6 multiplier stage i_soc/i_ai_accel/p_0_out__6/P[47:0] is not pipelined (MREG=0). Pipelining the multiplier function will improve performance and will save significant power so it is suggested whenever possible to fully pipeline this function.  If this multiplier was inferred, it is suggested to describe an additional register stage after this function.  If there is no registered adder/accumulator following the multiply function, two pipeline stages are suggested to allow both the MREG and PREG registers to be used.  If the DSP48 was instantiated in the design, it is suggested to set both the MREG and PREG attributes to 1 when performing multiply functions.
Related violations: <none>

DPOP-2#10 Warning
MREG Output pipelining  
DSP i_soc/i_cpu/core_i/ex_stage_i/mult_i/ multiplier stage i_soc/i_cpu/core_i/ex_stage_i/mult_i//P[47:0] is not pipelined (MREG=0). Pipelining the multiplier function will improve performance and will save significant power so it is suggested whenever possible to fully pipeline this function.  If this multiplier was inferred, it is suggested to describe an additional register stage after this function.  If there is no registered adder/accumulator following the multiply function, two pipeline stages are suggested to allow both the MREG and PREG registers to be used.  If the DSP48 was instantiated in the design, it is suggested to set both the MREG and PREG attributes to 1 when performing multiply functions.
Related violations: <none>

DPOP-2#11 Warning
MREG Output pipelining  
DSP i_soc/i_cpu/core_i/ex_stage_i/mult_i/__0 multiplier stage i_soc/i_cpu/core_i/ex_stage_i/mult_i/__0/P[47:0] is not pipelined (MREG=0). Pipelining the multiplier function will improve performance and will save significant power so it is suggested whenever possible to fully pipeline this function.  If this multiplier was inferred, it is suggested to describe an additional register stage after this function.  If there is no registered adder/accumulator following the multiply function, two pipeline stages are suggested to allow both the MREG and PREG registers to be used.  If the DSP48 was instantiated in the design, it is suggested to set both the MREG and PREG attributes to 1 when performing multiply functions.
Related violations: <none>

DPOP-2#12 Warning
MREG Output pipelining  
DSP i_soc/i_cpu/core_i/ex_stage_i/mult_i/__1 multiplier stage i_soc/i_cpu/core_i/ex_stage_i/mult_i/__1/P[47:0] is not pipelined (MREG=0). Pipelining the multiplier function will improve performance and will save significant power so it is suggested whenever possible to fully pipeline this function.  If this multiplier was inferred, it is suggested to describe an additional register stage after this function.  If there is no registered adder/accumulator following the multiply function, two pipeline stages are suggested to allow both the MREG and PREG registers to be used.  If the DSP48 was instantiated in the design, it is suggested to set both the MREG and PREG attributes to 1 when performing multiply functions.
Related violations: <none>

REQP-1839#1 Warning
RAMB36 async control check  
The RAMB36E1 i_soc/i_ai_sram/mem_reg_0_0 has an input control pin i_soc/i_ai_sram/mem_reg_0_0/ADDRARDADDR[14] (net: i_soc/i_ai_sram/ADDRARDADDR[12]) which is driven by a register (i_soc/i_ai_accel/m_axi_awaddr_reg[14]) that has an active asychronous set or reset. This may cause corruption of the memory contents and/or read values when the set/reset is asserted and is not analyzed by the default static timing analysis. It is suggested to eliminate the use of a set/reset to registers driving this RAMB pin or else use a synchronous reset in which the assertion of the reset is timed by default.
Related violations: <none>

REQP-1839#2 Warning
RAMB36 async control check  
The RAMB36E1 i_soc/i_ai_sram/mem_reg_0_0 has an input control pin i_soc/i_ai_sram/mem_reg_0_0/ADDRARDADDR[14] (net: i_soc/i_ai_sram/ADDRARDADDR[12]) which is driven by a register (i_soc/i_ai_accel/status_busy_reg) that has an active asychronous set or reset. This may cause corruption of the memory contents and/or read values when the set/reset is asserted and is not analyzed by the default static timing analysis. It is suggested to eliminate the use of a set/reset to registers driving this RAMB pin or else use a synchronous reset in which the assertion of the reset is timed by default.
Related violations: <none>

REQP-1839#3 Warning
RAMB36 async control check  
The RAMB36E1 i_soc/i_ai_sram/mem_reg_0_0 has an input control pin i_soc/i_ai_sram/mem_reg_0_0/ADDRARDADDR[14] (net: i_soc/i_ai_sram/ADDRARDADDR[12]) which is driven by a register (i_soc/i_cpu/core_i/id_stage_i/alu_operand_a_ex_o_reg[0]) that has an active asychronous set or reset. This may cause corruption of the memory contents and/or read values when the set/reset is asserted and is not analyzed by the default static timing analysis. It is suggested to eliminate the use of a set/reset to registers driving this RAMB pin or else use a synchronous reset in which the assertion of the reset is timed by default.
Related violations: <none>

REQP-1839#4 Warning
RAMB36 async control check  
The RAMB36E1 i_soc/i_ai_sram/mem_reg_0_0 has an input control pin i_soc/i_ai_sram/mem_reg_0_0/ADDRARDADDR[14] (net: i_soc/i_ai_sram/ADDRARDADDR[12]) which is driven by a register (i_soc/i_cpu/core_i/id_stage_i/alu_operand_a_ex_o_reg[3]) that has an active asychronous set or reset. This may cause corruption of the memory contents and/or read values when the set/reset is asserted and is not analyzed by the default static timing analysis. It is suggested to eliminate the use of a set/reset to registers driving this RAMB pin or else use a synchronous reset in which the assertion of the reset is timed by default.
Related violations: <none>

REQP-1839#5 Warning
RAMB36 async control check  
The RAMB36E1 i_soc/i_ai_sram/mem_reg_0_0 has an input control pin i_soc/i_ai_sram/mem_reg_0_0/ADDRARDADDR[14] (net: i_soc/i_ai_sram/ADDRARDADDR[12]) which is driven by a register (i_soc/i_cpu/core_i/id_stage_i/alu_operand_a_ex_o_reg[4]) that has an active asychronous set or reset. This may cause corruption of the memory contents and/or read values when the set/reset is asserted and is not analyzed by the default static timing analysis. It is suggested to eliminate the use of a set/reset to registers driving this RAMB pin or else use a synchronous reset in which the assertion of the reset is timed by default.
Related violations: <none>

REQP-1839#6 Warning
RAMB36 async control check  
The RAMB36E1 i_soc/i_ai_sram/mem_reg_0_0 has an input control pin i_soc/i_ai_sram/mem_reg_0_0/ADDRARDADDR[14] (net: i_soc/i_ai_sram/ADDRARDADDR[12]) which is driven by a register (i_soc/i_cpu/core_i/id_stage_i/alu_operand_a_ex_o_reg[5]) that has an active asychronous set or reset. This may cause corruption of the memory contents and/or read values when the set/reset is asserted and is not analyzed by the default static timing analysis. It is suggested to eliminate the use of a set/reset to registers driving this RAMB pin or else use a synchronous reset in which the assertion of the reset is timed by default.
Related violations: <none>

REQP-1839#7 Warning
RAMB36 async control check  
The RAMB36E1 i_soc/i_ai_sram/mem_reg_0_0 has an input control pin i_soc/i_ai_sram/mem_reg_0_0/ADDRARDADDR[14] (net: i_soc/i_ai_sram/ADDRARDADDR[12]) which is driven by a register (i_soc/i_cpu/core_i/id_stage_i/alu_operand_a_ex_o_reg[7]) that has an active asychronous set or reset. This may cause corruption of the memory contents and/or read values when the set/reset is asserted and is not analyzed by the default static timing analysis. It is suggested to eliminate the use of a set/reset to registers driving this RAMB pin or else use a synchronous reset in which the assertion of the reset is timed by default.
Related violations: <none>

REQP-1839#8 Warning
RAMB36 async control check  
The RAMB36E1 i_soc/i_ai_sram/mem_reg_0_0 has an input control pin i_soc/i_ai_sram/mem_reg_0_0/ADDRARDADDR[14] (net: i_soc/i_ai_sram/ADDRARDADDR[12]) which is driven by a register (i_soc/i_cpu/core_i/id_stage_i/alu_operand_a_ex_o_reg[8]) that has an active asychronous set or reset. This may cause corruption of the memory contents and/or read values when the set/reset is asserted and is not analyzed by the default static timing analysis. It is suggested to eliminate the use of a set/reset to registers driving this RAMB pin or else use a synchronous reset in which the assertion of the reset is timed by default.
Related violations: <none>

REQP-1839#9 Warning
RAMB36 async control check  
The RAMB36E1 i_soc/i_ai_sram/mem_reg_0_0 has an input control pin i_soc/i_ai_sram/mem_reg_0_0/ADDRARDADDR[14] (net: i_soc/i_ai_sram/ADDRARDADDR[12]) which is driven by a register (i_soc/i_cpu/core_i/id_stage_i/alu_operand_a_ex_o_reg[9]) that has an active asychronous set or reset. This may cause corruption of the memory contents and/or read values when the set/reset is asserted and is not analyzed by the default static timing analysis. It is suggested to eliminate the use of a set/reset to registers driving this RAMB pin or else use a synchronous reset in which the assertion of the reset is timed by default.
Related violations: <none>

REQP-1839#10 Warning
RAMB36 async control check  
The RAMB36E1 i_soc/i_ai_sram/mem_reg_0_0 has an input control pin i_soc/i_ai_sram/mem_reg_0_0/ADDRARDADDR[14] (net: i_soc/i_ai_sram/ADDRARDADDR[12]) which is driven by a register (i_soc/i_cpu/core_i/id_stage_i/alu_operand_b_ex_o_reg[10]) that has an active asychronous set or reset. This may cause corruption of the memory contents and/or read values when the set/reset is asserted and is not analyzed by the default static timing analysis. It is suggested to eliminate the use of a set/reset to registers driving this RAMB pin or else use a synchronous reset in which the assertion of the reset is timed by default.
Related violations: <none>

REQP-1839#11 Warning
RAMB36 async control check  
The RAMB36E1 i_soc/i_ai_sram/mem_reg_0_0 has an input control pin i_soc/i_ai_sram/mem_reg_0_0/ADDRARDADDR[14] (net: i_soc/i_ai_sram/ADDRARDADDR[12]) which is driven by a register (i_soc/i_cpu/core_i/id_stage_i/alu_operand_b_ex_o_reg[3]) that has an active asychronous set or reset. This may cause corruption of the memory contents and/or read values when the set/reset is asserted and is not analyzed by the default static timing analysis. It is suggested to eliminate the use of a set/reset to registers driving this RAMB pin or else use a synchronous reset in which the assertion of the reset is timed by default.
Related violations: <none>

REQP-1839#12 Warning
RAMB36 async control check  
The RAMB36E1 i_soc/i_ai_sram/mem_reg_0_0 has an input control pin i_soc/i_ai_sram/mem_reg_0_0/ADDRARDADDR[14] (net: i_soc/i_ai_sram/ADDRARDADDR[12]) which is driven by a register (i_soc/i_cpu/core_i/id_stage_i/alu_operand_b_ex_o_reg[4]) that has an active asychronous set or reset. This may cause corruption of the memory contents and/or read values when the set/reset is asserted and is not analyzed by the default static timing analysis. It is suggested to eliminate the use of a set/reset to registers driving this RAMB pin or else use a synchronous reset in which the assertion of the reset is timed by default.
Related violations: <none>

REQP-1839#13 Warning
RAMB36 async control check  
The RAMB36E1 i_soc/i_ai_sram/mem_reg_0_0 has an input control pin i_soc/i_ai_sram/mem_reg_0_0/ADDRARDADDR[14] (net: i_soc/i_ai_sram/ADDRARDADDR[12]) which is driven by a register (i_soc/i_cpu/core_i/id_stage_i/alu_operand_b_ex_o_reg[5]) that has an active asychronous set or reset. This may cause corruption of the memory contents and/or read values when the set/reset is asserted and is not analyzed by the default static timing analysis. It is suggested to eliminate the use of a set/reset to registers driving this RAMB pin or else use a synchronous reset in which the assertion of the reset is timed by default.
Related violations: <none>

REQP-1839#14 Warning
RAMB36 async control check  
The RAMB36E1 i_soc/i_ai_sram/mem_reg_0_0 has an input control pin i_soc/i_ai_sram/mem_reg_0_0/ADDRARDADDR[14] (net: i_soc/i_ai_sram/ADDRARDADDR[12]) which is driven by a register (i_soc/i_cpu/core_i/id_stage_i/alu_operand_b_ex_o_reg[6]) that has an active asychronous set or reset. This may cause corruption of the memory contents and/or read values when the set/reset is asserted and is not analyzed by the default static timing analysis. It is suggested to eliminate the use of a set/reset to registers driving this RAMB pin or else use a synchronous reset in which the assertion of the reset is timed by default.
Related violations: <none>

REQP-1839#15 Warning
RAMB36 async control check  
The RAMB36E1 i_soc/i_ai_sram/mem_reg_0_0 has an input control pin i_soc/i_ai_sram/mem_reg_0_0/ADDRARDADDR[14] (net: i_soc/i_ai_sram/ADDRARDADDR[12]) which is driven by a register (i_soc/i_cpu/core_i/id_stage_i/alu_operand_b_ex_o_reg[7]) that has an active asychronous set or reset. This may cause corruption of the memory contents and/or read values when the set/reset is asserted and is not analyzed by the default static timing analysis. It is suggested to eliminate the use of a set/reset to registers driving this RAMB pin or else use a synchronous reset in which the assertion of the reset is timed by default.
Related violations: <none>

REQP-1839#16 Warning
RAMB36 async control check  
The RAMB36E1 i_soc/i_ai_sram/mem_reg_0_0 has an input control pin i_soc/i_ai_sram/mem_reg_0_0/ADDRARDADDR[14] (net: i_soc/i_ai_sram/ADDRARDADDR[12]) which is driven by a register (i_soc/i_cpu/core_i/id_stage_i/alu_operand_b_ex_o_reg[8]) that has an active asychronous set or reset. This may cause corruption of the memory contents and/or read values when the set/reset is asserted and is not analyzed by the default static timing analysis. It is suggested to eliminate the use of a set/reset to registers driving this RAMB pin or else use a synchronous reset in which the assertion of the reset is timed by default.
Related violations: <none>

REQP-1839#17 Warning
RAMB36 async control check  
The RAMB36E1 i_soc/i_ai_sram/mem_reg_0_0 has an input control pin i_soc/i_ai_sram/mem_reg_0_0/ADDRARDADDR[14] (net: i_soc/i_ai_sram/ADDRARDADDR[12]) which is driven by a register (i_soc/i_cpu/core_i/id_stage_i/alu_operand_b_ex_o_reg[9]) that has an active asychronous set or reset. This may cause corruption of the memory contents and/or read values when the set/reset is asserted and is not analyzed by the default static timing analysis. It is suggested to eliminate the use of a set/reset to registers driving this RAMB pin or else use a synchronous reset in which the assertion of the reset is timed by default.
Related violations: <none>

REQP-1839#18 Warning
RAMB36 async control check  
The RAMB36E1 i_soc/i_ai_sram/mem_reg_0_0 has an input control pin i_soc/i_ai_sram/mem_reg_0_0/ADDRARDADDR[14] (net: i_soc/i_ai_sram/ADDRARDADDR[12]) which is driven by a register (i_soc/i_cpu/core_i/id_stage_i/prepost_useincr_ex_o_reg) that has an active asychronous set or reset. This may cause corruption of the memory contents and/or read values when the set/reset is asserted and is not analyzed by the default static timing analysis. It is suggested to eliminate the use of a set/reset to registers driving this RAMB pin or else use a synchronous reset in which the assertion of the reset is timed by default.
Related violations: <none>

REQP-1839#19 Warning
RAMB36 async control check  
The RAMB36E1 i_soc/i_ai_sram/mem_reg_0_0 has an input control pin i_soc/i_ai_sram/mem_reg_0_0/ADDRARDADDR[14] (net: i_soc/i_ai_sram/ADDRARDADDR[12]) which is driven by a register (i_soc/i_uart_1/dma_busy_reg) that has an active asychronous set or reset. This may cause corruption of the memory contents and/or read values when the set/reset is asserted and is not analyzed by the default static timing analysis. It is suggested to eliminate the use of a set/reset to registers driving this RAMB pin or else use a synchronous reset in which the assertion of the reset is timed by default.
Related violations: <none>

REQP-1839#20 Warning
RAMB36 async control check  
The RAMB36E1 i_soc/i_ai_sram/mem_reg_0_0 has an input control pin i_soc/i_ai_sram/mem_reg_0_0/ADDRARDADDR[14] (net: i_soc/i_ai_sram/ADDRARDADDR[12]) which is driven by a register (i_soc/i_uart_1/strm_addr_reg[14]) that has an active asychronous set or reset. This may cause corruption of the memory contents and/or read values when the set/reset is asserted and is not analyzed by the default static timing analysis. It is suggested to eliminate the use of a set/reset to registers driving this RAMB pin or else use a synchronous reset in which the assertion of the reset is timed by default.
Related violations: <none>

REQP-1840#1 Warning
RAMB18 async control check  
The RAMB18E1 i_soc/i_boot_rom/mem_reg has an input control pin i_soc/i_boot_rom/mem_reg/ADDRARDADDR[12] (net: i_soc/i_boot_rom/ADDRBWRADDR[7]) which is driven by a register (i_soc/i_cpu/core_i/id_stage_i/register_file_i/gen_rf[24].mem_reg[24][10]) that has an active asychronous set or reset. This may cause corruption of the memory contents and/or read values when the set/reset is asserted and is not analyzed by the default static timing analysis. It is suggested to eliminate the use of a set/reset to registers driving this RAMB pin or else use a synchronous reset in which the assertion of the reset is timed by default.
Related violations: <none>

REQP-1840#2 Warning
RAMB18 async control check  
The RAMB18E1 i_soc/i_boot_rom/mem_reg has an input control pin i_soc/i_boot_rom/mem_reg/ADDRARDADDR[12] (net: i_soc/i_boot_rom/ADDRBWRADDR[7]) which is driven by a register (i_soc/i_cpu/core_i/id_stage_i/register_file_i/gen_rf[24].mem_reg[24][11]) that has an active asychronous set or reset. This may cause corruption of the memory contents and/or read values when the set/reset is asserted and is not analyzed by the default static timing analysis. It is suggested to eliminate the use of a set/reset to registers driving this RAMB pin or else use a synchronous reset in which the assertion of the reset is timed by default.
Related violations: <none>

REQP-1840#3 Warning
RAMB18 async control check  
The RAMB18E1 i_soc/i_boot_rom/mem_reg has an input control pin i_soc/i_boot_rom/mem_reg/ADDRARDADDR[12] (net: i_soc/i_boot_rom/ADDRBWRADDR[7]) which is driven by a register (i_soc/i_cpu/core_i/id_stage_i/register_file_i/gen_rf[24].mem_reg[24][6]) that has an active asychronous set or reset. This may cause corruption of the memory contents and/or read values when the set/reset is asserted and is not analyzed by the default static timing analysis. It is suggested to eliminate the use of a set/reset to registers driving this RAMB pin or else use a synchronous reset in which the assertion of the reset is timed by default.
Related violations: <none>

REQP-1840#4 Warning
RAMB18 async control check  
The RAMB18E1 i_soc/i_boot_rom/mem_reg has an input control pin i_soc/i_boot_rom/mem_reg/ADDRARDADDR[12] (net: i_soc/i_boot_rom/ADDRBWRADDR[7]) which is driven by a register (i_soc/i_cpu/core_i/id_stage_i/register_file_i/gen_rf[24].mem_reg[24][7]) that has an active asychronous set or reset. This may cause corruption of the memory contents and/or read values when the set/reset is asserted and is not analyzed by the default static timing analysis. It is suggested to eliminate the use of a set/reset to registers driving this RAMB pin or else use a synchronous reset in which the assertion of the reset is timed by default.
Related violations: <none>

REQP-1840#5 Warning
RAMB18 async control check  
The RAMB18E1 i_soc/i_boot_rom/mem_reg has an input control pin i_soc/i_boot_rom/mem_reg/ADDRARDADDR[12] (net: i_soc/i_boot_rom/ADDRBWRADDR[7]) which is driven by a register (i_soc/i_cpu/core_i/id_stage_i/register_file_i/gen_rf[24].mem_reg[24][8]) that has an active asychronous set or reset. This may cause corruption of the memory contents and/or read values when the set/reset is asserted and is not analyzed by the default static timing analysis. It is suggested to eliminate the use of a set/reset to registers driving this RAMB pin or else use a synchronous reset in which the assertion of the reset is timed by default.
Related violations: <none>

REQP-1840#6 Warning
RAMB18 async control check  
The RAMB18E1 i_soc/i_boot_rom/mem_reg has an input control pin i_soc/i_boot_rom/mem_reg/ADDRARDADDR[12] (net: i_soc/i_boot_rom/ADDRBWRADDR[7]) which is driven by a register (i_soc/i_cpu/core_i/id_stage_i/register_file_i/gen_rf[24].mem_reg[24][9]) that has an active asychronous set or reset. This may cause corruption of the memory contents and/or read values when the set/reset is asserted and is not analyzed by the default static timing analysis. It is suggested to eliminate the use of a set/reset to registers driving this RAMB pin or else use a synchronous reset in which the assertion of the reset is timed by default.
Related violations: <none>

REQP-1840#7 Warning
RAMB18 async control check  
The RAMB18E1 i_soc/i_boot_rom/mem_reg has an input control pin i_soc/i_boot_rom/mem_reg/ADDRARDADDR[12] (net: i_soc/i_boot_rom/ADDRBWRADDR[7]) which is driven by a register (i_soc/i_cpu/core_i/id_stage_i/register_file_i/gen_rf[25].mem_reg[25][0]) that has an active asychronous set or reset. This may cause corruption of the memory contents and/or read values when the set/reset is asserted and is not analyzed by the default static timing analysis. It is suggested to eliminate the use of a set/reset to registers driving this RAMB pin or else use a synchronous reset in which the assertion of the reset is timed by default.
Related violations: <none>

REQP-1840#8 Warning
RAMB18 async control check  
The RAMB18E1 i_soc/i_boot_rom/mem_reg has an input control pin i_soc/i_boot_rom/mem_reg/ADDRARDADDR[12] (net: i_soc/i_boot_rom/ADDRBWRADDR[7]) which is driven by a register (i_soc/i_cpu/core_i/id_stage_i/register_file_i/gen_rf[25].mem_reg[25][10]) that has an active asychronous set or reset. This may cause corruption of the memory contents and/or read values when the set/reset is asserted and is not analyzed by the default static timing analysis. It is suggested to eliminate the use of a set/reset to registers driving this RAMB pin or else use a synchronous reset in which the assertion of the reset is timed by default.
Related violations: <none>

REQP-1840#9 Warning
RAMB18 async control check  
The RAMB18E1 i_soc/i_boot_rom/mem_reg has an input control pin i_soc/i_boot_rom/mem_reg/ADDRARDADDR[12] (net: i_soc/i_boot_rom/ADDRBWRADDR[7]) which is driven by a register (i_soc/i_cpu/core_i/id_stage_i/register_file_i/gen_rf[25].mem_reg[25][11]) that has an active asychronous set or reset. This may cause corruption of the memory contents and/or read values when the set/reset is asserted and is not analyzed by the default static timing analysis. It is suggested to eliminate the use of a set/reset to registers driving this RAMB pin or else use a synchronous reset in which the assertion of the reset is timed by default.
Related violations: <none>

REQP-1840#10 Warning
RAMB18 async control check  
The RAMB18E1 i_soc/i_boot_rom/mem_reg has an input control pin i_soc/i_boot_rom/mem_reg/ADDRARDADDR[12] (net: i_soc/i_boot_rom/ADDRBWRADDR[7]) which is driven by a register (i_soc/i_cpu/core_i/id_stage_i/register_file_i/gen_rf[25].mem_reg[25][1]) that has an active asychronous set or reset. This may cause corruption of the memory contents and/or read values when the set/reset is asserted and is not analyzed by the default static timing analysis. It is suggested to eliminate the use of a set/reset to registers driving this RAMB pin or else use a synchronous reset in which the assertion of the reset is timed by default.
Related violations: <none>

REQP-1840#11 Warning
RAMB18 async control check  
The RAMB18E1 i_soc/i_boot_rom/mem_reg has an input control pin i_soc/i_boot_rom/mem_reg/ADDRARDADDR[12] (net: i_soc/i_boot_rom/ADDRBWRADDR[7]) which is driven by a register (i_soc/i_cpu/core_i/id_stage_i/register_file_i/gen_rf[25].mem_reg[25][2]) that has an active asychronous set or reset. This may cause corruption of the memory contents and/or read values when the set/reset is asserted and is not analyzed by the default static timing analysis. It is suggested to eliminate the use of a set/reset to registers driving this RAMB pin or else use a synchronous reset in which the assertion of the reset is timed by default.
Related violations: <none>

REQP-1840#12 Warning
RAMB18 async control check  
The RAMB18E1 i_soc/i_boot_rom/mem_reg has an input control pin i_soc/i_boot_rom/mem_reg/ADDRARDADDR[12] (net: i_soc/i_boot_rom/ADDRBWRADDR[7]) which is driven by a register (i_soc/i_cpu/core_i/id_stage_i/register_file_i/gen_rf[25].mem_reg[25][3]) that has an active asychronous set or reset. This may cause corruption of the memory contents and/or read values when the set/reset is asserted and is not analyzed by the default static timing analysis. It is suggested to eliminate the use of a set/reset to registers driving this RAMB pin or else use a synchronous reset in which the assertion of the reset is timed by default.
Related violations: <none>

REQP-1840#13 Warning
RAMB18 async control check  
The RAMB18E1 i_soc/i_boot_rom/mem_reg has an input control pin i_soc/i_boot_rom/mem_reg/ADDRARDADDR[12] (net: i_soc/i_boot_rom/ADDRBWRADDR[7]) which is driven by a register (i_soc/i_cpu/core_i/id_stage_i/register_file_i/gen_rf[25].mem_reg[25][4]) that has an active asychronous set or reset. This may cause corruption of the memory contents and/or read values when the set/reset is asserted and is not analyzed by the default static timing analysis. It is suggested to eliminate the use of a set/reset to registers driving this RAMB pin or else use a synchronous reset in which the assertion of the reset is timed by default.
Related violations: <none>

REQP-1840#14 Warning
RAMB18 async control check  
The RAMB18E1 i_soc/i_boot_rom/mem_reg has an input control pin i_soc/i_boot_rom/mem_reg/ADDRARDADDR[12] (net: i_soc/i_boot_rom/ADDRBWRADDR[7]) which is driven by a register (i_soc/i_cpu/core_i/id_stage_i/register_file_i/gen_rf[25].mem_reg[25][5]) that has an active asychronous set or reset. This may cause corruption of the memory contents and/or read values when the set/reset is asserted and is not analyzed by the default static timing analysis. It is suggested to eliminate the use of a set/reset to registers driving this RAMB pin or else use a synchronous reset in which the assertion of the reset is timed by default.
Related violations: <none>

REQP-1840#15 Warning
RAMB18 async control check  
The RAMB18E1 i_soc/i_boot_rom/mem_reg has an input control pin i_soc/i_boot_rom/mem_reg/ADDRARDADDR[12] (net: i_soc/i_boot_rom/ADDRBWRADDR[7]) which is driven by a register (i_soc/i_cpu/core_i/id_stage_i/register_file_i/gen_rf[25].mem_reg[25][6]) that has an active asychronous set or reset. This may cause corruption of the memory contents and/or read values when the set/reset is asserted and is not analyzed by the default static timing analysis. It is suggested to eliminate the use of a set/reset to registers driving this RAMB pin or else use a synchronous reset in which the assertion of the reset is timed by default.
Related violations: <none>

REQP-1840#16 Warning
RAMB18 async control check  
The RAMB18E1 i_soc/i_boot_rom/mem_reg has an input control pin i_soc/i_boot_rom/mem_reg/ADDRARDADDR[12] (net: i_soc/i_boot_rom/ADDRBWRADDR[7]) which is driven by a register (i_soc/i_cpu/core_i/id_stage_i/register_file_i/gen_rf[25].mem_reg[25][7]) that has an active asychronous set or reset. This may cause corruption of the memory contents and/or read values when the set/reset is asserted and is not analyzed by the default static timing analysis. It is suggested to eliminate the use of a set/reset to registers driving this RAMB pin or else use a synchronous reset in which the assertion of the reset is timed by default.
Related violations: <none>

REQP-1840#17 Warning
RAMB18 async control check  
The RAMB18E1 i_soc/i_boot_rom/mem_reg has an input control pin i_soc/i_boot_rom/mem_reg/ADDRARDADDR[12] (net: i_soc/i_boot_rom/ADDRBWRADDR[7]) which is driven by a register (i_soc/i_cpu/core_i/id_stage_i/register_file_i/gen_rf[25].mem_reg[25][8]) that has an active asychronous set or reset. This may cause corruption of the memory contents and/or read values when the set/reset is asserted and is not analyzed by the default static timing analysis. It is suggested to eliminate the use of a set/reset to registers driving this RAMB pin or else use a synchronous reset in which the assertion of the reset is timed by default.
Related violations: <none>

REQP-1840#18 Warning
RAMB18 async control check  
The RAMB18E1 i_soc/i_boot_rom/mem_reg has an input control pin i_soc/i_boot_rom/mem_reg/ADDRARDADDR[12] (net: i_soc/i_boot_rom/ADDRBWRADDR[7]) which is driven by a register (i_soc/i_cpu/core_i/id_stage_i/register_file_i/gen_rf[25].mem_reg[25][9]) that has an active asychronous set or reset. This may cause corruption of the memory contents and/or read values when the set/reset is asserted and is not analyzed by the default static timing analysis. It is suggested to eliminate the use of a set/reset to registers driving this RAMB pin or else use a synchronous reset in which the assertion of the reset is timed by default.
Related violations: <none>

REQP-1840#19 Warning
RAMB18 async control check  
The RAMB18E1 i_soc/i_boot_rom/mem_reg has an input control pin i_soc/i_boot_rom/mem_reg/ADDRARDADDR[12] (net: i_soc/i_boot_rom/ADDRBWRADDR[7]) which is driven by a register (i_soc/i_cpu/core_i/id_stage_i/register_file_i/gen_rf[31].mem_reg[31][0]) that has an active asychronous set or reset. This may cause corruption of the memory contents and/or read values when the set/reset is asserted and is not analyzed by the default static timing analysis. It is suggested to eliminate the use of a set/reset to registers driving this RAMB pin or else use a synchronous reset in which the assertion of the reset is timed by default.
Related violations: <none>

REQP-1840#20 Warning
RAMB18 async control check  
The RAMB18E1 i_soc/i_boot_rom/mem_reg has an input control pin i_soc/i_boot_rom/mem_reg/ADDRARDADDR[12] (net: i_soc/i_boot_rom/ADDRBWRADDR[7]) which is driven by a register (i_soc/i_cpu/core_i/id_stage_i/register_file_i/gen_rf[31].mem_reg[31][1]) that has an active asychronous set or reset. This may cause corruption of the memory contents and/or read values when the set/reset is asserted and is not analyzed by the default static timing analysis. It is suggested to eliminate the use of a set/reset to registers driving this RAMB pin or else use a synchronous reset in which the assertion of the reset is timed by default.
Related violations: <none>

RPBF-3#1 Warning
IO port buffering is incomplete  
Device port ja[0] expects both input and output buffering but the buffers are incomplete.
Related violations: <none>

RPBF-3#2 Warning
IO port buffering is incomplete  
Device port ja[1] expects both input and output buffering but the buffers are incomplete.
Related violations: <none>

RPBF-3#3 Warning
IO port buffering is incomplete  
Device port ja[2] expects both input and output buffering but the buffers are incomplete.
Related violations: <none>


