Copyright 1986-2021 Xilinx, Inc. All Rights Reserved.
---------------------------------------------------------------------------------------------------------------------
| Tool Version : Vivado v.2021.2 (win64) Build 3367213 Tue Oct 19 02:48:09 MDT 2021
| Date         : Tue Aug  4 17:52:16 2026
| Host         : Berk66 running 64-bit major release  (build 9200)
| Command      : report_timing_summary -file C:/bl_fpga_build/build_m2_sram/rtl/fpga/reports/impl_timing_summary.rpt
| Design       : fpga_top
| Device       : 7k325t-ffg900
| Speed File   : -2  PRODUCTION 1.12 2017-02-17
---------------------------------------------------------------------------------------------------------------------

Timing Summary Report

------------------------------------------------------------------------------------------------
| Timer Settings
| --------------
------------------------------------------------------------------------------------------------

  Enable Multi Corner Analysis               :  Yes
  Enable Pessimism Removal                   :  Yes
  Pessimism Removal Resolution               :  Nearest Common Node
  Enable Input Delay Default Clock           :  No
  Enable Preset / Clear Arcs                 :  No
  Disable Flight Delays                      :  No
  Ignore I/O Paths                           :  No
  Timing Early Launch at Borrowing Latches   :  No
  Borrow Time for Max Delay Exceptions       :  Yes
  Merge Timing Exceptions                    :  Yes

  Corner  Analyze    Analyze    
  Name    Max Paths  Min Paths  
  ------  ---------  ---------  
  Slow    Yes        Yes        
  Fast    Yes        Yes        


------------------------------------------------------------------------------------------------
| Report Methodology
| ------------------
------------------------------------------------------------------------------------------------

No report available as report_methodology has not been run prior. Run report_methodology on the current design for the summary of methodology violations.



check_timing report

Table of Contents
-----------------
1. checking no_clock (0)
2. checking constant_clock (0)
3. checking pulse_width_clock (0)
4. checking unconstrained_internal_endpoints (0)
5. checking no_input_delay (21)
6. checking no_output_delay (24)
7. checking multiple_clock (0)
8. checking generated_clocks (0)
9. checking loops (0)
10. checking partial_input_delay (0)
11. checking partial_output_delay (0)
12. checking latch_loops (1)

1. checking no_clock (0)
------------------------
 There are 0 register/latch pins with no clock.


2. checking constant_clock (0)
------------------------------
 There are 0 register/latch pins with constant_clock.


3. checking pulse_width_clock (0)
---------------------------------
 There are 0 register/latch pins which need pulse_width check


4. checking unconstrained_internal_endpoints (0)
------------------------------------------------
 There are 0 pins that are not constrained for maximum delay.

 There are 0 pins that are not constrained for maximum delay due to constant clock.


5. checking no_input_delay (21)
-------------------------------
 There are 0 input ports with no input delay specified.

 There are 21 input ports with no input delay but user has a false path constraint. (MEDIUM)


6. checking no_output_delay (24)
--------------------------------
 There are 0 ports with no output delay specified.

 There are 24 ports with no output delay but user has a false path constraint (MEDIUM)

 There are 0 ports with no output delay but with a timing clock defined on it or propagating through it


7. checking multiple_clock (0)
------------------------------
 There are 0 register/latch pins with multiple clocks.


8. checking generated_clocks (0)
--------------------------------
 There are 0 generated clocks that are not connected to a clock source.


9. checking loops (0)
---------------------
 There are 0 combinational loops in the design.


10. checking partial_input_delay (0)
------------------------------------
 There are 0 input ports with partial input delay specified.


11. checking partial_output_delay (0)
-------------------------------------
 There are 0 ports with partial output delay specified.


12. checking latch_loops (1)
----------------------------
 There is 1 combinational latch loop in the design through latch input (HIGH)



------------------------------------------------------------------------------------------------
| Design Timing Summary
| ---------------------
------------------------------------------------------------------------------------------------

    WNS(ns)      TNS(ns)  TNS Failing Endpoints  TNS Total Endpoints      WHS(ns)      THS(ns)  THS Failing Endpoints  THS Total Endpoints     WPWS(ns)     TPWS(ns)  TPWS Failing Endpoints  TPWS Total Endpoints  
    -------      -------  ---------------------  -------------------      -------      -------  ---------------------  -------------------     --------     --------  ----------------------  --------------------  
      2.682        0.000                      0                21260        0.076        0.000                      0                21260        1.100        0.000                       0                  8549  


All user specified timing constraints are met.


------------------------------------------------------------------------------------------------
| Clock Summary
| -------------
------------------------------------------------------------------------------------------------

Clock          Waveform(ns)         Period(ns)      Frequency(MHz)
-----          ------------         ----------      --------------
sysclk         {0.000 2.500}        5.000           200.000         
  clk_50_mmcm  {0.000 10.000}       20.000          50.000          
  clk_fb       {0.000 2.500}        5.000           200.000         


------------------------------------------------------------------------------------------------
| Intra Clock Table
| -----------------
------------------------------------------------------------------------------------------------

Clock              WNS(ns)      TNS(ns)  TNS Failing Endpoints  TNS Total Endpoints      WHS(ns)      THS(ns)  THS Failing Endpoints  THS Total Endpoints     WPWS(ns)     TPWS(ns)  TPWS Failing Endpoints  TPWS Total Endpoints  
-----              -------      -------  ---------------------  -------------------      -------      -------  ---------------------  -------------------     --------     --------  ----------------------  --------------------  
sysclk                                                                                                                                                           1.100        0.000                       0                     1  
  clk_50_mmcm        2.682        0.000                      0                17444        0.076        0.000                      0                17444        9.600        0.000                       0                  8546  
  clk_fb                                                                                                                                                         3.929        0.000                       0                     2  


------------------------------------------------------------------------------------------------
| Inter Clock Table
| -----------------
------------------------------------------------------------------------------------------------

From Clock    To Clock          WNS(ns)      TNS(ns)  TNS Failing Endpoints  TNS Total Endpoints      WHS(ns)      THS(ns)  THS Failing Endpoints  THS Total Endpoints  
----------    --------          -------      -------  ---------------------  -------------------      -------      -------  ---------------------  -------------------  


------------------------------------------------------------------------------------------------
| Other Path Groups Table
| -----------------------
------------------------------------------------------------------------------------------------

Path Group         From Clock         To Clock               WNS(ns)      TNS(ns)  TNS Failing Endpoints  TNS Total Endpoints      WHS(ns)      THS(ns)  THS Failing Endpoints  THS Total Endpoints  
----------         ----------         --------               -------      -------  ---------------------  -------------------      -------      -------  ---------------------  -------------------  
**async_default**  clk_50_mmcm        clk_50_mmcm              7.355        0.000                      0                 3816        0.432        0.000                      0                 3816  


------------------------------------------------------------------------------------------------
| Timing Details
| --------------
------------------------------------------------------------------------------------------------


---------------------------------------------------------------------------------------------------
From Clock:  sysclk
  To Clock:  sysclk

Setup :           NA  Failing Endpoints,  Worst Slack           NA  ,  Total Violation           NA
Hold  :           NA  Failing Endpoints,  Worst Slack           NA  ,  Total Violation           NA
PW    :            0  Failing Endpoints,  Worst Slack        1.100ns,  Total Violation        0.000ns
---------------------------------------------------------------------------------------------------


Pulse Width Checks
--------------------------------------------------------------------------------------
Clock Name:         sysclk
Waveform(ns):       { 0.000 2.500 }
Period(ns):         5.000
Sources:            { sysclk_p }

Check Type        Corner  Lib Pin            Reference Pin  Required(ns)  Actual(ns)  Slack(ns)  Location         Pin
Min Period        n/a     MMCME2_ADV/CLKIN1  n/a            1.071         5.000       3.929      MMCME2_ADV_X1Y1  i_mmcm/CLKIN1
Max Period        n/a     MMCME2_ADV/CLKIN1  n/a            100.000       5.000       95.000     MMCME2_ADV_X1Y1  i_mmcm/CLKIN1
Low Pulse Width   Slow    MMCME2_ADV/CLKIN1  n/a            1.400         2.500       1.100      MMCME2_ADV_X1Y1  i_mmcm/CLKIN1
High Pulse Width  Slow    MMCME2_ADV/CLKIN1  n/a            1.400         2.500       1.100      MMCME2_ADV_X1Y1  i_mmcm/CLKIN1



---------------------------------------------------------------------------------------------------
From Clock:  clk_50_mmcm
  To Clock:  clk_50_mmcm

Setup :            0  Failing Endpoints,  Worst Slack        2.682ns,  Total Violation        0.000ns
Hold  :            0  Failing Endpoints,  Worst Slack        0.076ns,  Total Violation        0.000ns
PW    :            0  Failing Endpoints,  Worst Slack        9.600ns,  Total Violation        0.000ns
---------------------------------------------------------------------------------------------------


Max Delay Paths
--------------------------------------------------------------------------------------
Slack (MET) :             2.682ns  (required time - arrival time)
  Source:                 i_soc/i_cpu/core_i/id_stage_i/alu_operand_b_ex_o_reg[9]/C
                            (rising edge-triggered cell FDCE clocked by clk_50_mmcm  {rise@0.000ns fall@10.000ns period=20.000ns})
  Destination:            i_soc/i_cpu/core_i/sleep_unit_i/core_clock_gate_i/clk_en_reg/D
                            (negative level-sensitive latch clocked by clk_50_mmcm  {rise@0.000ns fall@10.000ns period=20.000ns})
  Path Group:             clk_50_mmcm
  Path Type:              Setup (Max at Slow Process Corner)
  Requirement:            10.000ns  (clk_50_mmcm fall@10.000ns - clk_50_mmcm rise@0.000ns)
  Data Path Delay:        4.773ns  (logic 0.623ns (13.053%)  route 4.150ns (86.947%))
  Logic Levels:           6  (LUT3=2 LUT5=1 LUT6=3)
  Clock Path Skew:        -2.472ns (DCD - SCD + CPR)
    Destination Clock Delay (DCD):    5.199ns = ( 15.199 - 10.000 ) 
    Source Clock Delay      (SCD):    8.008ns
    Clock Pessimism Removal (CPR):    0.336ns
  Clock Uncertainty:      0.073ns  ((TSJ^2 + DJ^2)^1/2) / 2 + PE
    Total System Jitter     (TSJ):    0.071ns
    Discrete Jitter          (DJ):    0.128ns
    Phase Error              (PE):    0.000ns

    Location             Delay type                Incr(ns)  Path(ns)    Netlist Resource(s)
  -------------------------------------------------------------------    -------------------
                         (clock clk_50_mmcm rise edge)
                                                      0.000     0.000 r  
    AD12                                              0.000     0.000 r  sysclk_p (IN)
                         net (fo=0)                   0.000     0.000    sysclk_p
    AD12                 IBUFDS (Prop_ibufds_I_O)     0.906     0.906 r  i_ibufds_sysclk/O
                         net (fo=1, routed)           1.081     1.987    clk_200_ibuf
    MMCME2_ADV_X1Y1      MMCME2_ADV (Prop_mmcme2_adv_CLKIN1_CLKOUT0)
                                                      0.077     2.064 r  i_mmcm/CLKOUT0
                         net (fo=1, routed)           2.130     4.194    clk_50_mmcm
    BUFGCTRL_X0Y0        BUFG (Prop_bufg_I_O)         0.093     4.287 r  i_bufg_50/O
                         net (fo=6464, routed)        1.588     5.874    i_soc/i_cpu/core_i/sleep_unit_i/core_clock_gate_i/clk_50
    SLICE_X80Y196        LUT2 (Prop_lut2_I0_O)        0.043     5.917 r  i_soc/i_cpu/core_i/sleep_unit_i/core_clock_gate_i/cnt_q[1]_i_6/O
                         net (fo=1, routed)           0.431     6.349    i_soc_n_309
    BUFGCTRL_X0Y1        BUFG (Prop_bufg_I_O)         0.093     6.442 r  cnt_q_reg[1]_i_2/O
                         net (fo=2080, routed)        1.566     8.008    i_soc/i_cpu/core_i/id_stage_i/clk
    SLICE_X56Y95         FDCE                                         r  i_soc/i_cpu/core_i/id_stage_i/alu_operand_b_ex_o_reg[9]/C
  -------------------------------------------------------------------    -------------------
    SLICE_X56Y95         FDCE (Prop_fdce_C_Q)         0.259     8.267 f  i_soc/i_cpu/core_i/id_stage_i/alu_operand_b_ex_o_reg[9]/Q
                         net (fo=21, routed)          0.911     9.178    i_soc/i_cpu/core_i/id_stage_i/alu_operand_b_ex_o_reg[31]_0[9]
    SLICE_X76Y105        LUT3 (Prop_lut3_I0_O)        0.055     9.233 r  i_soc/i_cpu/core_i/id_stage_i/mscratch_q[31]_i_2/O
                         net (fo=11, routed)          0.432     9.665    i_soc/i_cpu/core_i/id_stage_i/mscratch_q[31]_i_2_n_0
    SLICE_X79Y99         LUT6 (Prop_lut6_I1_O)        0.137     9.802 r  i_soc/i_cpu/core_i/id_stage_i/gen_mhpmevent[3].gen_implemented.mhpmevent_q[3][15]_i_4/O
                         net (fo=2, routed)           0.335    10.136    i_soc/i_cpu/core_i/id_stage_i/controller_i/i___63_i_8
    SLICE_X77Y98         LUT6 (Prop_lut6_I0_O)        0.043    10.179 r  i_soc/i_cpu/core_i/id_stage_i/controller_i/i___63_i_13/O
                         net (fo=6, routed)           0.430    10.610    i_soc/i_cpu/core_i/id_stage_i/controller_i/csr_access_ex_o_reg
    SLICE_X73Y96         LUT5 (Prop_lut5_I3_O)        0.043    10.653 r  i_soc/i_cpu/core_i/id_stage_i/controller_i/i___72_i_2/O
                         net (fo=1, routed)           0.324    10.977    i_soc/i_cpu/core_i/id_stage_i/controller_i/mie_bypass[18]
    SLICE_X73Y94         LUT6 (Prop_lut6_I0_O)        0.043    11.020 f  i_soc/i_cpu/core_i/id_stage_i/controller_i/i___72_i_1/O
                         net (fo=3, routed)           0.761    11.781    i_soc/i_cpu/core_i/sleep_unit_i/core_clock_gate_i/clk_en_reg_0
    SLICE_X75Y87         LUT3 (Prop_lut3_I1_O)        0.043    11.824 r  i_soc/i_cpu/core_i/sleep_unit_i/core_clock_gate_i/clk_en_reg_i_1/O
                         net (fo=1, routed)           0.956    12.780    i_soc/i_cpu/core_i/sleep_unit_i/core_clock_gate_i/clk_en_reg_i_1_n_0
    SLICE_X75Y119        LDCE                                         r  i_soc/i_cpu/core_i/sleep_unit_i/core_clock_gate_i/clk_en_reg/D
  -------------------------------------------------------------------    -------------------

                         (clock clk_50_mmcm fall edge)
                                                     10.000    10.000 f  
    AD12                                              0.000    10.000 f  sysclk_p (IN)
                         net (fo=0)                   0.000    10.000    sysclk_p
    AD12                 IBUFDS (Prop_ibufds_I_O)     0.803    10.803 f  i_ibufds_sysclk/O
                         net (fo=1, routed)           0.986    11.789    clk_200_ibuf
    MMCME2_ADV_X1Y1      MMCME2_ADV (Prop_mmcme2_adv_CLKIN1_CLKOUT0)
                                                      0.073    11.862 f  i_mmcm/CLKOUT0
                         net (fo=1, routed)           2.005    13.867    clk_50_mmcm
    BUFGCTRL_X0Y0        BUFG (Prop_bufg_I_O)         0.083    13.950 f  i_bufg_50/O
                         net (fo=6464, routed)        1.249    15.199    i_soc/i_cpu/core_i/sleep_unit_i/core_clock_gate_i/clk_50
    SLICE_X75Y119        LDCE                                         r  i_soc/i_cpu/core_i/sleep_unit_i/core_clock_gate_i/clk_en_reg/G  (IS_INVERTED)
                         clock pessimism              0.336    15.536    
                         clock uncertainty           -0.073    15.462    
  -------------------------------------------------------------------
                         required time                         15.462    
                         arrival time                         -12.780    
  -------------------------------------------------------------------
                         slack                                  2.682    





Min Delay Paths
--------------------------------------------------------------------------------------
Slack (MET) :             0.076ns  (arrival time - required time)
  Source:                 i_soc/i_qspi/cmd_tx_data_reg[3]/C
                            (rising edge-triggered cell FDCE clocked by clk_50_mmcm  {rise@0.000ns fall@10.000ns period=20.000ns})
  Destination:            i_soc/i_qspi/tx_fifo_reg[45][3]/D
                            (rising edge-triggered cell FDRE clocked by clk_50_mmcm  {rise@0.000ns fall@10.000ns period=20.000ns})
  Path Group:             clk_50_mmcm
  Path Type:              Hold (Min at Fast Process Corner)
  Requirement:            0.000ns  (clk_50_mmcm rise@0.000ns - clk_50_mmcm rise@0.000ns)
  Data Path Delay:        0.255ns  (logic 0.118ns (46.308%)  route 0.137ns (53.692%))
  Logic Levels:           0  
  Clock Path Skew:        0.139ns (DCD - SCD - CPR)
    Destination Clock Delay (DCD):    3.001ns
    Source Clock Delay      (SCD):    2.608ns
    Clock Pessimism Removal (CPR):    0.253ns

    Location             Delay type                Incr(ns)  Path(ns)    Netlist Resource(s)
  -------------------------------------------------------------------    -------------------
                         (clock clk_50_mmcm rise edge)
                                                      0.000     0.000 r  
    AD12                                              0.000     0.000 r  sysclk_p (IN)
                         net (fo=0)                   0.000     0.000    sysclk_p
    AD12                 IBUFDS (Prop_ibufds_I_O)     0.388     0.388 r  i_ibufds_sysclk/O
                         net (fo=1, routed)           0.503     0.891    clk_200_ibuf
    MMCME2_ADV_X1Y1      MMCME2_ADV (Prop_mmcme2_adv_CLKIN1_CLKOUT0)
                                                      0.050     0.941 r  i_mmcm/CLKOUT0
                         net (fo=1, routed)           0.940     1.881    clk_50_mmcm
    BUFGCTRL_X0Y0        BUFG (Prop_bufg_I_O)         0.026     1.907 r  i_bufg_50/O
                         net (fo=6464, routed)        0.701     2.608    i_soc/i_qspi/clk_50
    SLICE_X52Y49         FDCE                                         r  i_soc/i_qspi/cmd_tx_data_reg[3]/C
  -------------------------------------------------------------------    -------------------
    SLICE_X52Y49         FDCE (Prop_fdce_C_Q)         0.118     2.726 r  i_soc/i_qspi/cmd_tx_data_reg[3]/Q
                         net (fo=64, routed)          0.137     2.863    i_soc/i_qspi/cmd_tx_data[3]
    SLICE_X50Y50         FDRE                                         r  i_soc/i_qspi/tx_fifo_reg[45][3]/D
  -------------------------------------------------------------------    -------------------

                         (clock clk_50_mmcm rise edge)
                                                      0.000     0.000 r  
    AD12                                              0.000     0.000 r  sysclk_p (IN)
                         net (fo=0)                   0.000     0.000    sysclk_p
    AD12                 IBUFDS (Prop_ibufds_I_O)     0.470     0.470 r  i_ibufds_sysclk/O
                         net (fo=1, routed)           0.553     1.023    clk_200_ibuf
    MMCME2_ADV_X1Y1      MMCME2_ADV (Prop_mmcme2_adv_CLKIN1_CLKOUT0)
                                                      0.053     1.076 r  i_mmcm/CLKOUT0
                         net (fo=1, routed)           1.007     2.083    clk_50_mmcm
    BUFGCTRL_X0Y0        BUFG (Prop_bufg_I_O)         0.030     2.113 r  i_bufg_50/O
                         net (fo=6464, routed)        0.888     3.001    i_soc/i_qspi/clk_50
    SLICE_X50Y50         FDRE                                         r  i_soc/i_qspi/tx_fifo_reg[45][3]/C
                         clock pessimism             -0.253     2.747    
    SLICE_X50Y50         FDRE (Hold_fdre_C_D)         0.040     2.787    i_soc/i_qspi/tx_fifo_reg[45][3]
  -------------------------------------------------------------------
                         required time                         -2.787    
                         arrival time                           2.863    
  -------------------------------------------------------------------
                         slack                                  0.076    





Pulse Width Checks
--------------------------------------------------------------------------------------
Clock Name:         clk_50_mmcm
Waveform(ns):       { 0.000 10.000 }
Period(ns):         20.000
Sources:            { i_mmcm/CLKOUT0 }

Check Type        Corner  Lib Pin             Reference Pin  Required(ns)  Actual(ns)  Slack(ns)  Location         Pin
Min Period        n/a     RAMB36E1/CLKARDCLK  n/a            2.095         20.000      17.905     RAMB36_X0Y13     i_soc/i_ai_accel/conv_out_mem_reg/CLKARDCLK
Max Period        n/a     MMCME2_ADV/CLKOUT0  n/a            213.360       20.000      193.360    MMCME2_ADV_X1Y1  i_mmcm/CLKOUT0
Low Pulse Width   Slow    FDCE/C              n/a            0.400         10.000      9.600      SLICE_X37Y78     i_soc/i_ai_accel/FSM_onehot_mem_state_reg[2]/C
High Pulse Width  Slow    FDRE/C              n/a            0.350         10.000      9.650      SLICE_X0Y121     heartbeat_cnt_reg[0]/C



---------------------------------------------------------------------------------------------------
From Clock:  clk_fb
  To Clock:  clk_fb

Setup :           NA  Failing Endpoints,  Worst Slack           NA  ,  Total Violation           NA
Hold  :           NA  Failing Endpoints,  Worst Slack           NA  ,  Total Violation           NA
PW    :            0  Failing Endpoints,  Worst Slack        3.929ns,  Total Violation        0.000ns
---------------------------------------------------------------------------------------------------


Pulse Width Checks
--------------------------------------------------------------------------------------
Clock Name:         clk_fb
Waveform(ns):       { 0.000 2.500 }
Period(ns):         5.000
Sources:            { i_mmcm/CLKFBOUT }

Check Type  Corner  Lib Pin              Reference Pin  Required(ns)  Actual(ns)  Slack(ns)  Location         Pin
Min Period  n/a     MMCME2_ADV/CLKFBOUT  n/a            1.071         5.000       3.929      MMCME2_ADV_X1Y1  i_mmcm/CLKFBOUT
Max Period  n/a     MMCME2_ADV/CLKFBIN   n/a            100.000       5.000       95.000     MMCME2_ADV_X1Y1  i_mmcm/CLKFBIN



---------------------------------------------------------------------------------------------------
Path Group:  **async_default**
From Clock:  clk_50_mmcm
  To Clock:  clk_50_mmcm

Setup :            0  Failing Endpoints,  Worst Slack        7.355ns,  Total Violation        0.000ns
Hold  :            0  Failing Endpoints,  Worst Slack        0.432ns,  Total Violation        0.000ns
---------------------------------------------------------------------------------------------------


Max Delay Paths
--------------------------------------------------------------------------------------
Slack (MET) :             7.355ns  (required time - arrival time)
  Source:                 rst_sync_n_reg/C
                            (rising edge-triggered cell FDCE clocked by clk_50_mmcm  {rise@0.000ns fall@10.000ns period=20.000ns})
  Destination:            i_soc/i_cpu/core_i/cs_registers_i/dscratch0_q_reg[11]/CLR
                            (recovery check against rising-edge clock clk_50_mmcm  {rise@0.000ns fall@10.000ns period=20.000ns})
  Path Group:             **async_default**
  Path Type:              Recovery (Max at Slow Process Corner)
  Requirement:            20.000ns  (clk_50_mmcm rise@20.000ns - clk_50_mmcm rise@0.000ns)
  Data Path Delay:        13.970ns  (logic 0.275ns (1.968%)  route 13.695ns (98.032%))
  Logic Levels:           1  (LUT1=1)
  Clock Path Skew:        1.700ns (DCD - SCD + CPR)
    Destination Clock Delay (DCD):    7.287ns = ( 27.287 - 20.000 ) 
    Source Clock Delay      (SCD):    5.924ns
    Clock Pessimism Removal (CPR):    0.336ns
  Clock Uncertainty:      0.073ns  ((TSJ^2 + DJ^2)^1/2) / 2 + PE
    Total System Jitter     (TSJ):    0.071ns
    Discrete Jitter          (DJ):    0.128ns
    Phase Error              (PE):    0.000ns

    Location             Delay type                Incr(ns)  Path(ns)    Netlist Resource(s)
  -------------------------------------------------------------------    -------------------
                         (clock clk_50_mmcm rise edge)
                                                      0.000     0.000 r  
    AD12                                              0.000     0.000 r  sysclk_p (IN)
                         net (fo=0)                   0.000     0.000    sysclk_p
    AD12                 IBUFDS (Prop_ibufds_I_O)     0.906     0.906 r  i_ibufds_sysclk/O
                         net (fo=1, routed)           1.081     1.987    clk_200_ibuf
    MMCME2_ADV_X1Y1      MMCME2_ADV (Prop_mmcme2_adv_CLKIN1_CLKOUT0)
                                                      0.077     2.064 r  i_mmcm/CLKOUT0
                         net (fo=1, routed)           2.130     4.194    clk_50_mmcm
    BUFGCTRL_X0Y0        BUFG (Prop_bufg_I_O)         0.093     4.287 r  i_bufg_50/O
                         net (fo=6464, routed)        1.637     5.924    clk_50
    SLICE_X23Y86         FDCE                                         r  rst_sync_n_reg/C
  -------------------------------------------------------------------    -------------------
    SLICE_X23Y86         FDCE (Prop_fdce_C_Q)         0.223     6.147 r  rst_sync_n_reg/Q
                         net (fo=38, routed)          1.549     7.696    i_soc/i_cpu/core_i/id_stage_i/register_file_i/led[0]
    SLICE_X35Y73         LUT1 (Prop_lut1_I0_O)        0.052     7.748 f  i_soc/i_cpu/core_i/id_stage_i/register_file_i/cnt_q[1]_i_3/O
                         net (fo=3884, routed)       12.146    19.894    i_soc/i_cpu/core_i/cs_registers_i/dcsr_q_reg[step]_3
    SLICE_X83Y96         FDCE                                         f  i_soc/i_cpu/core_i/cs_registers_i/dscratch0_q_reg[11]/CLR
  -------------------------------------------------------------------    -------------------

                         (clock clk_50_mmcm rise edge)
                                                     20.000    20.000 r  
    AD12                                              0.000    20.000 r  sysclk_p (IN)
                         net (fo=0)                   0.000    20.000    sysclk_p
    AD12                 IBUFDS (Prop_ibufds_I_O)     0.803    20.803 r  i_ibufds_sysclk/O
                         net (fo=1, routed)           0.986    21.789    clk_200_ibuf
    MMCME2_ADV_X1Y1      MMCME2_ADV (Prop_mmcme2_adv_CLKIN1_CLKOUT0)
                                                      0.073    21.862 r  i_mmcm/CLKOUT0
                         net (fo=1, routed)           2.005    23.867    clk_50_mmcm
    BUFGCTRL_X0Y0        BUFG (Prop_bufg_I_O)         0.083    23.950 r  i_bufg_50/O
                         net (fo=6464, routed)        1.402    25.352    i_soc/i_cpu/core_i/sleep_unit_i/core_clock_gate_i/clk_50
    SLICE_X80Y196        LUT2 (Prop_lut2_I0_O)        0.036    25.388 r  i_soc/i_cpu/core_i/sleep_unit_i/core_clock_gate_i/cnt_q[1]_i_6/O
                         net (fo=1, routed)           0.378    25.766    i_soc_n_309
    BUFGCTRL_X0Y1        BUFG (Prop_bufg_I_O)         0.083    25.849 r  cnt_q_reg[1]_i_2/O
                         net (fo=2080, routed)        1.438    27.287    i_soc/i_cpu/core_i/cs_registers_i/clk
    SLICE_X83Y96         FDCE                                         r  i_soc/i_cpu/core_i/cs_registers_i/dscratch0_q_reg[11]/C
                         clock pessimism              0.336    27.624    
                         clock uncertainty           -0.073    27.550    
    SLICE_X83Y96         FDCE (Recov_fdce_C_CLR)     -0.301    27.249    i_soc/i_cpu/core_i/cs_registers_i/dscratch0_q_reg[11]
  -------------------------------------------------------------------
                         required time                         27.249    
                         arrival time                         -19.894    
  -------------------------------------------------------------------
                         slack                                  7.355    





Min Delay Paths
--------------------------------------------------------------------------------------
Slack (MET) :             0.432ns  (arrival time - required time)
  Source:                 rst_sync_n_reg/C
                            (rising edge-triggered cell FDCE clocked by clk_50_mmcm  {rise@0.000ns fall@10.000ns period=20.000ns})
  Destination:            i_soc/i_cpu/core_i/id_stage_i/register_file_i/gen_rf[19].mem_reg[19][17]/CLR
                            (removal check against rising-edge clock clk_50_mmcm  {rise@0.000ns fall@10.000ns period=20.000ns})
  Path Group:             **async_default**
  Path Type:              Removal (Min at Fast Process Corner)
  Requirement:            0.000ns  (clk_50_mmcm rise@0.000ns - clk_50_mmcm rise@0.000ns)
  Data Path Delay:        1.817ns  (logic 0.129ns (7.098%)  route 1.688ns (92.902%))
  Logic Levels:           1  (LUT1=1)
  Clock Path Skew:        1.494ns (DCD - SCD - CPR)
    Destination Clock Delay (DCD):    4.296ns
    Source Clock Delay      (SCD):    2.596ns
    Clock Pessimism Removal (CPR):    0.205ns

    Location             Delay type                Incr(ns)  Path(ns)    Netlist Resource(s)
  -------------------------------------------------------------------    -------------------
                         (clock clk_50_mmcm rise edge)
                                                      0.000     0.000 r  
    AD12                                              0.000     0.000 r  sysclk_p (IN)
                         net (fo=0)                   0.000     0.000    sysclk_p
    AD12                 IBUFDS (Prop_ibufds_I_O)     0.388     0.388 r  i_ibufds_sysclk/O
                         net (fo=1, routed)           0.503     0.891    clk_200_ibuf
    MMCME2_ADV_X1Y1      MMCME2_ADV (Prop_mmcme2_adv_CLKIN1_CLKOUT0)
                                                      0.050     0.941 r  i_mmcm/CLKOUT0
                         net (fo=1, routed)           0.940     1.881    clk_50_mmcm
    BUFGCTRL_X0Y0        BUFG (Prop_bufg_I_O)         0.026     1.907 r  i_bufg_50/O
                         net (fo=6464, routed)        0.689     2.596    clk_50
    SLICE_X23Y86         FDCE                                         r  rst_sync_n_reg/C
  -------------------------------------------------------------------    -------------------
    SLICE_X23Y86         FDCE (Prop_fdce_C_Q)         0.100     2.696 r  rst_sync_n_reg/Q
                         net (fo=38, routed)          0.900     3.596    i_soc/i_cpu/core_i/id_stage_i/register_file_i/led[0]
    SLICE_X35Y73         LUT1 (Prop_lut1_I0_O)        0.029     3.625 f  i_soc/i_cpu/core_i/id_stage_i/register_file_i/cnt_q[1]_i_3/O
                         net (fo=3884, routed)        0.788     4.414    i_soc/i_cpu/core_i/id_stage_i/register_file_i/rst_sync_n_reg
    SLICE_X33Y94         FDCE                                         f  i_soc/i_cpu/core_i/id_stage_i/register_file_i/gen_rf[19].mem_reg[19][17]/CLR
  -------------------------------------------------------------------    -------------------

                         (clock clk_50_mmcm rise edge)
                                                      0.000     0.000 r  
    AD12                                              0.000     0.000 r  sysclk_p (IN)
                         net (fo=0)                   0.000     0.000    sysclk_p
    AD12                 IBUFDS (Prop_ibufds_I_O)     0.470     0.470 r  i_ibufds_sysclk/O
                         net (fo=1, routed)           0.553     1.023    clk_200_ibuf
    MMCME2_ADV_X1Y1      MMCME2_ADV (Prop_mmcme2_adv_CLKIN1_CLKOUT0)
                                                      0.053     1.076 r  i_mmcm/CLKOUT0
                         net (fo=1, routed)           1.007     2.083    clk_50_mmcm
    BUFGCTRL_X0Y0        BUFG (Prop_bufg_I_O)         0.030     2.113 r  i_bufg_50/O
                         net (fo=6464, routed)        0.968     3.080    i_soc/i_cpu/core_i/sleep_unit_i/core_clock_gate_i/clk_50
    SLICE_X80Y196        LUT2 (Prop_lut2_I0_O)        0.035     3.115 r  i_soc/i_cpu/core_i/sleep_unit_i/core_clock_gate_i/cnt_q[1]_i_6/O
                         net (fo=1, routed)           0.223     3.339    i_soc_n_309
    BUFGCTRL_X0Y1        BUFG (Prop_bufg_I_O)         0.030     3.369 r  cnt_q_reg[1]_i_2/O
                         net (fo=2080, routed)        0.927     4.296    i_soc/i_cpu/core_i/id_stage_i/register_file_i/clk
    SLICE_X33Y94         FDCE                                         r  i_soc/i_cpu/core_i/id_stage_i/register_file_i/gen_rf[19].mem_reg[19][17]/C
                         clock pessimism             -0.205     4.090    
    SLICE_X33Y94         FDCE (Remov_fdce_C_CLR)     -0.109     3.981    i_soc/i_cpu/core_i/id_stage_i/register_file_i/gen_rf[19].mem_reg[19][17]
  -------------------------------------------------------------------
                         required time                         -3.981    
                         arrival time                           4.414    
  -------------------------------------------------------------------
                         slack                                  0.432    





