Copyright 1986-2021 Xilinx, Inc. All Rights Reserved.
------------------------------------------------------------------------------------------------------------------
| Tool Version : Vivado v.2021.2 (win64) Build 3367213 Tue Oct 19 02:48:09 MDT 2021
| Date         : Tue Jul 21 00:48:38 2026
| Host         : Berk66 running 64-bit major release  (build 9200)
| Command      : report_timing_summary -file C:/bl_fpga_build/final2026/rtl/fpga/reports/synth_timing_summary.rpt
| Design       : fpga_top
| Device       : 7k325t-ffg900
| Speed File   : -2  PRODUCTION 1.12 2017-02-17
------------------------------------------------------------------------------------------------------------------

Timing Summary Report

------------------------------------------------------------------------------------------------
| Timer Settings
| --------------
------------------------------------------------------------------------------------------------

  Enable Multi Corner Analysis               :  Yes
  Enable Pessimism Removal                   :  Yes
  Pessimism Removal Resolution               :  Nearest Common Node
  Enable Input Delay Default Clock           :  No
  Enable Preset / Clear Arcs                 :  No
  Disable Flight Delays                      :  No
  Ignore I/O Paths                           :  No
  Timing Early Launch at Borrowing Latches   :  No
  Borrow Time for Max Delay Exceptions       :  Yes
  Merge Timing Exceptions                    :  Yes

  Corner  Analyze    Analyze    
  Name    Max Paths  Min Paths  
  ------  ---------  ---------  
  Slow    Yes        Yes        
  Fast    Yes        Yes        


------------------------------------------------------------------------------------------------
| Report Methodology
| ------------------
------------------------------------------------------------------------------------------------

No report available as report_methodology has not been run prior. Run report_methodology on the current design for the summary of methodology violations.



check_timing report

Table of Contents
-----------------
1. checking no_clock (0)
2. checking constant_clock (0)
3. checking pulse_width_clock (0)
4. checking unconstrained_internal_endpoints (0)
5. checking no_input_delay (21)
6. checking no_output_delay (24)
7. checking multiple_clock (0)
8. checking generated_clocks (0)
9. checking loops (0)
10. checking partial_input_delay (0)
11. checking partial_output_delay (0)
12. checking latch_loops (1)

1. checking no_clock (0)
------------------------
 There are 0 register/latch pins with no clock.


2. checking constant_clock (0)
------------------------------
 There are 0 register/latch pins with constant_clock.


3. checking pulse_width_clock (0)
---------------------------------
 There are 0 register/latch pins which need pulse_width check


4. checking unconstrained_internal_endpoints (0)
------------------------------------------------
 There are 0 pins that are not constrained for maximum delay.

 There are 0 pins that are not constrained for maximum delay due to constant clock.


5. checking no_input_delay (21)
-------------------------------
 There are 0 input ports with no input delay specified.

 There are 21 input ports with no input delay but user has a false path constraint. (MEDIUM)


6. checking no_output_delay (24)
--------------------------------
 There are 0 ports with no output delay specified.

 There are 24 ports with no output delay but user has a false path constraint (MEDIUM)

 There are 0 ports with no output delay but with a timing clock defined on it or propagating through it


7. checking multiple_clock (0)
------------------------------
 There are 0 register/latch pins with multiple clocks.


8. checking generated_clocks (0)
--------------------------------
 There are 0 generated clocks that are not connected to a clock source.


9. checking loops (0)
---------------------
 There are 0 combinational loops in the design.


10. checking partial_input_delay (0)
------------------------------------
 There are 0 input ports with partial input delay specified.


11. checking partial_output_delay (0)
-------------------------------------
 There are 0 ports with partial output delay specified.


12. checking latch_loops (1)
----------------------------
 There is 1 combinational latch loop in the design through latch input (HIGH)



------------------------------------------------------------------------------------------------
| Design Timing Summary
| ---------------------
------------------------------------------------------------------------------------------------

    WNS(ns)      TNS(ns)  TNS Failing Endpoints  TNS Total Endpoints      WHS(ns)      THS(ns)  THS Failing Endpoints  THS Total Endpoints     WPWS(ns)     TPWS(ns)  TPWS Failing Endpoints  TPWS Total Endpoints  
    -------      -------  ---------------------  -------------------      -------      -------  ---------------------  -------------------     --------     --------  ----------------------  --------------------  
      5.954        0.000                      0               127883       -1.008     -186.578                   1211               127883        1.100        0.000                       0                 61749  


Timing constraints are not met.


------------------------------------------------------------------------------------------------
| Clock Summary
| -------------
------------------------------------------------------------------------------------------------

Clock          Waveform(ns)         Period(ns)      Frequency(MHz)
-----          ------------         ----------      --------------
sysclk         {0.000 2.500}        5.000           200.000         
  clk_50_mmcm  {0.000 10.000}       20.000          50.000          
  clk_fb       {0.000 2.500}        5.000           200.000         


------------------------------------------------------------------------------------------------
| Intra Clock Table
| -----------------
------------------------------------------------------------------------------------------------

Clock              WNS(ns)      TNS(ns)  TNS Failing Endpoints  TNS Total Endpoints      WHS(ns)      THS(ns)  THS Failing Endpoints  THS Total Endpoints     WPWS(ns)     TPWS(ns)  TPWS Failing Endpoints  TPWS Total Endpoints  
-----              -------      -------  ---------------------  -------------------      -------      -------  ---------------------  -------------------     --------     --------  ----------------------  --------------------  
sysclk                                                                                                                                                           1.100        0.000                       0                     1  
  clk_50_mmcm        5.954        0.000                      0               123658       -1.008     -186.578                   1211               123658        9.650        0.000                       0                 61746  
  clk_fb                                                                                                                                                         3.929        0.000                       0                     2  


------------------------------------------------------------------------------------------------
| Inter Clock Table
| -----------------
------------------------------------------------------------------------------------------------

From Clock    To Clock          WNS(ns)      TNS(ns)  TNS Failing Endpoints  TNS Total Endpoints      WHS(ns)      THS(ns)  THS Failing Endpoints  THS Total Endpoints  
----------    --------          -------      -------  ---------------------  -------------------      -------      -------  ---------------------  -------------------  


------------------------------------------------------------------------------------------------
| Other Path Groups Table
| -----------------------
------------------------------------------------------------------------------------------------

Path Group         From Clock         To Clock               WNS(ns)      TNS(ns)  TNS Failing Endpoints  TNS Total Endpoints      WHS(ns)      THS(ns)  THS Failing Endpoints  THS Total Endpoints  
----------         ----------         --------               -------      -------  ---------------------  -------------------      -------      -------  ---------------------  -------------------  
**async_default**  clk_50_mmcm        clk_50_mmcm             18.194        0.000                      0                 4225        0.033        0.000                      0                 4225  


------------------------------------------------------------------------------------------------
| Timing Details
| --------------
------------------------------------------------------------------------------------------------


---------------------------------------------------------------------------------------------------
From Clock:  sysclk
  To Clock:  sysclk

Setup :           NA  Failing Endpoints,  Worst Slack           NA  ,  Total Violation           NA
Hold  :           NA  Failing Endpoints,  Worst Slack           NA  ,  Total Violation           NA
PW    :            0  Failing Endpoints,  Worst Slack        1.100ns,  Total Violation        0.000ns
---------------------------------------------------------------------------------------------------


Pulse Width Checks
--------------------------------------------------------------------------------------
Clock Name:         sysclk
Waveform(ns):       { 0.000 2.500 }
Period(ns):         5.000
Sources:            { sysclk_p }

Check Type        Corner  Lib Pin            Reference Pin  Required(ns)  Actual(ns)  Slack(ns)  Location  Pin
Min Period        n/a     MMCME2_ADV/CLKIN1  n/a            1.071         5.000       3.929                i_mmcm/CLKIN1
Max Period        n/a     MMCME2_ADV/CLKIN1  n/a            100.000       5.000       95.000               i_mmcm/CLKIN1
Low Pulse Width   Slow    MMCME2_ADV/CLKIN1  n/a            1.400         2.500       1.100                i_mmcm/CLKIN1
High Pulse Width  Slow    MMCME2_ADV/CLKIN1  n/a            1.400         2.500       1.100                i_mmcm/CLKIN1



---------------------------------------------------------------------------------------------------
From Clock:  clk_50_mmcm
  To Clock:  clk_50_mmcm

Setup :            0  Failing Endpoints,  Worst Slack        5.954ns,  Total Violation        0.000ns
Hold  :         1211  Failing Endpoints,  Worst Slack       -1.008ns,  Total Violation     -186.578ns
PW    :            0  Failing Endpoints,  Worst Slack        9.650ns,  Total Violation        0.000ns
---------------------------------------------------------------------------------------------------


Max Delay Paths
--------------------------------------------------------------------------------------
Slack (MET) :             5.954ns  (required time - arrival time)
  Source:                 i_soc/i_cpu/core_i/id_stage_i/alu_operand_b_ex_o_reg[8]/C
                            (rising edge-triggered cell FDCE clocked by clk_50_mmcm  {rise@0.000ns fall@10.000ns period=20.000ns})
  Destination:            i_soc/i_cpu/core_i/sleep_unit_i/core_clock_gate_i/clk_en_reg/D
                            (negative level-sensitive latch clocked by clk_50_mmcm  {rise@0.000ns fall@10.000ns period=20.000ns})
  Path Group:             clk_50_mmcm
  Path Type:              Setup (Max at Slow Process Corner)
  Requirement:            10.000ns  (clk_50_mmcm fall@10.000ns - clk_50_mmcm rise@0.000ns)
  Data Path Delay:        2.642ns  (logic 0.561ns (21.234%)  route 2.081ns (78.766%))
  Logic Levels:           6  (LUT3=2 LUT5=1 LUT6=3)
  Clock Path Skew:        -1.331ns (DCD - SCD + CPR)
    Destination Clock Delay (DCD):    2.280ns = ( 12.280 - 10.000 ) 
    Source Clock Delay      (SCD):    3.895ns
    Clock Pessimism Removal (CPR):    0.284ns
  Clock Uncertainty:      0.073ns  ((TSJ^2 + DJ^2)^1/2) / 2 + PE
    Total System Jitter     (TSJ):    0.071ns
    Discrete Jitter          (DJ):    0.128ns
    Phase Error              (PE):    0.000ns

    Location             Delay type                Incr(ns)  Path(ns)    Netlist Resource(s)
  -------------------------------------------------------------------    -------------------
                         (clock clk_50_mmcm rise edge)
                                                      0.000     0.000 r  
    AD12                                              0.000     0.000 r  sysclk_p (IN)
                         net (fo=0)                   0.000     0.000    sysclk_p
    AD12                 IBUFDS (Prop_ibufds_I_O)     0.906     0.906 r  i_ibufds_sysclk/O
                         net (fo=1, unplaced)         0.584     1.490    clk_200_ibuf
                         MMCME2_ADV (Prop_mmcme2_adv_CLKIN1_CLKOUT0)
                                                      0.077     1.567 r  i_mmcm/CLKOUT0
                         net (fo=1, unplaced)         0.466     2.032    clk_50_mmcm
                         BUFG (Prop_bufg_I_O)         0.093     2.125 r  i_bufg_50/O
                         net (fo=59661, unplaced)     0.584     2.709    i_soc/i_cpu/core_i/sleep_unit_i/core_clock_gate_i/clk_50
                         LUT2 (Prop_lut2_I0_O)        0.043     2.752 r  i_soc/i_cpu/core_i/sleep_unit_i/core_clock_gate_i/cnt_q[1]_i_3/O
                         net (fo=1, unplaced)         0.466     3.218    i_soc_n_56
                         BUFG (Prop_bufg_I_O)         0.093     3.311 r  cnt_q_reg[1]_i_1/O
                         net (fo=2083, unplaced)      0.584     3.895    i_soc/i_cpu/core_i/id_stage_i/clk
                         FDCE                                         r  i_soc/i_cpu/core_i/id_stage_i/alu_operand_b_ex_o_reg[8]/C
  -------------------------------------------------------------------    -------------------
                         FDCE (Prop_fdce_C_Q)         0.223     4.118 f  i_soc/i_cpu/core_i/id_stage_i/alu_operand_b_ex_o_reg[8]/Q
                         net (fo=28, unplaced)        0.484     4.602    i_soc/i_cpu/core_i/id_stage_i/alu_operand_b_ex_o_reg[31]_0[8]
                         LUT3 (Prop_lut3_I0_O)        0.123     4.725 r  i_soc/i_cpu/core_i/id_stage_i/mscratch_q[31]_i_2/O
                         net (fo=10, unplaced)        0.313     5.038    i_soc/i_cpu/core_i/id_stage_i/mscratch_q[31]_i_2_n_0
                         LUT6 (Prop_lut6_I1_O)        0.043     5.081 r  i_soc/i_cpu/core_i/id_stage_i/i___170_i_2/O
                         net (fo=2, unplaced)         0.281     5.362    i_soc/i_cpu/core_i/id_stage_i/controller_i/i___86_i_4_0
                         LUT6 (Prop_lut6_I0_O)        0.043     5.405 r  i_soc/i_cpu/core_i/id_stage_i/controller_i/i___86_i_6/O
                         net (fo=6, unplaced)         0.302     5.707    i_soc/i_cpu/core_i/id_stage_i/controller_i/csr_access_ex_o_reg
                         LUT5 (Prop_lut5_I1_O)        0.043     5.750 r  i_soc/i_cpu/core_i/id_stage_i/controller_i/clock_en_i_2/O
                         net (fo=1, unplaced)         0.407     6.157    i_soc/i_cpu/core_i/id_stage_i/controller_i/mie_bypass[17]
                         LUT6 (Prop_lut6_I0_O)        0.043     6.200 r  i_soc/i_cpu/core_i/id_stage_i/controller_i/clock_en_i_1/O
                         net (fo=4, unplaced)         0.294     6.494    i_soc/i_cpu/wake_from_sleep
                         LUT3 (Prop_lut3_I2_O)        0.043     6.537 r  i_soc/i_cpu/sleep_unit_i/clock_en/O
                         net (fo=1, unplaced)         0.000     6.537    i_soc/i_cpu/core_i/sleep_unit_i/core_clock_gate_i/cnt_q[1]_i_3_0
                         LDCE                                         r  i_soc/i_cpu/core_i/sleep_unit_i/core_clock_gate_i/clk_en_reg/D
  -------------------------------------------------------------------    -------------------

                         (clock clk_50_mmcm fall edge)
                                                     10.000    10.000 f  
    AD12                                              0.000    10.000 f  sysclk_p (IN)
                         net (fo=0)                   0.000    10.000    sysclk_p
    AD12                 IBUFDS (Prop_ibufds_I_O)     0.803    10.803 f  i_ibufds_sysclk/O
                         net (fo=1, unplaced)         0.439    11.242    clk_200_ibuf
                         MMCME2_ADV (Prop_mmcme2_adv_CLKIN1_CLKOUT0)
                                                      0.073    11.315 f  i_mmcm/CLKOUT0
                         net (fo=1, unplaced)         0.442    11.758    clk_50_mmcm
                         BUFG (Prop_bufg_I_O)         0.083    11.841 f  i_bufg_50/O
                         net (fo=59661, unplaced)     0.439    12.280    i_soc/i_cpu/core_i/sleep_unit_i/core_clock_gate_i/clk_50
                         LDCE                                         r  i_soc/i_cpu/core_i/sleep_unit_i/core_clock_gate_i/clk_en_reg/G  (IS_INVERTED)
                         clock pessimism              0.284    12.564    
                         clock uncertainty           -0.073    12.491    
  -------------------------------------------------------------------
                         required time                         12.491    
                         arrival time                          -6.537    
  -------------------------------------------------------------------
                         slack                                  5.954    





Min Delay Paths
--------------------------------------------------------------------------------------
Slack (VIOLATED) :        -1.008ns  (arrival time - required time)
  Source:                 i_soc/i_uart_1/irq_o_reg/C
                            (rising edge-triggered cell FDCE clocked by clk_50_mmcm  {rise@0.000ns fall@10.000ns period=20.000ns})
  Destination:            i_soc/i_cpu/core_i/id_stage_i/int_controller_i/irq_q_reg[18]/D
                            (rising edge-triggered cell FDCE clocked by clk_50_mmcm  {rise@0.000ns fall@10.000ns period=20.000ns})
  Path Group:             clk_50_mmcm
  Path Type:              Hold (Min at Slow Process Corner)
  Requirement:            0.000ns  (clk_50_mmcm rise@0.000ns - clk_50_mmcm rise@0.000ns)
  Data Path Delay:        0.368ns  (logic 0.178ns (48.370%)  route 0.190ns (51.630%))
  Logic Levels:           0  
  Clock Path Skew:        1.331ns (DCD - SCD - CPR)
    Destination Clock Delay (DCD):    3.895ns
    Source Clock Delay      (SCD):    2.280ns
    Clock Pessimism Removal (CPR):    0.284ns

    Location             Delay type                Incr(ns)  Path(ns)    Netlist Resource(s)
  -------------------------------------------------------------------    -------------------
                         (clock clk_50_mmcm rise edge)
                                                      0.000     0.000 r  
    AD12                                              0.000     0.000 r  sysclk_p (IN)
                         net (fo=0)                   0.000     0.000    sysclk_p
    AD12                 IBUFDS (Prop_ibufds_I_O)     0.803     0.803 r  i_ibufds_sysclk/O
                         net (fo=1, unplaced)         0.439     1.242    clk_200_ibuf
                         MMCME2_ADV (Prop_mmcme2_adv_CLKIN1_CLKOUT0)
                                                      0.073     1.315 r  i_mmcm/CLKOUT0
                         net (fo=1, unplaced)         0.442     1.758    clk_50_mmcm
                         BUFG (Prop_bufg_I_O)         0.083     1.841 r  i_bufg_50/O
                         net (fo=59661, unplaced)     0.439     2.280    i_soc/i_uart_1/clk_50
                         FDCE                                         r  i_soc/i_uart_1/irq_o_reg/C
  -------------------------------------------------------------------    -------------------
                         FDCE (Prop_fdce_C_Q)         0.178     2.458 r  i_soc/i_uart_1/irq_o_reg/Q
                         net (fo=2, unplaced)         0.190     2.648    i_soc/i_cpu/core_i/id_stage_i/int_controller_i/irq_q_reg[18]_0[2]
                         FDCE                                         r  i_soc/i_cpu/core_i/id_stage_i/int_controller_i/irq_q_reg[18]/D
  -------------------------------------------------------------------    -------------------

                         (clock clk_50_mmcm rise edge)
                                                      0.000     0.000 r  
    AD12                                              0.000     0.000 r  sysclk_p (IN)
                         net (fo=0)                   0.000     0.000    sysclk_p
    AD12                 IBUFDS (Prop_ibufds_I_O)     0.906     0.906 r  i_ibufds_sysclk/O
                         net (fo=1, unplaced)         0.584     1.490    clk_200_ibuf
                         MMCME2_ADV (Prop_mmcme2_adv_CLKIN1_CLKOUT0)
                                                      0.077     1.567 r  i_mmcm/CLKOUT0
                         net (fo=1, unplaced)         0.466     2.032    clk_50_mmcm
                         BUFG (Prop_bufg_I_O)         0.093     2.125 r  i_bufg_50/O
                         net (fo=59661, unplaced)     0.584     2.709    i_soc/i_cpu/core_i/sleep_unit_i/core_clock_gate_i/clk_50
                         LUT2 (Prop_lut2_I0_O)        0.043     2.752 r  i_soc/i_cpu/core_i/sleep_unit_i/core_clock_gate_i/cnt_q[1]_i_3/O
                         net (fo=1, unplaced)         0.466     3.218    i_soc_n_56
                         BUFG (Prop_bufg_I_O)         0.093     3.311 r  cnt_q_reg[1]_i_1/O
                         net (fo=2083, unplaced)      0.584     3.895    i_soc/i_cpu/core_i/id_stage_i/int_controller_i/clk
                         FDCE                                         r  i_soc/i_cpu/core_i/id_stage_i/int_controller_i/irq_q_reg[18]/C
                         clock pessimism             -0.284     3.610    
                         FDCE (Hold_fdce_C_D)         0.045     3.655    i_soc/i_cpu/core_i/id_stage_i/int_controller_i/irq_q_reg[18]
  -------------------------------------------------------------------
                         required time                         -3.655    
                         arrival time                           2.648    
  -------------------------------------------------------------------
                         slack                                 -1.008    





Pulse Width Checks
--------------------------------------------------------------------------------------
Clock Name:         clk_50_mmcm
Waveform(ns):       { 0.000 10.000 }
Period(ns):         20.000
Sources:            { i_mmcm/CLKOUT0 }

Check Type        Corner  Lib Pin             Reference Pin  Required(ns)  Actual(ns)  Slack(ns)  Location  Pin
Min Period        n/a     RAMB36E1/CLKARDCLK  n/a            2.095         20.000      17.905               i_soc/i_ai_sram/mem_reg_0_0/CLKARDCLK
Max Period        n/a     MMCME2_ADV/CLKOUT0  n/a            213.360       20.000      193.360              i_mmcm/CLKOUT0
Low Pulse Width   Slow    FDRE/C              n/a            0.350         10.000      9.650                heartbeat_cnt_reg[0]/C
High Pulse Width  Slow    FDRE/C              n/a            0.350         10.000      9.650                heartbeat_cnt_reg[0]/C



---------------------------------------------------------------------------------------------------
From Clock:  clk_fb
  To Clock:  clk_fb

Setup :           NA  Failing Endpoints,  Worst Slack           NA  ,  Total Violation           NA
Hold  :           NA  Failing Endpoints,  Worst Slack           NA  ,  Total Violation           NA
PW    :            0  Failing Endpoints,  Worst Slack        3.929ns,  Total Violation        0.000ns
---------------------------------------------------------------------------------------------------


Pulse Width Checks
--------------------------------------------------------------------------------------
Clock Name:         clk_fb
Waveform(ns):       { 0.000 2.500 }
Period(ns):         5.000
Sources:            { i_mmcm/CLKFBOUT }

Check Type  Corner  Lib Pin              Reference Pin  Required(ns)  Actual(ns)  Slack(ns)  Location  Pin
Min Period  n/a     MMCME2_ADV/CLKFBOUT  n/a            1.071         5.000       3.929                i_mmcm/CLKFBOUT
Max Period  n/a     MMCME2_ADV/CLKFBIN   n/a            100.000       5.000       95.000               i_mmcm/CLKFBIN



---------------------------------------------------------------------------------------------------
Path Group:  **async_default**
From Clock:  clk_50_mmcm
  To Clock:  clk_50_mmcm

Setup :            0  Failing Endpoints,  Worst Slack       18.194ns,  Total Violation        0.000ns
Hold  :            0  Failing Endpoints,  Worst Slack        0.033ns,  Total Violation        0.000ns
---------------------------------------------------------------------------------------------------


Max Delay Paths
--------------------------------------------------------------------------------------
Slack (MET) :             18.194ns  (required time - arrival time)
  Source:                 rst_sync_n_reg/C
                            (rising edge-triggered cell FDCE clocked by clk_50_mmcm  {rise@0.000ns fall@10.000ns period=20.000ns})
  Destination:            i_soc/i_ai_accel/FSM_onehot_mem_state_reg[1]/CLR
                            (recovery check against rising-edge clock clk_50_mmcm  {rise@0.000ns fall@10.000ns period=20.000ns})
  Path Group:             **async_default**
  Path Type:              Recovery (Max at Slow Process Corner)
  Requirement:            20.000ns  (clk_50_mmcm rise@20.000ns - clk_50_mmcm rise@0.000ns)
  Data Path Delay:        1.374ns  (logic 0.346ns (25.182%)  route 1.028ns (74.818%))
  Logic Levels:           1  (LUT1=1)
  Clock Path Skew:        -0.145ns (DCD - SCD + CPR)
    Destination Clock Delay (DCD):    2.280ns = ( 22.280 - 20.000 ) 
    Source Clock Delay      (SCD):    2.709ns
    Clock Pessimism Removal (CPR):    0.284ns
  Clock Uncertainty:      0.073ns  ((TSJ^2 + DJ^2)^1/2) / 2 + PE
    Total System Jitter     (TSJ):    0.071ns
    Discrete Jitter          (DJ):    0.128ns
    Phase Error              (PE):    0.000ns

    Location             Delay type                Incr(ns)  Path(ns)    Netlist Resource(s)
  -------------------------------------------------------------------    -------------------
                         (clock clk_50_mmcm rise edge)
                                                      0.000     0.000 r  
    AD12                                              0.000     0.000 r  sysclk_p (IN)
                         net (fo=0)                   0.000     0.000    sysclk_p
    AD12                 IBUFDS (Prop_ibufds_I_O)     0.906     0.906 r  i_ibufds_sysclk/O
                         net (fo=1, unplaced)         0.584     1.490    clk_200_ibuf
                         MMCME2_ADV (Prop_mmcme2_adv_CLKIN1_CLKOUT0)
                                                      0.077     1.567 r  i_mmcm/CLKOUT0
                         net (fo=1, unplaced)         0.466     2.032    clk_50_mmcm
                         BUFG (Prop_bufg_I_O)         0.093     2.125 r  i_bufg_50/O
                         net (fo=59661, unplaced)     0.584     2.709    clk_50
                         FDCE                                         r  rst_sync_n_reg/C
  -------------------------------------------------------------------    -------------------
                         FDCE (Prop_fdce_C_Q)         0.223     2.932 r  rst_sync_n_reg/Q
                         net (fo=119, unplaced)       0.295     3.227    i_soc/i_cpu/core_i/id_stage_i/register_file_i/led[0]
                         LUT1 (Prop_lut1_I0_O)        0.123     3.350 f  i_soc/i_cpu/core_i/id_stage_i/register_file_i/cnt_q[1]_i_2/O
                         net (fo=4306, unplaced)      0.733     4.083    i_soc/i_ai_accel/mem_rdata_reg[29]_rep__6_0
                         FDCE                                         f  i_soc/i_ai_accel/FSM_onehot_mem_state_reg[1]/CLR
  -------------------------------------------------------------------    -------------------

                         (clock clk_50_mmcm rise edge)
                                                     20.000    20.000 r  
    AD12                                              0.000    20.000 r  sysclk_p (IN)
                         net (fo=0)                   0.000    20.000    sysclk_p
    AD12                 IBUFDS (Prop_ibufds_I_O)     0.803    20.803 r  i_ibufds_sysclk/O
                         net (fo=1, unplaced)         0.439    21.242    clk_200_ibuf
                         MMCME2_ADV (Prop_mmcme2_adv_CLKIN1_CLKOUT0)
                                                      0.073    21.315 r  i_mmcm/CLKOUT0
                         net (fo=1, unplaced)         0.442    21.758    clk_50_mmcm
                         BUFG (Prop_bufg_I_O)         0.083    21.841 r  i_bufg_50/O
                         net (fo=59661, unplaced)     0.439    22.280    i_soc/i_ai_accel/clk_50
                         FDCE                                         r  i_soc/i_ai_accel/FSM_onehot_mem_state_reg[1]/C
                         clock pessimism              0.284    22.564    
                         clock uncertainty           -0.073    22.491    
                         FDCE (Recov_fdce_C_CLR)     -0.214    22.277    i_soc/i_ai_accel/FSM_onehot_mem_state_reg[1]
  -------------------------------------------------------------------
                         required time                         22.277    
                         arrival time                          -4.083    
  -------------------------------------------------------------------
                         slack                                 18.194    





Min Delay Paths
--------------------------------------------------------------------------------------
Slack (MET) :             0.033ns  (arrival time - required time)
  Source:                 rst_sync_n_reg/C
                            (rising edge-triggered cell FDCE clocked by clk_50_mmcm  {rise@0.000ns fall@10.000ns period=20.000ns})
  Destination:            i_soc/i_cpu/core_i/cs_registers_i/dcsr_q_reg[cause][6]/CLR
                            (removal check against rising-edge clock clk_50_mmcm  {rise@0.000ns fall@10.000ns period=20.000ns})
  Path Group:             **async_default**
  Path Type:              Removal (Min at Fast Process Corner)
  Requirement:            0.000ns  (clk_50_mmcm rise@0.000ns - clk_50_mmcm rise@0.000ns)
  Data Path Delay:        0.674ns  (logic 0.164ns (24.340%)  route 0.510ns (75.660%))
  Logic Levels:           1  (LUT1=1)
  Clock Path Skew:        0.712ns (DCD - SCD - CPR)
    Destination Clock Delay (DCD):    1.881ns
    Source Clock Delay      (SCD):    0.923ns
    Clock Pessimism Removal (CPR):    0.245ns

    Location             Delay type                Incr(ns)  Path(ns)    Netlist Resource(s)
  -------------------------------------------------------------------    -------------------
                         (clock clk_50_mmcm rise edge)
                                                      0.000     0.000 r  
    AD12                                              0.000     0.000 r  sysclk_p (IN)
                         net (fo=0)                   0.000     0.000    sysclk_p
    AD12                 IBUFDS (Prop_ibufds_I_O)     0.388     0.388 r  i_ibufds_sysclk/O
                         net (fo=1, unplaced)         0.114     0.502    clk_200_ibuf
                         MMCME2_ADV (Prop_mmcme2_adv_CLKIN1_CLKOUT0)
                                                      0.050     0.552 r  i_mmcm/CLKOUT0
                         net (fo=1, unplaced)         0.231     0.783    clk_50_mmcm
                         BUFG (Prop_bufg_I_O)         0.026     0.809 r  i_bufg_50/O
                         net (fo=59661, unplaced)     0.114     0.923    clk_50
                         FDCE                                         r  rst_sync_n_reg/C
  -------------------------------------------------------------------    -------------------
                         FDCE (Prop_fdce_C_Q)         0.100     1.023 r  rst_sync_n_reg/Q
                         net (fo=119, unplaced)       0.146     1.170    i_soc/i_cpu/core_i/id_stage_i/register_file_i/led[0]
                         LUT1 (Prop_lut1_I0_O)        0.064     1.234 f  i_soc/i_cpu/core_i/id_stage_i/register_file_i/cnt_q[1]_i_2/O
                         net (fo=4306, unplaced)      0.363     1.597    i_soc/i_cpu/core_i/cs_registers_i/dcsr_q_reg[step]_3
                         FDCE                                         f  i_soc/i_cpu/core_i/cs_registers_i/dcsr_q_reg[cause][6]/CLR
  -------------------------------------------------------------------    -------------------

                         (clock clk_50_mmcm rise edge)
                                                      0.000     0.000 r  
    AD12                                              0.000     0.000 r  sysclk_p (IN)
                         net (fo=0)                   0.000     0.000    sysclk_p
    AD12                 IBUFDS (Prop_ibufds_I_O)     0.470     0.470 r  i_ibufds_sysclk/O
                         net (fo=1, unplaced)         0.259     0.729    clk_200_ibuf
                         MMCME2_ADV (Prop_mmcme2_adv_CLKIN1_CLKOUT0)
                                                      0.053     0.782 r  i_mmcm/CLKOUT0
                         net (fo=1, unplaced)         0.243     1.025    clk_50_mmcm
                         BUFG (Prop_bufg_I_O)         0.030     1.055 r  i_bufg_50/O
                         net (fo=59661, unplaced)     0.259     1.314    i_soc/i_cpu/core_i/sleep_unit_i/core_clock_gate_i/clk_50
                         LUT2 (Prop_lut2_I0_O)        0.035     1.349 r  i_soc/i_cpu/core_i/sleep_unit_i/core_clock_gate_i/cnt_q[1]_i_3/O
                         net (fo=1, unplaced)         0.243     1.592    i_soc_n_56
                         BUFG (Prop_bufg_I_O)         0.030     1.622 r  cnt_q_reg[1]_i_1/O
                         net (fo=2083, unplaced)      0.259     1.881    i_soc/i_cpu/core_i/cs_registers_i/clk
                         FDCE                                         r  i_soc/i_cpu/core_i/cs_registers_i/dcsr_q_reg[cause][6]/C
                         clock pessimism             -0.245     1.635    
                         FDCE (Remov_fdce_C_CLR)     -0.071     1.564    i_soc/i_cpu/core_i/cs_registers_i/dcsr_q_reg[cause][6]
  -------------------------------------------------------------------
                         required time                         -1.564    
                         arrival time                           1.597    
  -------------------------------------------------------------------
                         slack                                  0.033    





